Archive member included to satisfy reference by file (symbol)

C:/ST/STM32CubeCLT_1.15.1/GNU-tools-for-STM32/bin/../lib/gcc/arm-none-eabi/12.3.1/../../../../arm-none-eabi/lib/thumb/v7e-m+fp/hard\libc_nano.a(libc_a-exit.o)
                              C:/ST/STM32CubeCLT_1.15.1/GNU-tools-for-STM32/bin/../lib/gcc/arm-none-eabi/12.3.1/../../../../arm-none-eabi/lib/thumb/v7e-m+fp/hard/crt0.o (exit)
C:/ST/STM32CubeCLT_1.15.1/GNU-tools-for-STM32/bin/../lib/gcc/arm-none-eabi/12.3.1/../../../../arm-none-eabi/lib/thumb/v7e-m+fp/hard\libc_nano.a(libc_a-findfp.o)
                              C:/ST/STM32CubeCLT_1.15.1/GNU-tools-for-STM32/bin/../lib/gcc/arm-none-eabi/12.3.1/../../../../arm-none-eabi/lib/thumb/v7e-m+fp/hard\libc_nano.a(libc_a-exit.o) (__stdio_exit_handler)
C:/ST/STM32CubeCLT_1.15.1/GNU-tools-for-STM32/bin/../lib/gcc/arm-none-eabi/12.3.1/../../../../arm-none-eabi/lib/thumb/v7e-m+fp/hard\libc_nano.a(libc_a-fwalk.o)
                              C:/ST/STM32CubeCLT_1.15.1/GNU-tools-for-STM32/bin/../lib/gcc/arm-none-eabi/12.3.1/../../../../arm-none-eabi/lib/thumb/v7e-m+fp/hard\libc_nano.a(libc_a-findfp.o) (_fwalk_sglue)
C:/ST/STM32CubeCLT_1.15.1/GNU-tools-for-STM32/bin/../lib/gcc/arm-none-eabi/12.3.1/../../../../arm-none-eabi/lib/thumb/v7e-m+fp/hard\libc_nano.a(libc_a-stdio.o)
                              C:/ST/STM32CubeCLT_1.15.1/GNU-tools-for-STM32/bin/../lib/gcc/arm-none-eabi/12.3.1/../../../../arm-none-eabi/lib/thumb/v7e-m+fp/hard\libc_nano.a(libc_a-findfp.o) (__sread)
C:/ST/STM32CubeCLT_1.15.1/GNU-tools-for-STM32/bin/../lib/gcc/arm-none-eabi/12.3.1/../../../../arm-none-eabi/lib/thumb/v7e-m+fp/hard\libc_nano.a(libc_a-memset.o)
                              C:/ST/STM32CubeCLT_1.15.1/GNU-tools-for-STM32/bin/../lib/gcc/arm-none-eabi/12.3.1/../../../../arm-none-eabi/lib/thumb/v7e-m+fp/hard/crt0.o (memset)
C:/ST/STM32CubeCLT_1.15.1/GNU-tools-for-STM32/bin/../lib/gcc/arm-none-eabi/12.3.1/../../../../arm-none-eabi/lib/thumb/v7e-m+fp/hard\libc_nano.a(libc_a-closer.o)
                              C:/ST/STM32CubeCLT_1.15.1/GNU-tools-for-STM32/bin/../lib/gcc/arm-none-eabi/12.3.1/../../../../arm-none-eabi/lib/thumb/v7e-m+fp/hard\libc_nano.a(libc_a-stdio.o) (_close_r)
C:/ST/STM32CubeCLT_1.15.1/GNU-tools-for-STM32/bin/../lib/gcc/arm-none-eabi/12.3.1/../../../../arm-none-eabi/lib/thumb/v7e-m+fp/hard\libc_nano.a(libc_a-reent.o)
                              C:/ST/STM32CubeCLT_1.15.1/GNU-tools-for-STM32/bin/../lib/gcc/arm-none-eabi/12.3.1/../../../../arm-none-eabi/lib/thumb/v7e-m+fp/hard\libc_nano.a(libc_a-closer.o) (errno)
C:/ST/STM32CubeCLT_1.15.1/GNU-tools-for-STM32/bin/../lib/gcc/arm-none-eabi/12.3.1/../../../../arm-none-eabi/lib/thumb/v7e-m+fp/hard\libc_nano.a(libc_a-impure.o)
                              C:/ST/STM32CubeCLT_1.15.1/GNU-tools-for-STM32/bin/../lib/gcc/arm-none-eabi/12.3.1/../../../../arm-none-eabi/lib/thumb/v7e-m+fp/hard\libc_nano.a(libc_a-reent.o) (_impure_ptr)
C:/ST/STM32CubeCLT_1.15.1/GNU-tools-for-STM32/bin/../lib/gcc/arm-none-eabi/12.3.1/../../../../arm-none-eabi/lib/thumb/v7e-m+fp/hard\libc_nano.a(libc_a-lseekr.o)
                              C:/ST/STM32CubeCLT_1.15.1/GNU-tools-for-STM32/bin/../lib/gcc/arm-none-eabi/12.3.1/../../../../arm-none-eabi/lib/thumb/v7e-m+fp/hard\libc_nano.a(libc_a-stdio.o) (_lseek_r)
C:/ST/STM32CubeCLT_1.15.1/GNU-tools-for-STM32/bin/../lib/gcc/arm-none-eabi/12.3.1/../../../../arm-none-eabi/lib/thumb/v7e-m+fp/hard\libc_nano.a(libc_a-readr.o)
                              C:/ST/STM32CubeCLT_1.15.1/GNU-tools-for-STM32/bin/../lib/gcc/arm-none-eabi/12.3.1/../../../../arm-none-eabi/lib/thumb/v7e-m+fp/hard\libc_nano.a(libc_a-stdio.o) (_read_r)
C:/ST/STM32CubeCLT_1.15.1/GNU-tools-for-STM32/bin/../lib/gcc/arm-none-eabi/12.3.1/../../../../arm-none-eabi/lib/thumb/v7e-m+fp/hard\libc_nano.a(libc_a-writer.o)
                              C:/ST/STM32CubeCLT_1.15.1/GNU-tools-for-STM32/bin/../lib/gcc/arm-none-eabi/12.3.1/../../../../arm-none-eabi/lib/thumb/v7e-m+fp/hard\libc_nano.a(libc_a-stdio.o) (_write_r)
C:/ST/STM32CubeCLT_1.15.1/GNU-tools-for-STM32/bin/../lib/gcc/arm-none-eabi/12.3.1/../../../../arm-none-eabi/lib/thumb/v7e-m+fp/hard\libc_nano.a(libc_a-init.o)
                              C:/ST/STM32CubeCLT_1.15.1/GNU-tools-for-STM32/bin/../lib/gcc/arm-none-eabi/12.3.1/../../../../arm-none-eabi/lib/thumb/v7e-m+fp/hard/crt0.o (__libc_init_array)
C:/ST/STM32CubeCLT_1.15.1/GNU-tools-for-STM32/bin/../lib/gcc/arm-none-eabi/12.3.1/../../../../arm-none-eabi/lib/thumb/v7e-m+fp/hard\libc_nano.a(libc_a-lock.o)
                              C:/ST/STM32CubeCLT_1.15.1/GNU-tools-for-STM32/bin/../lib/gcc/arm-none-eabi/12.3.1/../../../../arm-none-eabi/lib/thumb/v7e-m+fp/hard\libc_nano.a(libc_a-findfp.o) (__retarget_lock_init_recursive)
C:/ST/STM32CubeCLT_1.15.1/GNU-tools-for-STM32/bin/../lib/gcc/arm-none-eabi/12.3.1/../../../../arm-none-eabi/lib/thumb/v7e-m+fp/hard\libc_nano.a(libc_a-freer.o)
[...]
Memory Configuration

Name             Origin             Length             Attributes
RAM              0x20000000         0x00003000         xrw
CCMRAM           0x10000000         0x00001000         xrw
FLASH            0x08000000         0x00010000         xr
*default*        0x00000000         0xffffffff

Linker script and memory map

LOAD C:/ST/STM32CubeCLT_1.15.1/GNU-tools-for-STM32/bin/../lib/gcc/arm-none-eabi/12.3.1/thumb/v7e-m+fp/hard/crti.o
LOAD C:/ST/STM32CubeCLT_1.15.1/GNU-tools-for-STM32/bin/../lib/gcc/arm-none-eabi/12.3.1/thumb/v7e-m+fp/hard/crtbegin.o
LOAD C:/ST/STM32CubeCLT_1.15.1/GNU-tools-for-STM32/bin/../lib/gcc/arm-none-eabi/12.3.1/../../../../arm-none-eabi/lib/thumb/v7e-m+fp/hard/crt0.o
START GROUP
LOAD C:/ST/STM32CubeCLT_1.15.1/GNU-tools-for-STM32/bin/../lib/gcc/arm-none-eabi/12.3.1/../../../../arm-none-eabi/lib/thumb/v7e-m+fp/hard\libc_nano.a
LOAD C:/ST/STM32CubeCLT_1.15.1/GNU-tools-for-STM32/bin/../lib/gcc/arm-none-eabi/12.3.1/../../../../arm-none-eabi/lib/thumb/v7e-m+fp/hard\libm.a
END GROUP
LOAD CMakeFiles/2024robocon_robot2.dir/Core/Src/main.c.obj
LOAD CMakeFiles/2024robocon_robot2.dir/Core/Src/stm32f3xx_it.c.obj
LOAD CMakeFiles/2024robocon_robot2.dir/Core/Src/stm32f3xx_hal_msp.c.obj
LOAD CMakeFiles/2024robocon_robot2.dir/Drivers/STM32F3xx_HAL_Driver/Src/stm32f3xx_hal_tim.c.obj
LOAD CMakeFiles/2024robocon_robot2.dir/Drivers/STM32F3xx_HAL_Driver/Src/stm32f3xx_hal_tim_ex.c.obj
LOAD CMakeFiles/2024robocon_robot2.dir/Drivers/STM32F3xx_HAL_Driver/Src/stm32f3xx_hal.c.obj
LOAD CMakeFiles/2024robocon_robot2.dir/Drivers/STM32F3xx_HAL_Driver/Src/stm32f3xx_hal_rcc.c.obj
LOAD CMakeFiles/2024robocon_robot2.dir/Drivers/STM32F3xx_HAL_Driver/Src/stm32f3xx_hal_rcc_ex.c.obj
LOAD CMakeFiles/2024robocon_robot2.dir/Drivers/STM32F3xx_HAL_Driver/Src/stm32f3xx_hal_gpio.c.obj
LOAD CMakeFiles/2024robocon_robot2.dir/Drivers/STM32F3xx_HAL_Driver/Src/stm32f3xx_hal_dma.c.obj
LOAD CMakeFiles/2024robocon_robot2.dir/Drivers/STM32F3xx_HAL_Driver/Src/stm32f3xx_hal_cortex.c.obj
LOAD CMakeFiles/2024robocon_robot2.dir/Drivers/STM32F3xx_HAL_Driver/Src/stm32f3xx_hal_pwr.c.obj
LOAD CMakeFiles/2024robocon_robot2.dir/Drivers/STM32F3xx_HAL_Driver/Src/stm32f3xx_hal_pwr_ex.c.obj
LOAD CMakeFiles/2024robocon_robot2.dir/Drivers/STM32F3xx_HAL_Driver/Src/stm32f3xx_hal_flash.c.obj
LOAD CMakeFiles/2024robocon_robot2.dir/Drivers/STM32F3xx_HAL_Driver/Src/stm32f3xx_hal_flash_ex.c.obj
LOAD CMakeFiles/2024robocon_robot2.dir/Drivers/STM32F3xx_HAL_Driver/Src/stm32f3xx_hal_i2c.c.obj
LOAD CMakeFiles/2024robocon_robot2.dir/Drivers/STM32F3xx_HAL_Driver/Src/stm32f3xx_hal_i2c_ex.c.obj
LOAD CMakeFiles/2024robocon_robot2.dir/Drivers/STM32F3xx_HAL_Driver/Src/stm32f3xx_hal_exti.c.obj
LOAD CMakeFiles/2024robocon_robot2.dir/Drivers/STM32F3xx_HAL_Driver/Src/stm32f3xx_hal_uart.c.obj
LOAD CMakeFiles/2024robocon_robot2.dir/Drivers/STM32F3xx_HAL_Driver/Src/stm32f3xx_hal_uart_ex.c.obj
LOAD CMakeFiles/2024robocon_robot2.dir/Core/Src/system_stm32f3xx.c.obj
LOAD CMakeFiles/2024robocon_robot2.dir/Core/Src/sysmem.c.obj
LOAD CMakeFiles/2024robocon_robot2.dir/Core/Src/syscalls.c.obj
LOAD CMakeFiles/2024robocon_robot2.dir/startup_stm32f303x8.s.obj
START GROUP
LOAD C:/ST/STM32CubeCLT_1.15.1/GNU-tools-for-STM32/bin/../lib/gcc/arm-none-eabi/12.3.1/thumb/v7e-m+fp/hard\libgcc.a
LOAD C:/ST/STM32CubeCLT_1.15.1/GNU-tools-for-STM32/bin/../lib/gcc/arm-none-eabi/12.3.1/../../../../arm-none-eabi/lib/thumb/v7e-m+fp/hard\libg_nano.a
LOAD C:/ST/STM32CubeCLT_1.15.1/GNU-tools-for-STM32/bin/../lib/gcc/arm-none-eabi/12.3.1/../../../../arm-none-eabi/lib/thumb/v7e-m+fp/hard\libc_nano.a
END GROUP
START GROUP
LOAD C:/ST/STM32CubeCLT_1.15.1/GNU-tools-for-STM32/bin/../lib/gcc/arm-none-eabi/12.3.1/thumb/v7e-m+fp/hard\libgcc.a
LOAD C:/ST/STM32CubeCLT_1.15.1/GNU-tools-for-STM32/bin/../lib/gcc/arm-none-eabi/12.3.1/../../../../arm-none-eabi/lib/thumb/v7e-m+fp/hard\libc_nano.a
END GROUP
LOAD C:/ST/STM32CubeCLT_1.15.1/GNU-tools-for-STM32/bin/../lib/gcc/arm-none-eabi/12.3.1/thumb/v7e-m+fp/hard/crtend.o
LOAD C:/ST/STM32CubeCLT_1.15.1/GNU-tools-for-STM32/bin/../lib/gcc/arm-none-eabi/12.3.1/thumb/v7e-m+fp/hard/crtn.o
                0x20003000                        _estack = (ORIGIN (RAM) + LENGTH (RAM))
                0x00000200                        _Min_Heap_Size = 0x200
                0x00000400                        _Min_Stack_Size = 0x400

.isr_vector     0x08000000      0x188
                0x08000000                        . = ALIGN (0x4)
 *(.isr_vector)
 .isr_vector    0x08000000      0x188 CMakeFiles/2024robocon_robot2.dir/startup_stm32f303x8.s.obj
                0x08000000                g_pfnVectors
                0x08000188                        . = ALIGN (0x4)

.text           0x08000188     0x4e88
                0x08000188                        . = ALIGN (0x4)
 *(.text)
 .text          0x08000188       0x40 C:/ST/STM32CubeCLT_1.15.1/GNU-tools-for-STM32/bin/../lib/gcc/arm-none-eabi/12.3.1/thumb/v7e-m+fp/hard/crtbegin.o
 *(.text*)
 .text.memset   0x080001c8       0x10 C:/ST/STM32CubeCLT_1.15.1/GNU-tools-for-STM32/bin/../lib/gcc/arm-none-eabi/12.3.1/../../../../arm-none-eabi/lib/thumb/v7e-m+fp/hard\libc_nano.a(libc_a-memset.o)
                0x080001c8                memset
 .text.__libc_init_array
                0x080001d8       0x48 C:/ST/STM32CubeCLT_1.15.1/GNU-tools-for-STM32/bin/../lib/gcc/arm-none-eabi/12.3.1/../../../../arm-none-eabi/lib/thumb/v7e-m+fp/hard\libc_nano.a(libc_a-init.o)
                0x080001d8                __libc_init_array
 .text.HAL_UART_RxCpltCallback
                0x08000220       0x70 CMakeFiles/2024robocon_robot2.dir/Core/Src/main.c.obj
                0x08000220                HAL_UART_RxCpltCallback
 .text.main     0x08000290       0x98 CMakeFiles/2024robocon_robot2.dir/Core/Src/main.c.obj
                0x08000290                main
 .text.SystemClock_Config
                0x08000328       0xaa CMakeFiles/2024robocon_robot2.dir/Core/Src/main.c.obj
                0x08000328                SystemClock_Config
 *fill*         0x080003d2        0x2 
 .text.MX_TIM1_Init
                0x080003d4       0xb4 CMakeFiles/2024robocon_robot2.dir/Core/Src/main.c.obj
 .text.MX_TIM3_Init
                0x08000488       0xf8 CMakeFiles/2024robocon_robot2.dir/Core/Src/main.c.obj
 .text.MX_TIM6_Init
                0x08000580       0x6c CMakeFiles/2024robocon_robot2.dir/Core/Src/main.c.obj
 .text.MX_TIM17_Init
                0x080005ec       0xf4 CMakeFiles/2024robocon_robot2.dir/Core/Src/main.c.obj
 .text.MX_USART1_UART_Init
                0x080006e0       0x60 CMakeFiles/2024robocon_robot2.dir/Core/Src/main.c.obj
 .text.MX_USART2_UART_Init
                0x08000740       0x60 CMakeFiles/2024robocon_robot2.dir/Core/Src/main.c.obj
 .text.MX_GPIO_Init
                0x080007a0       0x94 CMakeFiles/2024robocon_robot2.dir/Core/Src/main.c.obj
 .text.Error_Handler
                0x08000834        0xc CMakeFiles/2024robocon_robot2.dir/Core/Src/main.c.obj
                0x08000834                Error_Handler
 .text.NMI_Handler
                0x08000840        0x8 CMakeFiles/2024robocon_robot2.dir/Core/Src/stm32f3xx_it.c.obj
                0x08000840                NMI_Handler
 .text.HardFault_Handler
                0x08000848        0x8 CMakeFiles/2024robocon_robot2.dir/Core/Src/stm32f3xx_it.c.obj
                0x08000848                HardFault_Handler
 .text.MemManage_Handler
                0x08000850        0x8 CMakeFiles/2024robocon_robot2.dir/Core/Src/stm32f3xx_it.c.obj
                0x08000850                MemManage_Handler
 .text.BusFault_Handler
                0x08000858        0x8 CMakeFiles/2024robocon_robot2.dir/Core/Src/stm32f3xx_it.c.obj
                0x08000858                BusFault_Handler
 .text.UsageFault_Handler
                0x08000860        0x8 CMakeFiles/2024robocon_robot2.dir/Core/Src/stm32f3xx_it.c.obj
                0x08000860                UsageFault_Handler
 .text.SVC_Handler
                0x08000868        0xe CMakeFiles/2024robocon_robot2.dir/Core/Src/stm32f3xx_it.c.obj
                0x08000868                SVC_Handler
 .text.DebugMon_Handler
                0x08000876        0xe CMakeFiles/2024robocon_robot2.dir/Core/Src/stm32f3xx_it.c.obj
                0x08000876                DebugMon_Handler
 .text.PendSV_Handler
                0x08000884        0xe CMakeFiles/2024robocon_robot2.dir/Core/Src/stm32f3xx_it.c.obj
                0x08000884                PendSV_Handler
 .text.SysTick_Handler
                0x08000892        0xc CMakeFiles/2024robocon_robot2.dir/Core/Src/stm32f3xx_it.c.obj
                0x08000892                SysTick_Handler
 *fill*         0x0800089e        0x2 
 .text.USART1_IRQHandler
                0x080008a0       0x14 CMakeFiles/2024robocon_robot2.dir/Core/Src/stm32f3xx_it.c.obj
                0x080008a0                USART1_IRQHandler
 .text.TIM6_DAC1_IRQHandler
                0x080008b4       0x14 CMakeFiles/2024robocon_robot2.dir/Core/Src/stm32f3xx_it.c.obj
                0x080008b4                TIM6_DAC1_IRQHandler
 .text.HAL_MspInit
                0x080008c8       0x48 CMakeFiles/2024robocon_robot2.dir/Core/Src/stm32f3xx_hal_msp.c.obj
                0x080008c8                HAL_MspInit
 .text.HAL_TIM_Encoder_MspInit
                0x08000910       0x88 CMakeFiles/2024robocon_robot2.dir/Core/Src/stm32f3xx_hal_msp.c.obj
                0x08000910                HAL_TIM_Encoder_MspInit
 .text.HAL_TIM_PWM_MspInit
                0x08000998       0x40 CMakeFiles/2024robocon_robot2.dir/Core/Src/stm32f3xx_hal_msp.c.obj
                0x08000998                HAL_TIM_PWM_MspInit
 .text.HAL_TIM_Base_MspInit
                0x080009d8       0x74 CMakeFiles/2024robocon_robot2.dir/Core/Src/stm32f3xx_hal_msp.c.obj
                0x080009d8                HAL_TIM_Base_MspInit
 .text.HAL_TIM_MspPostInit
                0x08000a4c       0xf4 CMakeFiles/2024robocon_robot2.dir/Core/Src/stm32f3xx_hal_msp.c.obj
                0x08000a4c                HAL_TIM_MspPostInit
 .text.HAL_UART_MspInit
                0x08000b40      0x138 CMakeFiles/2024robocon_robot2.dir/Core/Src/stm32f3xx_hal_msp.c.obj
                0x08000b40                HAL_UART_MspInit
 .text.HAL_TIM_Base_Init
                0x08000c78       0xae CMakeFiles/2024robocon_robot2.dir/Drivers/STM32F3xx_HAL_Driver/Src/stm32f3xx_hal_tim.c.obj
                0x08000c78                HAL_TIM_Base_Init
 .text.HAL_TIM_PWM_Init
                0x08000d26       0xae CMakeFiles/2024robocon_robot2.dir/Drivers/STM32F3xx_HAL_Driver/Src/stm32f3xx_hal_tim.c.obj
                0x08000d26                HAL_TIM_PWM_Init
 .text.HAL_TIM_Encoder_Init
                0x08000dd4      0x14c CMakeFiles/2024robocon_robot2.dir/Drivers/STM32F3xx_HAL_Driver/Src/stm32f3xx_hal_tim.c.obj
                0x08000dd4                HAL_TIM_Encoder_Init
 .text.HAL_TIM_IRQHandler
                0x08000f20      0x23e CMakeFiles/2024robocon_robot2.dir/Drivers/STM32F3xx_HAL_Driver/Src/stm32f3xx_hal_tim.c.obj
                0x08000f20                HAL_TIM_IRQHandler
 *fill*         0x0800115e        0x2 
 .text.HAL_TIM_PWM_ConfigChannel
                0x08001160      0x228 CMakeFiles/2024robocon_robot2.dir/Drivers/STM32F3xx_HAL_Driver/Src/stm32f3xx_hal_tim.c.obj
                0x08001160                HAL_TIM_PWM_ConfigChannel
 .text.HAL_TIM_PeriodElapsedCallback
                0x08001388       0x14 CMakeFiles/2024robocon_robot2.dir/Drivers/STM32F3xx_HAL_Driver/Src/stm32f3xx_hal_tim.c.obj
                0x08001388                HAL_TIM_PeriodElapsedCallback
 .text.HAL_TIM_OC_DelayElapsedCallback
                0x0800139c       0x14 CMakeFiles/2024robocon_robot2.dir/Drivers/STM32F3xx_HAL_Driver/Src/stm32f3xx_hal_tim.c.obj
                0x0800139c                HAL_TIM_OC_DelayElapsedCallback
 .text.HAL_TIM_IC_CaptureCallback
                0x080013b0       0x14 CMakeFiles/2024robocon_robot2.dir/Drivers/STM32F3xx_HAL_Driver/Src/stm32f3xx_hal_tim.c.obj
                0x080013b0                HAL_TIM_IC_CaptureCallback
 .text.HAL_TIM_PWM_PulseFinishedCallback
                0x080013c4       0x14 CMakeFiles/2024robocon_robot2.dir/Drivers/STM32F3xx_HAL_Driver/Src/stm32f3xx_hal_tim.c.obj
                0x080013c4                HAL_TIM_PWM_PulseFinishedCallback
 .text.HAL_TIM_TriggerCallback
                0x080013d8       0x14 CMakeFiles/2024robocon_robot2.dir/Drivers/STM32F3xx_HAL_Driver/Src/stm32f3xx_hal_tim.c.obj
                0x080013d8                HAL_TIM_TriggerCallback
 .text.TIM_Base_SetConfig
                0x080013ec       0xf0 CMakeFiles/2024robocon_robot2.dir/Drivers/STM32F3xx_HAL_Driver/Src/stm32f3xx_hal_tim.c.obj
                0x080013ec                TIM_Base_SetConfig
 .text.TIM_OC1_SetConfig
                0x080014dc      0x10c CMakeFiles/2024robocon_robot2.dir/Drivers/STM32F3xx_HAL_Driver/Src/stm32f3xx_hal_tim.c.obj
 .text.TIM_OC2_SetConfig
                0x080015e8      0x100 CMakeFiles/2024robocon_robot2.dir/Drivers/STM32F3xx_HAL_Driver/Src/stm32f3xx_hal_tim.c.obj
                0x080015e8                TIM_OC2_SetConfig
 .text.TIM_OC3_SetConfig
                0x080016e8       0xfc CMakeFiles/2024robocon_robot2.dir/Drivers/STM32F3xx_HAL_Driver/Src/stm32f3xx_hal_tim.c.obj
 .text.TIM_OC4_SetConfig
                0x080017e4       0xc8 CMakeFiles/2024robocon_robot2.dir/Drivers/STM32F3xx_HAL_Driver/Src/stm32f3xx_hal_tim.c.obj
 .text.TIM_OC5_SetConfig
                0x080018ac       0xbc CMakeFiles/2024robocon_robot2.dir/Drivers/STM32F3xx_HAL_Driver/Src/stm32f3xx_hal_tim.c.obj
 .text.TIM_OC6_SetConfig
                0x08001968       0xc0 CMakeFiles/2024robocon_robot2.dir/Drivers/STM32F3xx_HAL_Driver/Src/stm32f3xx_hal_tim.c.obj
 .text.HAL_TIMEx_MasterConfigSynchronization
                0x08001a28       0xdc CMakeFiles/2024robocon_robot2.dir/Drivers/STM32F3xx_HAL_Driver/Src/stm32f3xx_hal_tim_ex.c.obj
                0x08001a28                HAL_TIMEx_MasterConfigSynchronization
 .text.HAL_TIMEx_ConfigBreakDeadTime
                0x08001b04       0xf0 CMakeFiles/2024robocon_robot2.dir/Drivers/STM32F3xx_HAL_Driver/Src/stm32f3xx_hal_tim_ex.c.obj
                0x08001b04                HAL_TIMEx_ConfigBreakDeadTime
 .text.HAL_TIMEx_CommutCallback
                0x08001bf4       0x14 CMakeFiles/2024robocon_robot2.dir/Drivers/STM32F3xx_HAL_Driver/Src/stm32f3xx_hal_tim_ex.c.obj
                0x08001bf4                HAL_TIMEx_CommutCallback
 .text.HAL_TIMEx_BreakCallback
                0x08001c08       0x14 CMakeFiles/2024robocon_robot2.dir/Drivers/STM32F3xx_HAL_Driver/Src/stm32f3xx_hal_tim_ex.c.obj
                0x08001c08                HAL_TIMEx_BreakCallback
 .text.HAL_TIMEx_Break2Callback
                0x08001c1c       0x14 CMakeFiles/2024robocon_robot2.dir/Drivers/STM32F3xx_HAL_Driver/Src/stm32f3xx_hal_tim_ex.c.obj
                0x08001c1c                HAL_TIMEx_Break2Callback
 .text.HAL_Init
                0x08001c30       0x2c CMakeFiles/2024robocon_robot2.dir/Drivers/STM32F3xx_HAL_Driver/Src/stm32f3xx_hal.c.obj
                0x08001c30                HAL_Init
 .text.HAL_InitTick
                0x08001c5c       0x60 CMakeFiles/2024robocon_robot2.dir/Drivers/STM32F3xx_HAL_Driver/Src/stm32f3xx_hal.c.obj
                0x08001c5c                HAL_InitTick
 .text.HAL_IncTick
                0x08001cbc       0x28 CMakeFiles/2024robocon_robot2.dir/Drivers/STM32F3xx_HAL_Driver/Src/stm32f3xx_hal.c.obj
                0x08001cbc                HAL_IncTick
 .text.HAL_GetTick
                0x08001ce4       0x18 CMakeFiles/2024robocon_robot2.dir/Drivers/STM32F3xx_HAL_Driver/Src/stm32f3xx_hal.c.obj
                0x08001ce4                HAL_GetTick
 .text.HAL_RCC_OscConfig
                0x08001cfc     0x107c CMakeFiles/2024robocon_robot2.dir/Drivers/STM32F3xx_HAL_Driver/Src/stm32f3xx_hal_rcc.c.obj
                0x08001cfc                HAL_RCC_OscConfig
 .text.HAL_RCC_ClockConfig
                0x08002d78      0x2f8 CMakeFiles/2024robocon_robot2.dir/Drivers/STM32F3xx_HAL_Driver/Src/stm32f3xx_hal_rcc.c.obj
                0x08002d78                HAL_RCC_ClockConfig
 .text.HAL_RCC_GetSysClockFreq
                0x08003070       0xd4 CMakeFiles/2024robocon_robot2.dir/Drivers/STM32F3xx_HAL_Driver/Src/stm32f3xx_hal_rcc.c.obj
                0x08003070                HAL_RCC_GetSysClockFreq
 .text.HAL_RCC_GetHCLKFreq
                0x08003144       0x18 CMakeFiles/2024robocon_robot2.dir/Drivers/STM32F3xx_HAL_Driver/Src/stm32f3xx_hal_rcc.c.obj
                0x08003144                HAL_RCC_GetHCLKFreq
 .text.HAL_RCC_GetPCLK1Freq
                0x0800315c       0x44 CMakeFiles/2024robocon_robot2.dir/Drivers/STM32F3xx_HAL_Driver/Src/stm32f3xx_hal_rcc.c.obj
                0x0800315c                HAL_RCC_GetPCLK1Freq
 .text.HAL_RCC_GetPCLK2Freq
                0x080031a0       0x44 CMakeFiles/2024robocon_robot2.dir/Drivers/STM32F3xx_HAL_Driver/Src/stm32f3xx_hal_rcc.c.obj
                0x080031a0                HAL_RCC_GetPCLK2Freq
 .text.HAL_RCCEx_PeriphCLKConfig
                0x080031e4      0x24c CMakeFiles/2024robocon_robot2.dir/Drivers/STM32F3xx_HAL_Driver/Src/stm32f3xx_hal_rcc_ex.c.obj
                0x080031e4                HAL_RCCEx_PeriphCLKConfig
 .text.HAL_GPIO_Init
                0x08003430      0x2e4 CMakeFiles/2024robocon_robot2.dir/Drivers/STM32F3xx_HAL_Driver/Src/stm32f3xx_hal_gpio.c.obj
                0x08003430                HAL_GPIO_Init
 .text.HAL_GPIO_WritePin
                0x08003714       0x30 CMakeFiles/2024robocon_robot2.dir/Drivers/STM32F3xx_HAL_Driver/Src/stm32f3xx_hal_gpio.c.obj
                0x08003714                HAL_GPIO_WritePin
 .text.HAL_DMA_Abort
                0x08003744       0x72 CMakeFiles/2024robocon_robot2.dir/Drivers/STM32F3xx_HAL_Driver/Src/stm32f3xx_hal_dma.c.obj
                0x08003744                HAL_DMA_Abort
 .text.HAL_DMA_Abort_IT
                0x080037b6       0x7c CMakeFiles/2024robocon_robot2.dir/Drivers/STM32F3xx_HAL_Driver/Src/stm32f3xx_hal_dma.c.obj
                0x080037b6                HAL_DMA_Abort_IT
 *fill*         0x08003832        0x2 
 .text.__NVIC_SetPriorityGrouping
                0x08003834       0x48 CMakeFiles/2024robocon_robot2.dir/Drivers/STM32F3xx_HAL_Driver/Src/stm32f3xx_hal_cortex.c.obj
 .text.__NVIC_GetPriorityGrouping
                0x0800387c       0x1c CMakeFiles/2024robocon_robot2.dir/Drivers/STM32F3xx_HAL_Driver/Src/stm32f3xx_hal_cortex.c.obj
 .text.__NVIC_EnableIRQ
                0x08003898       0x3c CMakeFiles/2024robocon_robot2.dir/Drivers/STM32F3xx_HAL_Driver/Src/stm32f3xx_hal_cortex.c.obj
 .text.__NVIC_SetPriority
                0x080038d4       0x54 CMakeFiles/2024robocon_robot2.dir/Drivers/STM32F3xx_HAL_Driver/Src/stm32f3xx_hal_cortex.c.obj
 .text.NVIC_EncodePriority
                0x08003928       0x66 CMakeFiles/2024robocon_robot2.dir/Drivers/STM32F3xx_HAL_Driver/Src/stm32f3xx_hal_cortex.c.obj
 *fill*         0x0800398e        0x2 
 .text.SysTick_Config
                0x08003990       0x44 CMakeFiles/2024robocon_robot2.dir/Drivers/STM32F3xx_HAL_Driver/Src/stm32f3xx_hal_cortex.c.obj
 .text.HAL_NVIC_SetPriorityGrouping
                0x080039d4       0x16 CMakeFiles/2024robocon_robot2.dir/Drivers/STM32F3xx_HAL_Driver/Src/stm32f3xx_hal_cortex.c.obj
                0x080039d4                HAL_NVIC_SetPriorityGrouping
 .text.HAL_NVIC_SetPriority
                0x080039ea       0x38 CMakeFiles/2024robocon_robot2.dir/Drivers/STM32F3xx_HAL_Driver/Src/stm32f3xx_hal_cortex.c.obj
                0x080039ea                HAL_NVIC_SetPriority
 .text.HAL_NVIC_EnableIRQ
                0x08003a22       0x1c CMakeFiles/2024robocon_robot2.dir/Drivers/STM32F3xx_HAL_Driver/Src/stm32f3xx_hal_cortex.c.obj
                0x08003a22                HAL_NVIC_EnableIRQ
 .text.HAL_SYSTICK_Config
                0x08003a3e       0x18 CMakeFiles/2024robocon_robot2.dir/Drivers/STM32F3xx_HAL_Driver/Src/stm32f3xx_hal_cortex.c.obj
                0x08003a3e                HAL_SYSTICK_Config
 .text.HAL_UART_Init
                0x08003a56       0x9c CMakeFiles/2024robocon_robot2.dir/Drivers/STM32F3xx_HAL_Driver/Src/stm32f3xx_hal_uart.c.obj
                0x08003a56                HAL_UART_Init
 .text.HAL_UART_Receive_IT
                0x08003af2       0x88 CMakeFiles/2024robocon_robot2.dir/Drivers/STM32F3xx_HAL_Driver/Src/stm32f3xx_hal_uart.c.obj
                0x08003af2                HAL_UART_Receive_IT
 *fill*         0x08003b7a        0x2 
 .text.HAL_UART_AbortReceive_IT
                0x08003b7c      0x190 CMakeFiles/2024robocon_robot2.dir/Drivers/STM32F3xx_HAL_Driver/Src/stm32f3xx_hal_uart.c.obj
                0x08003b7c                HAL_UART_AbortReceive_IT
 .text.HAL_UART_IRQHandler
                0x08003d0c      0x5cc CMakeFiles/2024robocon_robot2.dir/Drivers/STM32F3xx_HAL_Driver/Src/stm32f3xx_hal_uart.c.obj
                0x08003d0c                HAL_UART_IRQHandler
 .text.HAL_UART_TxCpltCallback
                0x080042d8       0x14 CMakeFiles/2024robocon_robot2.dir/Drivers/STM32F3xx_HAL_Driver/Src/stm32f3xx_hal_uart.c.obj
                0x080042d8                HAL_UART_TxCpltCallback
 .text.HAL_UART_ErrorCallback
                0x080042ec       0x14 CMakeFiles/2024robocon_robot2.dir/Drivers/STM32F3xx_HAL_Driver/Src/stm32f3xx_hal_uart.c.obj
                0x080042ec                HAL_UART_ErrorCallback
 .text.HAL_UART_AbortReceiveCpltCallback
                0x08004300       0x14 CMakeFiles/2024robocon_robot2.dir/Drivers/STM32F3xx_HAL_Driver/Src/stm32f3xx_hal_uart.c.obj
                0x08004300                HAL_UART_AbortReceiveCpltCallback
 .text.HAL_UARTEx_RxEventCallback
                0x08004314       0x18 CMakeFiles/2024robocon_robot2.dir/Drivers/STM32F3xx_HAL_Driver/Src/stm32f3xx_hal_uart.c.obj
                0x08004314                HAL_UARTEx_RxEventCallback
 .text.UART_SetConfig
                0x0800432c      0x26c CMakeFiles/2024robocon_robot2.dir/Drivers/STM32F3xx_HAL_Driver/Src/stm32f3xx_hal_uart.c.obj
                0x0800432c                UART_SetConfig
 .text.UART_AdvFeatureConfig
                0x08004598      0x144 CMakeFiles/2024robocon_robot2.dir/Drivers/STM32F3xx_HAL_Driver/Src/stm32f3xx_hal_uart.c.obj
                0x08004598                UART_AdvFeatureConfig
 .text.UART_CheckIdleState
                0x080046dc      0x150 CMakeFiles/2024robocon_robot2.dir/Drivers/STM32F3xx_HAL_Driver/Src/stm32f3xx_hal_uart.c.obj
                0x080046dc                UART_CheckIdleState
 .text.UART_WaitOnFlagUntilTimeout
                0x0800482c       0xce CMakeFiles/2024robocon_robot2.dir/Drivers/STM32F3xx_HAL_Driver/Src/stm32f3xx_hal_uart.c.obj
                0x0800482c                UART_WaitOnFlagUntilTimeout
 *fill*         0x080048fa        0x2 
 .text.UART_Start_Receive_IT
                0x080048fc      0x18c CMakeFiles/2024robocon_robot2.dir/Drivers/STM32F3xx_HAL_Driver/Src/stm32f3xx_hal_uart.c.obj
                0x080048fc                UART_Start_Receive_IT
 .text.UART_EndRxTransfer
                0x08004a88       0xc8 CMakeFiles/2024robocon_robot2.dir/Drivers/STM32F3xx_HAL_Driver/Src/stm32f3xx_hal_uart.c.obj
 .text.UART_DMAAbortOnError
                0x08004b50       0x2c CMakeFiles/2024robocon_robot2.dir/Drivers/STM32F3xx_HAL_Driver/Src/stm32f3xx_hal_uart.c.obj
 .text.UART_DMARxOnlyAbortCallback
                0x08004b7c       0x4a CMakeFiles/2024robocon_robot2.dir/Drivers/STM32F3xx_HAL_Driver/Src/stm32f3xx_hal_uart.c.obj
 .text.UART_EndTransmit_IT
                0x08004bc6       0x54 CMakeFiles/2024robocon_robot2.dir/Drivers/STM32F3xx_HAL_Driver/Src/stm32f3xx_hal_uart.c.obj
 .text.UART_RxISR_8BIT
                0x08004c1a      0x1a8 CMakeFiles/2024robocon_robot2.dir/Drivers/STM32F3xx_HAL_Driver/Src/stm32f3xx_hal_uart.c.obj
 .text.UART_RxISR_16BIT
                0x08004dc2      0x1a8 CMakeFiles/2024robocon_robot2.dir/Drivers/STM32F3xx_HAL_Driver/Src/stm32f3xx_hal_uart.c.obj
 .text.HAL_UARTEx_WakeupCallback
                0x08004f6a       0x14 CMakeFiles/2024robocon_robot2.dir/Drivers/STM32F3xx_HAL_Driver/Src/stm32f3xx_hal_uart_ex.c.obj
                0x08004f6a                HAL_UARTEx_WakeupCallback
 *fill*         0x08004f7e        0x2 
 .text.SystemInit
                0x08004f80       0x24 CMakeFiles/2024robocon_robot2.dir/Core/Src/system_stm32f3xx.c.obj
                0x08004f80                SystemInit
 .text.Reset_Handler
                0x08004fa4       0x50 CMakeFiles/2024robocon_robot2.dir/startup_stm32f303x8.s.obj
                0x08004fa4                Reset_Handler
 .text.Default_Handler
                0x08004ff4        0x2 CMakeFiles/2024robocon_robot2.dir/startup_stm32f303x8.s.obj
                0x08004ff4                RTC_Alarm_IRQHandler
                0x08004ff4                TIM1_CC_IRQHandler
                0x08004ff4                PVD_IRQHandler
                0x08004ff4                TAMP_STAMP_IRQHandler
                0x08004ff4                EXTI3_IRQHandler
                0x08004ff4                EXTI0_IRQHandler
                0x08004ff4                FPU_IRQHandler
                0x08004ff4                CAN_TX_IRQHandler
                0x08004ff4                TIM1_UP_TIM16_IRQHandler
                0x08004ff4                ADC1_2_IRQHandler
                0x08004ff4                SPI1_IRQHandler
                0x08004ff4                CAN_SCE_IRQHandler
                0x08004ff4                DMA1_Channel4_IRQHandler
                0x08004ff4                USART3_IRQHandler
                0x08004ff4                DMA1_Channel7_IRQHandler
                0x08004ff4                TIM7_DAC2_IRQHandler
                0x08004ff4                CAN_RX1_IRQHandler
                0x08004ff4                I2C1_EV_IRQHandler
                0x08004ff4                DMA1_Channel6_IRQHandler
                0x08004ff4                TIM3_IRQHandler
                0x08004ff4                RCC_IRQHandler
                0x08004ff4                DMA1_Channel1_IRQHandler
                0x08004ff4                Default_Handler
                0x08004ff4                EXTI15_10_IRQHandler
                0x08004ff4                COMP2_IRQHandler
                0x08004ff4                EXTI9_5_IRQHandler
                0x08004ff4                RTC_WKUP_IRQHandler
                0x08004ff4                DMA1_Channel5_IRQHandler
                0x08004ff4                EXTI4_IRQHandler
                0x08004ff4                TIM1_TRG_COM_TIM17_IRQHandler
                0x08004ff4                DMA1_Channel3_IRQHandler
                0x08004ff4                WWDG_IRQHandler
                0x08004ff4                TIM2_IRQHandler
                0x08004ff4                EXTI1_IRQHandler
                0x08004ff4                COMP4_6_IRQHandler
                0x08004ff4                USART2_IRQHandler
                0x08004ff4                DMA1_Channel2_IRQHandler
                0x08004ff4                FLASH_IRQHandler
                0x08004ff4                CAN_RX0_IRQHandler
                0x08004ff4                I2C1_ER_IRQHandler
                0x08004ff4                EXTI2_TSC_IRQHandler
                0x08004ff4                TIM1_BRK_TIM15_IRQHandler
 *(.glue_7)
 .glue_7        0x08004ff6        0x0 linker stubs
 *(.glue_7t)
 .glue_7t       0x08004ff6        0x0 linker stubs
 *(.eh_frame)
 *fill*         0x08004ff6        0x2 
 .eh_frame      0x08004ff8        0x0 C:/ST/STM32CubeCLT_1.15.1/GNU-tools-for-STM32/bin/../lib/gcc/arm-none-eabi/12.3.1/thumb/v7e-m+fp/hard/crtbegin.o
 *(.init)
 .init          0x08004ff8        0x4 C:/ST/STM32CubeCLT_1.15.1/GNU-tools-for-STM32/bin/../lib/gcc/arm-none-eabi/12.3.1/thumb/v7e-m+fp/hard/crti.o
                0x08004ff8                _init
 .init          0x08004ffc        0x8 C:/ST/STM32CubeCLT_1.15.1/GNU-tools-for-STM32/bin/../lib/gcc/arm-none-eabi/12.3.1/thumb/v7e-m+fp/hard/crtn.o
 *(.fini)
 .fini          0x08005004        0x4 C:/ST/STM32CubeCLT_1.15.1/GNU-tools-for-STM32/bin/../lib/gcc/arm-none-eabi/12.3.1/thumb/v7e-m+fp/hard/crti.o
                0x08005004                _fini
 .fini          0x08005008        0x8 C:/ST/STM32CubeCLT_1.15.1/GNU-tools-for-STM32/bin/../lib/gcc/arm-none-eabi/12.3.1/thumb/v7e-m+fp/hard/crtn.o
                0x08005010                        . = ALIGN (0x4)
                0x08005010                        _etext = .

.vfp11_veneer   0x08005010        0x0
 .vfp11_veneer  0x08005010        0x0 linker stubs

.v4_bx          0x08005010        0x0
 .v4_bx         0x08005010        0x0 linker stubs

.iplt           0x08005010        0x0
 .iplt          0x08005010        0x0 C:/ST/STM32CubeCLT_1.15.1/GNU-tools-for-STM32/bin/../lib/gcc/arm-none-eabi/12.3.1/thumb/v7e-m+fp/hard/crtbegin.o

.rodata         0x08005010       0x38
                0x08005010                        . = ALIGN (0x4)
 *(.rodata)
 *(.rodata*)
 .rodata.aPLLMULFactorTable
                0x08005010       0x10 CMakeFiles/2024robocon_robot2.dir/Drivers/STM32F3xx_HAL_Driver/Src/stm32f3xx_hal_rcc.c.obj
 .rodata.aPredivFactorTable
                0x08005020       0x10 CMakeFiles/2024robocon_robot2.dir/Drivers/STM32F3xx_HAL_Driver/Src/stm32f3xx_hal_rcc.c.obj
 .rodata.AHBPrescTable
                0x08005030       0x10 CMakeFiles/2024robocon_robot2.dir/Core/Src/system_stm32f3xx.c.obj
                0x08005030                AHBPrescTable
 .rodata.APBPrescTable
                0x08005040        0x8 CMakeFiles/2024robocon_robot2.dir/Core/Src/system_stm32f3xx.c.obj
                0x08005040                APBPrescTable
                0x08005048                        . = ALIGN (0x4)

.rel.dyn        0x08005048        0x0
 .rel.iplt      0x08005048        0x0 C:/ST/STM32CubeCLT_1.15.1/GNU-tools-for-STM32/bin/../lib/gcc/arm-none-eabi/12.3.1/thumb/v7e-m+fp/hard/crtbegin.o

.ARM.extab
 *(.ARM.extab* .gnu.linkonce.armextab.*)

.ARM            0x08005048        0x0
                0x08005048                        __exidx_start = .
 *(.ARM.exidx*)
                0x08005048                        __exidx_end = .

.preinit_array  0x08005048        0x0
                0x08005048                        PROVIDE (__preinit_array_start = .)
 *(.preinit_array*)
                0x08005048                        PROVIDE (__preinit_array_end = .)

.init_array     0x08005048        0x4
                0x08005048                        PROVIDE (__init_array_start = .)
 *(SORT_BY_NAME(.init_array.*))
 *(.init_array*)
 .init_array    0x08005048        0x4 C:/ST/STM32CubeCLT_1.15.1/GNU-tools-for-STM32/bin/../lib/gcc/arm-none-eabi/12.3.1/thumb/v7e-m+fp/hard/crtbegin.o
                0x0800504c                        PROVIDE (__init_array_end = .)

.fini_array     0x0800504c        0x4
                [!provide]                        PROVIDE (__fini_array_start = .)
 *(SORT_BY_NAME(.fini_array.*))
 *(.fini_array*)
 .fini_array    0x0800504c        0x4 C:/ST/STM32CubeCLT_1.15.1/GNU-tools-for-STM32/bin/../lib/gcc/arm-none-eabi/12.3.1/thumb/v7e-m+fp/hard/crtbegin.o
                [!provide]                        PROVIDE (__fini_array_end = .)
                0x08005050                        _sidata = LOADADDR (.data)

.data           0x20000000        0xc load address 0x08005050
                0x20000000                        . = ALIGN (0x4)
                0x20000000                        _sdata = .
 *(.data)
 *(.data*)
 .data.uwTickPrio
                0x20000000        0x4 CMakeFiles/2024robocon_robot2.dir/Drivers/STM32F3xx_HAL_Driver/Src/stm32f3xx_hal.c.obj
                0x20000000                uwTickPrio
 .data.uwTickFreq
                0x20000004        0x1 CMakeFiles/2024robocon_robot2.dir/Drivers/STM32F3xx_HAL_Driver/Src/stm32f3xx_hal.c.obj
                0x20000004                uwTickFreq
 *fill*         0x20000005        0x3 
 .data.SystemCoreClock
                0x20000008        0x4 CMakeFiles/2024robocon_robot2.dir/Core/Src/system_stm32f3xx.c.obj
                0x20000008                SystemCoreClock
                0x2000000c                        . = ALIGN (0x4)
                0x2000000c                        _edata = .
                0x0800505c                        _siccmram = LOADADDR (.ccmram)

.igot.plt       0x2000000c        0x0 load address 0x0800505c
 .igot.plt      0x2000000c        0x0 C:/ST/STM32CubeCLT_1.15.1/GNU-tools-for-STM32/bin/../lib/gcc/arm-none-eabi/12.3.1/thumb/v7e-m+fp/hard/crtbegin.o

.ccmram         0x10000000        0x0 load address 0x0800505c
                0x10000000                        . = ALIGN (0x4)
                0x10000000                        _sccmram = .
 *(.ccmram)
 *(.ccmram*)
                0x10000000                        . = ALIGN (0x4)
                0x10000000                        _eccmram = .
                0x10000000                        . = ALIGN (0x4)

.bss            0x2000000c      0x26c
                0x2000000c                        _sbss = .
                0x2000000c                        __bss_start__ = _sbss
 *(.bss)
 .bss           0x2000000c       0x1c C:/ST/STM32CubeCLT_1.15.1/GNU-tools-for-STM32/bin/../lib/gcc/arm-none-eabi/12.3.1/thumb/v7e-m+fp/hard/crtbegin.o
 *(.bss*)
 .bss.htim1     0x20000028       0x4c CMakeFiles/2024robocon_robot2.dir/Core/Src/main.c.obj
                0x20000028                htim1
 .bss.htim3     0x20000074       0x4c CMakeFiles/2024robocon_robot2.dir/Core/Src/main.c.obj
                0x20000074                htim3
 .bss.htim6     0x200000c0       0x4c CMakeFiles/2024robocon_robot2.dir/Core/Src/main.c.obj
                0x200000c0                htim6
 .bss.htim17    0x2000010c       0x4c CMakeFiles/2024robocon_robot2.dir/Core/Src/main.c.obj
                0x2000010c                htim17
 .bss.huart1    0x20000158       0x88 CMakeFiles/2024robocon_robot2.dir/Core/Src/main.c.obj
                0x20000158                huart1
 .bss.huart2    0x200001e0       0x88 CMakeFiles/2024robocon_robot2.dir/Core/Src/main.c.obj
                0x200001e0                huart2
 .bss.U1RXbuffer
                0x20000268        0x1 CMakeFiles/2024robocon_robot2.dir/Core/Src/main.c.obj
                0x20000268                U1RXbuffer
 *fill*         0x20000269        0x3 
 .bss.controlerVarBuffer
                0x2000026c        0x6 CMakeFiles/2024robocon_robot2.dir/Core/Src/main.c.obj
                0x2000026c                controlerVarBuffer
 .bss.controlerFlag
                0x20000272        0x1 CMakeFiles/2024robocon_robot2.dir/Core/Src/main.c.obj
                0x20000272                controlerFlag
 .bss.con_cnt   0x20000273        0x1 CMakeFiles/2024robocon_robot2.dir/Core/Src/main.c.obj
                0x20000273                con_cnt
 .bss.uwTick    0x20000274        0x4 CMakeFiles/2024robocon_robot2.dir/Drivers/STM32F3xx_HAL_Driver/Src/stm32f3xx_hal.c.obj
                0x20000274                uwTick
 *(COMMON)
                0x20000278                        . = ALIGN (0x4)
                0x20000278                        _ebss = .
                0x20000278                        __bss_end__ = _ebss

._user_heap_stack
                0x20000278      0x600
                0x20000278                        . = ALIGN (0x8)
                [!provide]                        PROVIDE (end = .)
                0x20000278                        PROVIDE (_end = .)
                0x20000478                        . = (. + _Min_Heap_Size)
 *fill*         0x20000278      0x200 
                0x20000878                        . = (. + _Min_Stack_Size)
 *fill*         0x20000478      0x400 
                0x20000878                        . = ALIGN (0x8)

/DISCARD/
 libc.a(*)
 libm.a(*)
 libgcc.a(*)

.ARM.attributes
                0x00000000       0x30
 *(.ARM.attributes)
 .ARM.attributes
                0x00000000       0x22 C:/ST/STM32CubeCLT_1.15.1/GNU-tools-for-STM32/bin/../lib/gcc/arm-none-eabi/12.3.1/thumb/v7e-m+fp/hard/crti.o
 .ARM.attributes
                0x00000022       0x34 C:/ST/STM32CubeCLT_1.15.1/GNU-tools-for-STM32/bin/../lib/gcc/arm-none-eabi/12.3.1/thumb/v7e-m+fp/hard/crtbegin.o
 .ARM.attributes
                0x00000056       0x34 C:/ST/STM32CubeCLT_1.15.1/GNU-tools-for-STM32/bin/../lib/gcc/arm-none-eabi/12.3.1/../../../../arm-none-eabi/lib/thumb/v7e-m+fp/hard\libc_nano.a(libc_a-memset.o)
 .ARM.attributes
                0x0000008a       0x34 C:/ST/STM32CubeCLT_1.15.1/GNU-tools-for-STM32/bin/../lib/gcc/arm-none-eabi/12.3.1/../../../../arm-none-eabi/lib/thumb/v7e-m+fp/hard\libc_nano.a(libc_a-init.o)
 .ARM.attributes
                0x000000be       0x34 CMakeFiles/2024robocon_robot2.dir/Core/Src/main.c.obj
 .ARM.attributes
                0x000000f2       0x34 CMakeFiles/2024robocon_robot2.dir/Core/Src/stm32f3xx_it.c.obj
 .ARM.attributes
                0x00000126       0x34 CMakeFiles/2024robocon_robot2.dir/Core/Src/stm32f3xx_hal_msp.c.obj
 .ARM.attributes
                0x0000015a       0x34 CMakeFiles/2024robocon_robot2.dir/Drivers/STM32F3xx_HAL_Driver/Src/stm32f3xx_hal_tim.c.obj
 .ARM.attributes
                0x0000018e       0x34 CMakeFiles/2024robocon_robot2.dir/Drivers/STM32F3xx_HAL_Driver/Src/stm32f3xx_hal_tim_ex.c.obj
 .ARM.attributes
                0x000001c2       0x34 CMakeFiles/2024robocon_robot2.dir/Drivers/STM32F3xx_HAL_Driver/Src/stm32f3xx_hal.c.obj
 .ARM.attributes
                0x000001f6       0x34 CMakeFiles/2024robocon_robot2.dir/Drivers/STM32F3xx_HAL_Driver/Src/stm32f3xx_hal_rcc.c.obj
 .ARM.attributes
                0x0000022a       0x34 CMakeFiles/2024robocon_robot2.dir/Drivers/STM32F3xx_HAL_Driver/Src/stm32f3xx_hal_rcc_ex.c.obj
 .ARM.attributes
                0x0000025e       0x34 CMakeFiles/2024robocon_robot2.dir/Drivers/STM32F3xx_HAL_Driver/Src/stm32f3xx_hal_gpio.c.obj
 .ARM.attributes
                0x00000292       0x34 CMakeFiles/2024robocon_robot2.dir/Drivers/STM32F3xx_HAL_Driver/Src/stm32f3xx_hal_dma.c.obj
 .ARM.attributes
                0x000002c6       0x34 CMakeFiles/2024robocon_robot2.dir/Drivers/STM32F3xx_HAL_Driver/Src/stm32f3xx_hal_cortex.c.obj
 .ARM.attributes
                0x000002fa       0x34 CMakeFiles/2024robocon_robot2.dir/Drivers/STM32F3xx_HAL_Driver/Src/stm32f3xx_hal_uart.c.obj
 .ARM.attributes
                0x0000032e       0x34 CMakeFiles/2024robocon_robot2.dir/Drivers/STM32F3xx_HAL_Driver/Src/stm32f3xx_hal_uart_ex.c.obj
 .ARM.attributes
                0x00000362       0x34 CMakeFiles/2024robocon_robot2.dir/Core/Src/system_stm32f3xx.c.obj
 .ARM.attributes
                0x00000396       0x21 CMakeFiles/2024robocon_robot2.dir/startup_stm32f303x8.s.obj
 .ARM.attributes
                0x000003b7       0x22 C:/ST/STM32CubeCLT_1.15.1/GNU-tools-for-STM32/bin/../lib/gcc/arm-none-eabi/12.3.1/thumb/v7e-m+fp/hard/crtn.o
OUTPUT(2024robocon_robot2.elf elf32-littlearm)
LOAD linker stubs
LOAD C:/ST/STM32CubeCLT_1.15.1/GNU-tools-for-STM32/bin/../lib/gcc/arm-none-eabi/12.3.1/../../../../arm-none-eabi/lib/thumb/v7e-m+fp/hard\libc.a
LOAD C:/ST/STM32CubeCLT_1.15.1/GNU-tools-for-STM32/bin/../lib/gcc/arm-none-eabi/12.3.1/../../../../arm-none-eabi/lib/thumb/v7e-m+fp/hard\libm.a
LOAD C:/ST/STM32CubeCLT_1.15.1/GNU-tools-for-STM32/bin/../lib/gcc/arm-none-eabi/12.3.1/thumb/v7e-m+fp/hard\libgcc.a

.debug_frame    0x00000000     0x36a8
 .debug_frame   0x00000000       0x20 C:/ST/STM32CubeCLT_1.15.1/GNU-tools-for-STM32/bin/../lib/gcc/arm-none-eabi/12.3.1/../../../../arm-none-eabi/lib/thumb/v7e-m+fp/hard\libc_nano.a(libc_a-memset.o)
 .debug_frame   0x00000020       0x2c C:/ST/STM32CubeCLT_1.15.1/GNU-tools-for-STM32/bin/../lib/gcc/arm-none-eabi/12.3.1/../../../../arm-none-eabi/lib/thumb/v7e-m+fp/hard\libc_nano.a(libc_a-init.o)
 .debug_frame   0x0000004c      0x178 CMakeFiles/2024robocon_robot2.dir/Core/Src/main.c.obj
 .debug_frame   0x000001c4      0x13c CMakeFiles/2024robocon_robot2.dir/Core/Src/stm32f3xx_it.c.obj
 .debug_frame   0x00000300      0x184 CMakeFiles/2024robocon_robot2.dir/Core/Src/stm32f3xx_hal_msp.c.obj
 .debug_frame   0x00000484     0x121c CMakeFiles/2024robocon_robot2.dir/Drivers/STM32F3xx_HAL_Driver/Src/stm32f3xx_hal_tim.c.obj
 .debug_frame   0x000016a0      0x688 CMakeFiles/2024robocon_robot2.dir/Drivers/STM32F3xx_HAL_Driver/Src/stm32f3xx_hal_tim_ex.c.obj
 .debug_frame   0x00001d28      0x334 CMakeFiles/2024robocon_robot2.dir/Drivers/STM32F3xx_HAL_Driver/Src/stm32f3xx_hal.c.obj
 .debug_frame   0x0000205c      0x214 CMakeFiles/2024robocon_robot2.dir/Drivers/STM32F3xx_HAL_Driver/Src/stm32f3xx_hal_rcc.c.obj
 .debug_frame   0x00002270       0xac CMakeFiles/2024robocon_robot2.dir/Drivers/STM32F3xx_HAL_Driver/Src/stm32f3xx_hal_rcc_ex.c.obj
 .debug_frame   0x0000231c      0x14c CMakeFiles/2024robocon_robot2.dir/Drivers/STM32F3xx_HAL_Driver/Src/stm32f3xx_hal_gpio.c.obj
 .debug_frame   0x00002468      0x224 CMakeFiles/2024robocon_robot2.dir/Drivers/STM32F3xx_HAL_Driver/Src/stm32f3xx_hal_dma.c.obj
 .debug_frame   0x0000268c      0x428 CMakeFiles/2024robocon_robot2.dir/Drivers/STM32F3xx_HAL_Driver/Src/stm32f3xx_hal_cortex.c.obj
 .debug_frame   0x00002ab4      0x9e8 CMakeFiles/2024robocon_robot2.dir/Drivers/STM32F3xx_HAL_Driver/Src/stm32f3xx_hal_uart.c.obj
 .debug_frame   0x0000349c      0x1b4 CMakeFiles/2024robocon_robot2.dir/Drivers/STM32F3xx_HAL_Driver/Src/stm32f3xx_hal_uart_ex.c.obj
 .debug_frame   0x00003650       0x58 CMakeFiles/2024robocon_robot2.dir/Core/Src/system_stm32f3xx.c.obj

.debug_info     0x00000000     0xf293
 .debug_info    0x00000000     0x13ed CMakeFiles/2024robocon_robot2.dir/Core/Src/main.c.obj
 .debug_info    0x000013ed      0xa8a CMakeFiles/2024robocon_robot2.dir/Core/Src/stm32f3xx_it.c.obj
 .debug_info    0x00001e77     0x1053 CMakeFiles/2024robocon_robot2.dir/Core/Src/stm32f3xx_hal_msp.c.obj
 .debug_info    0x00002eca     0x2a52 CMakeFiles/2024robocon_robot2.dir/Drivers/STM32F3xx_HAL_Driver/Src/stm32f3xx_hal_tim.c.obj
 .debug_info    0x0000591c     0x156d CMakeFiles/2024robocon_robot2.dir/Drivers/STM32F3xx_HAL_Driver/Src/stm32f3xx_hal_tim_ex.c.obj
 .debug_info    0x00006e89      0x74a CMakeFiles/2024robocon_robot2.dir/Drivers/STM32F3xx_HAL_Driver/Src/stm32f3xx_hal.c.obj
 .debug_info    0x000075d3     0x14f1 CMakeFiles/2024robocon_robot2.dir/Drivers/STM32F3xx_HAL_Driver/Src/stm32f3xx_hal_rcc.c.obj
 .debug_info    0x00008ac4      0x550 CMakeFiles/2024robocon_robot2.dir/Drivers/STM32F3xx_HAL_Driver/Src/stm32f3xx_hal_rcc_ex.c.obj
 .debug_info    0x00009014      0x6a6 CMakeFiles/2024robocon_robot2.dir/Drivers/STM32F3xx_HAL_Driver/Src/stm32f3xx_hal_gpio.c.obj
 .debug_info    0x000096ba      0x6e1 CMakeFiles/2024robocon_robot2.dir/Drivers/STM32F3xx_HAL_Driver/Src/stm32f3xx_hal_dma.c.obj
 .debug_info    0x00009d9b      0xa87 CMakeFiles/2024robocon_robot2.dir/Drivers/STM32F3xx_HAL_Driver/Src/stm32f3xx_hal_cortex.c.obj
 .debug_info    0x0000a822     0x39a8 CMakeFiles/2024robocon_robot2.dir/Drivers/STM32F3xx_HAL_Driver/Src/stm32f3xx_hal_uart.c.obj
 .debug_info    0x0000e1ca      0xc92 CMakeFiles/2024robocon_robot2.dir/Drivers/STM32F3xx_HAL_Driver/Src/stm32f3xx_hal_uart_ex.c.obj
 .debug_info    0x0000ee5c      0x407 CMakeFiles/2024robocon_robot2.dir/Core/Src/system_stm32f3xx.c.obj
 .debug_info    0x0000f263       0x30 CMakeFiles/2024robocon_robot2.dir/startup_stm32f303x8.s.obj

.debug_abbrev   0x00000000     0x2067
 .debug_abbrev  0x00000000      0x2b1 CMakeFiles/2024robocon_robot2.dir/Core/Src/main.c.obj
 .debug_abbrev  0x000002b1      0x19c CMakeFiles/2024robocon_robot2.dir/Core/Src/stm32f3xx_it.c.obj
 .debug_abbrev  0x0000044d      0x23b CMakeFiles/2024robocon_robot2.dir/Core/Src/stm32f3xx_hal_msp.c.obj
 .debug_abbrev  0x00000688      0x278 CMakeFiles/2024robocon_robot2.dir/Drivers/STM32F3xx_HAL_Driver/Src/stm32f3xx_hal_tim.c.obj
 .debug_abbrev  0x00000900      0x283 CMakeFiles/2024robocon_robot2.dir/Drivers/STM32F3xx_HAL_Driver/Src/stm32f3xx_hal_tim_ex.c.obj
 .debug_abbrev  0x00000b83      0x215 CMakeFiles/2024robocon_robot2.dir/Drivers/STM32F3xx_HAL_Driver/Src/stm32f3xx_hal.c.obj
 .debug_abbrev  0x00000d98      0x300 CMakeFiles/2024robocon_robot2.dir/Drivers/STM32F3xx_HAL_Driver/Src/stm32f3xx_hal_rcc.c.obj
 .debug_abbrev  0x00001098      0x232 CMakeFiles/2024robocon_robot2.dir/Drivers/STM32F3xx_HAL_Driver/Src/stm32f3xx_hal_rcc_ex.c.obj
 .debug_abbrev  0x000012ca      0x1ca CMakeFiles/2024robocon_robot2.dir/Drivers/STM32F3xx_HAL_Driver/Src/stm32f3xx_hal_gpio.c.obj
 .debug_abbrev  0x00001494      0x20d CMakeFiles/2024robocon_robot2.dir/Drivers/STM32F3xx_HAL_Driver/Src/stm32f3xx_hal_dma.c.obj
 .debug_abbrev  0x000016a1      0x2f8 CMakeFiles/2024robocon_robot2.dir/Drivers/STM32F3xx_HAL_Driver/Src/stm32f3xx_hal_cortex.c.obj
 .debug_abbrev  0x00001999      0x2d1 CMakeFiles/2024robocon_robot2.dir/Drivers/STM32F3xx_HAL_Driver/Src/stm32f3xx_hal_uart.c.obj
 .debug_abbrev  0x00001c6a      0x2bf CMakeFiles/2024robocon_robot2.dir/Drivers/STM32F3xx_HAL_Driver/Src/stm32f3xx_hal_uart_ex.c.obj
 .debug_abbrev  0x00001f29      0x11a CMakeFiles/2024robocon_robot2.dir/Core/Src/system_stm32f3xx.c.obj
 .debug_abbrev  0x00002043       0x24 CMakeFiles/2024robocon_robot2.dir/startup_stm32f303x8.s.obj

.debug_aranges  0x00000000      0xd08
 .debug_aranges
                0x00000000       0x70 CMakeFiles/2024robocon_robot2.dir/Core/Src/main.c.obj
 .debug_aranges
                0x00000070       0x70 CMakeFiles/2024robocon_robot2.dir/Core/Src/stm32f3xx_it.c.obj
 .debug_aranges
                0x000000e0       0x68 CMakeFiles/2024robocon_robot2.dir/Core/Src/stm32f3xx_hal_msp.c.obj
 .debug_aranges
                0x00000148      0x3e0 CMakeFiles/2024robocon_robot2.dir/Drivers/STM32F3xx_HAL_Driver/Src/stm32f3xx_hal_tim.c.obj
 .debug_aranges
                0x00000528      0x178 CMakeFiles/2024robocon_robot2.dir/Drivers/STM32F3xx_HAL_Driver/Src/stm32f3xx_hal_tim_ex.c.obj
 .debug_aranges
                0x000006a0       0xe0 CMakeFiles/2024robocon_robot2.dir/Drivers/STM32F3xx_HAL_Driver/Src/stm32f3xx_hal.c.obj
 .debug_aranges
                0x00000780       0x88 CMakeFiles/2024robocon_robot2.dir/Drivers/STM32F3xx_HAL_Driver/Src/stm32f3xx_hal_rcc.c.obj
 .debug_aranges
                0x00000808       0x38 CMakeFiles/2024robocon_robot2.dir/Drivers/STM32F3xx_HAL_Driver/Src/stm32f3xx_hal_rcc_ex.c.obj
 .debug_aranges
                0x00000840       0x58 CMakeFiles/2024robocon_robot2.dir/Drivers/STM32F3xx_HAL_Driver/Src/stm32f3xx_hal_gpio.c.obj
 .debug_aranges
                0x00000898       0x88 CMakeFiles/2024robocon_robot2.dir/Drivers/STM32F3xx_HAL_Driver/Src/stm32f3xx_hal_dma.c.obj
 .debug_aranges
                0x00000920      0x100 CMakeFiles/2024robocon_robot2.dir/Drivers/STM32F3xx_HAL_Driver/Src/stm32f3xx_hal_cortex.c.obj
 .debug_aranges
                0x00000a20      0x228 CMakeFiles/2024robocon_robot2.dir/Drivers/STM32F3xx_HAL_Driver/Src/stm32f3xx_hal_uart.c.obj
 .debug_aranges
                0x00000c48       0x70 CMakeFiles/2024robocon_robot2.dir/Drivers/STM32F3xx_HAL_Driver/Src/stm32f3xx_hal_uart_ex.c.obj
 .debug_aranges
                0x00000cb8       0x28 CMakeFiles/2024robocon_robot2.dir/Core/Src/system_stm32f3xx.c.obj
 .debug_aranges
                0x00000ce0       0x28 CMakeFiles/2024robocon_robot2.dir/startup_stm32f303x8.s.obj

.debug_rnglists
                0x00000000      0xa3d
 .debug_rnglists
                0x00000000       0x55 CMakeFiles/2024robocon_robot2.dir/Core/Src/main.c.obj
 .debug_rnglists
                0x00000055       0x4f CMakeFiles/2024robocon_robot2.dir/Core/Src/stm32f3xx_it.c.obj
 .debug_rnglists
                0x000000a4       0x4c CMakeFiles/2024robocon_robot2.dir/Core/Src/stm32f3xx_hal_msp.c.obj
 .debug_rnglists
                0x000000f0      0x328 CMakeFiles/2024robocon_robot2.dir/Drivers/STM32F3xx_HAL_Driver/Src/stm32f3xx_hal_tim.c.obj
 .debug_rnglists
                0x00000418      0x131 CMakeFiles/2024robocon_robot2.dir/Drivers/STM32F3xx_HAL_Driver/Src/stm32f3xx_hal_tim_ex.c.obj
 .debug_rnglists
                0x00000549       0xa3 CMakeFiles/2024robocon_robot2.dir/Drivers/STM32F3xx_HAL_Driver/Src/stm32f3xx_hal.c.obj
 .debug_rnglists
                0x000005ec       0x66 CMakeFiles/2024robocon_robot2.dir/Drivers/STM32F3xx_HAL_Driver/Src/stm32f3xx_hal_rcc.c.obj
 .debug_rnglists
                0x00000652       0x27 CMakeFiles/2024robocon_robot2.dir/Drivers/STM32F3xx_HAL_Driver/Src/stm32f3xx_hal_rcc_ex.c.obj
 .debug_rnglists
                0x00000679       0x3f CMakeFiles/2024robocon_robot2.dir/Drivers/STM32F3xx_HAL_Driver/Src/stm32f3xx_hal_gpio.c.obj
 .debug_rnglists
                0x000006b8       0x69 CMakeFiles/2024robocon_robot2.dir/Drivers/STM32F3xx_HAL_Driver/Src/stm32f3xx_hal_dma.c.obj
 .debug_rnglists
                0x00000721       0xbb CMakeFiles/2024robocon_robot2.dir/Drivers/STM32F3xx_HAL_Driver/Src/stm32f3xx_hal_cortex.c.obj
 .debug_rnglists
                0x000007dc      0x1da CMakeFiles/2024robocon_robot2.dir/Drivers/STM32F3xx_HAL_Driver/Src/stm32f3xx_hal_uart.c.obj
 .debug_rnglists
                0x000009b6       0x54 CMakeFiles/2024robocon_robot2.dir/Drivers/STM32F3xx_HAL_Driver/Src/stm32f3xx_hal_uart_ex.c.obj
 .debug_rnglists
                0x00000a0a       0x1a CMakeFiles/2024robocon_robot2.dir/Core/Src/system_stm32f3xx.c.obj
 .debug_rnglists
                0x00000a24       0x19 CMakeFiles/2024robocon_robot2.dir/startup_stm32f303x8.s.obj

.debug_macro    0x00000000    0x1aba8
 .debug_macro   0x00000000      0x1da CMakeFiles/2024robocon_robot2.dir/Core/Src/main.c.obj
 .debug_macro   0x000001da      0xab4 CMakeFiles/2024robocon_robot2.dir/Core/Src/main.c.obj
 .debug_macro   0x00000c8e      0x157 CMakeFiles/2024robocon_robot2.dir/Core/Src/main.c.obj
 .debug_macro   0x00000de5       0x2e CMakeFiles/2024robocon_robot2.dir/Core/Src/main.c.obj
 .debug_macro   0x00000e13       0x28 CMakeFiles/2024robocon_robot2.dir/Core/Src/main.c.obj
 .debug_macro   0x00000e3b       0x22 CMakeFiles/2024robocon_robot2.dir/Core/Src/main.c.obj
 .debug_macro   0x00000e5d       0x8e CMakeFiles/2024robocon_robot2.dir/Core/Src/main.c.obj
 .debug_macro   0x00000eeb       0x51 CMakeFiles/2024robocon_robot2.dir/Core/Src/main.c.obj
 .debug_macro   0x00000f3c      0x103 CMakeFiles/2024robocon_robot2.dir/Core/Src/main.c.obj
 .debug_macro   0x0000103f       0x6a CMakeFiles/2024robocon_robot2.dir/Core/Src/main.c.obj
 .debug_macro   0x000010a9      0x1df CMakeFiles/2024robocon_robot2.dir/Core/Src/main.c.obj
 .debug_macro   0x00001288       0x1c CMakeFiles/2024robocon_robot2.dir/Core/Src/main.c.obj
 .debug_macro   0x000012a4       0x22 CMakeFiles/2024robocon_robot2.dir/Core/Src/main.c.obj
 .debug_macro   0x000012c6       0xd9 CMakeFiles/2024robocon_robot2.dir/Core/Src/main.c.obj
 .debug_macro   0x0000139f      0xf07 CMakeFiles/2024robocon_robot2.dir/Core/Src/main.c.obj
 .debug_macro   0x000022a6    0x10be0 CMakeFiles/2024robocon_robot2.dir/Core/Src/main.c.obj
 .debug_macro   0x00012e86       0x6d CMakeFiles/2024robocon_robot2.dir/Core/Src/main.c.obj
 .debug_macro   0x00012ef3     0x3558 CMakeFiles/2024robocon_robot2.dir/Core/Src/main.c.obj
 .debug_macro   0x0001644b      0x189 CMakeFiles/2024robocon_robot2.dir/Core/Src/main.c.obj
 .debug_macro   0x000165d4       0x55 CMakeFiles/2024robocon_robot2.dir/Core/Src/main.c.obj
 .debug_macro   0x00016629      0x8f8 CMakeFiles/2024robocon_robot2.dir/Core/Src/main.c.obj
 .debug_macro   0x00016f21      0x304 CMakeFiles/2024robocon_robot2.dir/Core/Src/main.c.obj
 .debug_macro   0x00017225      0x1b5 CMakeFiles/2024robocon_robot2.dir/Core/Src/main.c.obj
 .debug_macro   0x000173da      0x11b CMakeFiles/2024robocon_robot2.dir/Core/Src/main.c.obj
 .debug_macro   0x000174f5      0x1d5 CMakeFiles/2024robocon_robot2.dir/Core/Src/main.c.obj
 .debug_macro   0x000176ca      0x1bc CMakeFiles/2024robocon_robot2.dir/Core/Src/main.c.obj
 .debug_macro   0x00017886       0x34 CMakeFiles/2024robocon_robot2.dir/Core/Src/main.c.obj
 .debug_macro   0x000178ba       0x3c CMakeFiles/2024robocon_robot2.dir/Core/Src/main.c.obj
 .debug_macro   0x000178f6       0x57 CMakeFiles/2024robocon_robot2.dir/Core/Src/main.c.obj
 .debug_macro   0x0001794d       0xc5 CMakeFiles/2024robocon_robot2.dir/Core/Src/main.c.obj
 .debug_macro   0x00017a12      0x19f CMakeFiles/2024robocon_robot2.dir/Core/Src/main.c.obj
 .debug_macro   0x00017bb1      0x22c CMakeFiles/2024robocon_robot2.dir/Core/Src/main.c.obj
 .debug_macro   0x00017ddd       0x5b CMakeFiles/2024robocon_robot2.dir/Core/Src/main.c.obj
 .debug_macro   0x00017e38       0xa5 CMakeFiles/2024robocon_robot2.dir/Core/Src/main.c.obj
 .debug_macro   0x00017edd       0x81 CMakeFiles/2024robocon_robot2.dir/Core/Src/main.c.obj
 .debug_macro   0x00017f5e       0xd3 CMakeFiles/2024robocon_robot2.dir/Core/Src/main.c.obj
 .debug_macro   0x00018031      0xa59 CMakeFiles/2024robocon_robot2.dir/Core/Src/main.c.obj
 .debug_macro   0x00018a8a       0x59 CMakeFiles/2024robocon_robot2.dir/Core/Src/main.c.obj
 .debug_macro   0x00018ae3      0x5ba CMakeFiles/2024robocon_robot2.dir/Core/Src/main.c.obj
 .debug_macro   0x0001909d       0x44 CMakeFiles/2024robocon_robot2.dir/Core/Src/main.c.obj
 .debug_macro   0x000190e1      0x285 CMakeFiles/2024robocon_robot2.dir/Core/Src/main.c.obj
 .debug_macro   0x00019366       0xac CMakeFiles/2024robocon_robot2.dir/Core/Src/main.c.obj
 .debug_macro   0x00019412      0x1de CMakeFiles/2024robocon_robot2.dir/Core/Src/stm32f3xx_it.c.obj
 .debug_macro   0x000195f0      0x1d4 CMakeFiles/2024robocon_robot2.dir/Core/Src/stm32f3xx_hal_msp.c.obj
 .debug_macro   0x000197c4      0x1c6 CMakeFiles/2024robocon_robot2.dir/Drivers/STM32F3xx_HAL_Driver/Src/stm32f3xx_hal_tim.c.obj
 .debug_macro   0x0001998a      0x1c5 CMakeFiles/2024robocon_robot2.dir/Drivers/STM32F3xx_HAL_Driver/Src/stm32f3xx_hal_tim_ex.c.obj
 .debug_macro   0x00019b4f      0x1e9 CMakeFiles/2024robocon_robot2.dir/Drivers/STM32F3xx_HAL_Driver/Src/stm32f3xx_hal.c.obj
 .debug_macro   0x00019d38      0x1e9 CMakeFiles/2024robocon_robot2.dir/Drivers/STM32F3xx_HAL_Driver/Src/stm32f3xx_hal_rcc.c.obj
 .debug_macro   0x00019f21      0x1c5 CMakeFiles/2024robocon_robot2.dir/Drivers/STM32F3xx_HAL_Driver/Src/stm32f3xx_hal_rcc_ex.c.obj
 .debug_macro   0x0001a0e6      0x1cc CMakeFiles/2024robocon_robot2.dir/Drivers/STM32F3xx_HAL_Driver/Src/stm32f3xx_hal_gpio.c.obj
 .debug_macro   0x0001a2b2      0x1c5 CMakeFiles/2024robocon_robot2.dir/Drivers/STM32F3xx_HAL_Driver/Src/stm32f3xx_hal_dma.c.obj
 .debug_macro   0x0001a477      0x1c5 CMakeFiles/2024robocon_robot2.dir/Drivers/STM32F3xx_HAL_Driver/Src/stm32f3xx_hal_cortex.c.obj
 .debug_macro   0x0001a63c      0x1e2 CMakeFiles/2024robocon_robot2.dir/Drivers/STM32F3xx_HAL_Driver/Src/stm32f3xx_hal_uart.c.obj
 .debug_macro   0x0001a81e      0x1c5 CMakeFiles/2024robocon_robot2.dir/Drivers/STM32F3xx_HAL_Driver/Src/stm32f3xx_hal_uart_ex.c.obj
 .debug_macro   0x0001a9e3      0x1c5 CMakeFiles/2024robocon_robot2.dir/Core/Src/system_stm32f3xx.c.obj

.debug_line     0x00000000     0xfd58
 .debug_line    0x00000000      0x9ed CMakeFiles/2024robocon_robot2.dir/Core/Src/main.c.obj
 .debug_line    0x000009ed      0x7c3 CMakeFiles/2024robocon_robot2.dir/Core/Src/stm32f3xx_it.c.obj
 .debug_line    0x000011b0      0x8a5 CMakeFiles/2024robocon_robot2.dir/Core/Src/stm32f3xx_hal_msp.c.obj
 .debug_line    0x00001a55     0x3c4b CMakeFiles/2024robocon_robot2.dir/Drivers/STM32F3xx_HAL_Driver/Src/stm32f3xx_hal_tim.c.obj
 .debug_line    0x000056a0     0x19fe CMakeFiles/2024robocon_robot2.dir/Drivers/STM32F3xx_HAL_Driver/Src/stm32f3xx_hal_tim_ex.c.obj
 .debug_line    0x0000709e      0x982 CMakeFiles/2024robocon_robot2.dir/Drivers/STM32F3xx_HAL_Driver/Src/stm32f3xx_hal.c.obj
 .debug_line    0x00007a20     0x1356 CMakeFiles/2024robocon_robot2.dir/Drivers/STM32F3xx_HAL_Driver/Src/stm32f3xx_hal_rcc.c.obj
 .debug_line    0x00008d76      0xa21 CMakeFiles/2024robocon_robot2.dir/Drivers/STM32F3xx_HAL_Driver/Src/stm32f3xx_hal_rcc_ex.c.obj
 .debug_line    0x00009797      0xae5 CMakeFiles/2024robocon_robot2.dir/Drivers/STM32F3xx_HAL_Driver/Src/stm32f3xx_hal_gpio.c.obj
 .debug_line    0x0000a27c      0xc6a CMakeFiles/2024robocon_robot2.dir/Drivers/STM32F3xx_HAL_Driver/Src/stm32f3xx_hal_dma.c.obj
 .debug_line    0x0000aee6      0xb68 CMakeFiles/2024robocon_robot2.dir/Drivers/STM32F3xx_HAL_Driver/Src/stm32f3xx_hal_cortex.c.obj
 .debug_line    0x0000ba4e     0x3050 CMakeFiles/2024robocon_robot2.dir/Drivers/STM32F3xx_HAL_Driver/Src/stm32f3xx_hal_uart.c.obj
 .debug_line    0x0000ea9e      0xaf6 CMakeFiles/2024robocon_robot2.dir/Drivers/STM32F3xx_HAL_Driver/Src/stm32f3xx_hal_uart_ex.c.obj
 .debug_line    0x0000f594      0x74a CMakeFiles/2024robocon_robot2.dir/Core/Src/system_stm32f3xx.c.obj
 .debug_line    0x0000fcde       0x7a CMakeFiles/2024robocon_robot2.dir/startup_stm32f303x8.s.obj

.debug_str      0x00000000    0xa113f
 .debug_str     0x00000000    0x9e257 CMakeFiles/2024robocon_robot2.dir/Core/Src/main.c.obj
                              0x9e5b1 (size before relaxing)
 .debug_str     0x0009e257      0x119 CMakeFiles/2024robocon_robot2.dir/Core/Src/stm32f3xx_it.c.obj
                              0x9df6b (size before relaxing)
 .debug_str     0x0009e370      0x3a7 CMakeFiles/2024robocon_robot2.dir/Core/Src/stm32f3xx_hal_msp.c.obj
                              0x9e368 (size before relaxing)
 .debug_str     0x0009e717      0xd42 CMakeFiles/2024robocon_robot2.dir/Drivers/STM32F3xx_HAL_Driver/Src/stm32f3xx_hal_tim.c.obj
                              0x9e9e6 (size before relaxing)
 .debug_str     0x0009f459      0x419 CMakeFiles/2024robocon_robot2.dir/Drivers/STM32F3xx_HAL_Driver/Src/stm32f3xx_hal_tim_ex.c.obj
                              0x9e23c (size before relaxing)
 .debug_str     0x0009f872      0x3c8 CMakeFiles/2024robocon_robot2.dir/Drivers/STM32F3xx_HAL_Driver/Src/stm32f3xx_hal.c.obj
                              0x9dcaf (size before relaxing)
 .debug_str     0x0009fc3a      0x304 CMakeFiles/2024robocon_robot2.dir/Drivers/STM32F3xx_HAL_Driver/Src/stm32f3xx_hal_rcc.c.obj
                              0x9da5f (size before relaxing)
 .debug_str     0x0009ff3e       0xdf CMakeFiles/2024robocon_robot2.dir/Drivers/STM32F3xx_HAL_Driver/Src/stm32f3xx_hal_rcc_ex.c.obj
                              0x9d75e (size before relaxing)
 .debug_str     0x000a001d      0x1b4 CMakeFiles/2024robocon_robot2.dir/Drivers/STM32F3xx_HAL_Driver/Src/stm32f3xx_hal_gpio.c.obj
                              0x9d79e (size before relaxing)
 .debug_str     0x000a01d1      0x232 CMakeFiles/2024robocon_robot2.dir/Drivers/STM32F3xx_HAL_Driver/Src/stm32f3xx_hal_dma.c.obj
                              0x9d907 (size before relaxing)
 .debug_str     0x000a0403      0x28d CMakeFiles/2024robocon_robot2.dir/Drivers/STM32F3xx_HAL_Driver/Src/stm32f3xx_hal_cortex.c.obj
                              0x9dbd4 (size before relaxing)
 .debug_str     0x000a0690      0x828 CMakeFiles/2024robocon_robot2.dir/Drivers/STM32F3xx_HAL_Driver/Src/stm32f3xx_hal_uart.c.obj
                              0x9e2e2 (size before relaxing)
 .debug_str     0x000a0eb8      0x1cf CMakeFiles/2024robocon_robot2.dir/Drivers/STM32F3xx_HAL_Driver/Src/stm32f3xx_hal_uart_ex.c.obj
                              0x9dbe7 (size before relaxing)
 .debug_str     0x000a1087       0x6c CMakeFiles/2024robocon_robot2.dir/Core/Src/system_stm32f3xx.c.obj
                              0x9d5bf (size before relaxing)
 .debug_str     0x000a10f3       0x4c CMakeFiles/2024robocon_robot2.dir/startup_stm32f303x8.s.obj
                                 0x72 (size before relaxing)

.comment        0x00000000       0x43
 .comment       0x00000000       0x43 CMakeFiles/2024robocon_robot2.dir/Core/Src/main.c.obj
                                 0x44 (size before relaxing)
 .comment       0x00000043       0x44 CMakeFiles/2024robocon_robot2.dir/Core/Src/stm32f3xx_it.c.obj
 .comment       0x00000043       0x44 CMakeFiles/2024robocon_robot2.dir/Core/Src/stm32f3xx_hal_msp.c.obj
 .comment       0x00000043       0x44 CMakeFiles/2024robocon_robot2.dir/Drivers/STM32F3xx_HAL_Driver/Src/stm32f3xx_hal_tim.c.obj
 .comment       0x00000043       0x44 CMakeFiles/2024robocon_robot2.dir/Drivers/STM32F3xx_HAL_Driver/Src/stm32f3xx_hal_tim_ex.c.obj
 .comment       0x00000043       0x44 CMakeFiles/2024robocon_robot2.dir/Drivers/STM32F3xx_HAL_Driver/Src/stm32f3xx_hal.c.obj
 .comment       0x00000043       0x44 CMakeFiles/2024robocon_robot2.dir/Drivers/STM32F3xx_HAL_Driver/Src/stm32f3xx_hal_rcc.c.obj
 .comment       0x00000043       0x44 CMakeFiles/2024robocon_robot2.dir/Drivers/STM32F3xx_HAL_Driver/Src/stm32f3xx_hal_rcc_ex.c.obj
 .comment       0x00000043       0x44 CMakeFiles/2024robocon_robot2.dir/Drivers/STM32F3xx_HAL_Driver/Src/stm32f3xx_hal_gpio.c.obj
 .comment       0x00000043       0x44 CMakeFiles/2024robocon_robot2.dir/Drivers/STM32F3xx_HAL_Driver/Src/stm32f3xx_hal_dma.c.obj
 .comment       0x00000043       0x44 CMakeFiles/2024robocon_robot2.dir/Drivers/STM32F3xx_HAL_Driver/Src/stm32f3xx_hal_cortex.c.obj
 .comment       0x00000043       0x44 CMakeFiles/2024robocon_robot2.dir/Drivers/STM32F3xx_HAL_Driver/Src/stm32f3xx_hal_uart.c.obj
 .comment       0x00000043       0x44 CMakeFiles/2024robocon_robot2.dir/Drivers/STM32F3xx_HAL_Driver/Src/stm32f3xx_hal_uart_ex.c.obj
 .comment       0x00000043       0x44 CMakeFiles/2024robocon_robot2.dir/Core/Src/system_stm32f3xx.c.obj

.debug_line_str
                0x00000000       0x56
 .debug_line_str
                0x00000000       0x56 CMakeFiles/2024robocon_robot2.dir/startup_stm32f303x8.s.obj
