Archive member included to satisfy reference by file (symbol)

C:/ST/STM32CubeCLT_1.15.1/GNU-tools-for-STM32/bin/../lib/gcc/arm-none-eabi/12.3.1/../../../../arm-none-eabi/lib/thumb/v7e-m+fp/hard\libc_nano.a(libc_a-exit.o)
                              C:/ST/STM32CubeCLT_1.15.1/GNU-tools-for-STM32/bin/../lib/gcc/arm-none-eabi/12.3.1/../../../../arm-none-eabi/lib/thumb/v7e-m+fp/hard/crt0.o (exit)
C:/ST/STM32CubeCLT_1.15.1/GNU-tools-for-STM32/bin/../lib/gcc/arm-none-eabi/12.3.1/../../../../arm-none-eabi/lib/thumb/v7e-m+fp/hard\libc_nano.a(libc_a-findfp.o)
                              C:/ST/STM32CubeCLT_1.15.1/GNU-tools-for-STM32/bin/../lib/gcc/arm-none-eabi/12.3.1/../../../../arm-none-eabi/lib/thumb/v7e-m+fp/hard\libc_nano.a(libc_a-exit.o) (__stdio_exit_handler)
C:/ST/STM32CubeCLT_1.15.1/GNU-tools-for-STM32/bin/../lib/gcc/arm-none-eabi/12.3.1/../../../../arm-none-eabi/lib/thumb/v7e-m+fp/hard\libc_nano.a(libc_a-fwalk.o)
                              C:/ST/STM32CubeCLT_1.15.1/GNU-tools-for-STM32/bin/../lib/gcc/arm-none-eabi/12.3.1/../../../../arm-none-eabi/lib/thumb/v7e-m+fp/hard\libc_nano.a(libc_a-findfp.o) (_fwalk_sglue)
C:/ST/STM32CubeCLT_1.15.1/GNU-tools-for-STM32/bin/../lib/gcc/arm-none-eabi/12.3.1/../../../../arm-none-eabi/lib/thumb/v7e-m+fp/hard\libc_nano.a(libc_a-stdio.o)
                              C:/ST/STM32CubeCLT_1.15.1/GNU-tools-for-STM32/bin/../lib/gcc/arm-none-eabi/12.3.1/../../../../arm-none-eabi/lib/thumb/v7e-m+fp/hard\libc_nano.a(libc_a-findfp.o) (__sread)
C:/ST/STM32CubeCLT_1.15.1/GNU-tools-for-STM32/bin/../lib/gcc/arm-none-eabi/12.3.1/../../../../arm-none-eabi/lib/thumb/v7e-m+fp/hard\libc_nano.a(libc_a-memset.o)
                              C:/ST/STM32CubeCLT_1.15.1/GNU-tools-for-STM32/bin/../lib/gcc/arm-none-eabi/12.3.1/../../../../arm-none-eabi/lib/thumb/v7e-m+fp/hard/crt0.o (memset)
C:/ST/STM32CubeCLT_1.15.1/GNU-tools-for-STM32/bin/../lib/gcc/arm-none-eabi/12.3.1/../../../../arm-none-eabi/lib/thumb/v7e-m+fp/hard\libc_nano.a(libc_a-closer.o)
                              C:/ST/STM32CubeCLT_1.15.1/GNU-tools-for-STM32/bin/../lib/gcc/arm-none-eabi/12.3.1/../../../../arm-none-eabi/lib/thumb/v7e-m+fp/hard\libc_nano.a(libc_a-stdio.o) (_close_r)
C:/ST/STM32CubeCLT_1.15.1/GNU-tools-for-STM32/bin/../lib/gcc/arm-none-eabi/12.3.1/../../../../arm-none-eabi/lib/thumb/v7e-m+fp/hard\libc_nano.a(libc_a-reent.o)
                              C:/ST/STM32CubeCLT_1.15.1/GNU-tools-for-STM32/bin/../lib/gcc/arm-none-eabi/12.3.1/../../../../arm-none-eabi/lib/thumb/v7e-m+fp/hard\libc_nano.a(libc_a-closer.o) (errno)
C:/ST/STM32CubeCLT_1.15.1/GNU-tools-for-STM32/bin/../lib/gcc/arm-none-eabi/12.3.1/../../../../arm-none-eabi/lib/thumb/v7e-m+fp/hard\libc_nano.a(libc_a-impure.o)
                              C:/ST/STM32CubeCLT_1.15.1/GNU-tools-for-STM32/bin/../lib/gcc/arm-none-eabi/12.3.1/../../../../arm-none-eabi/lib/thumb/v7e-m+fp/hard\libc_nano.a(libc_a-reent.o) (_impure_ptr)
C:/ST/STM32CubeCLT_1.15.1/GNU-tools-for-STM32/bin/../lib/gcc/arm-none-eabi/12.3.1/../../../../arm-none-eabi/lib/thumb/v7e-m+fp/hard\libc_nano.a(libc_a-lseekr.o)
                              C:/ST/STM32CubeCLT_1.15.1/GNU-tools-for-STM32/bin/../lib/gcc/arm-none-eabi/12.3.1/../../../../arm-none-eabi/lib/thumb/v7e-m+fp/hard\libc_nano.a(libc_a-stdio.o) (_lseek_r)
C:/ST/STM32CubeCLT_1.15.1/GNU-tools-for-STM32/bin/../lib/gcc/arm-none-eabi/12.3.1/../../../../arm-none-eabi/lib/thumb/v7e-m+fp/hard\libc_nano.a(libc_a-readr.o)
                              C:/ST/STM32CubeCLT_1.15.1/GNU-tools-for-STM32/bin/../lib/gcc/arm-none-eabi/12.3.1/../../../../arm-none-eabi/lib/thumb/v7e-m+fp/hard\libc_nano.a(libc_a-stdio.o) (_read_r)
C:/ST/STM32CubeCLT_1.15.1/GNU-tools-for-STM32/bin/../lib/gcc/arm-none-eabi/12.3.1/../../../../arm-none-eabi/lib/thumb/v7e-m+fp/hard\libc_nano.a(libc_a-writer.o)
                              C:/ST/STM32CubeCLT_1.15.1/GNU-tools-for-STM32/bin/../lib/gcc/arm-none-eabi/12.3.1/../../../../arm-none-eabi/lib/thumb/v7e-m+fp/hard\libc_nano.a(libc_a-stdio.o) (_write_r)
C:/ST/STM32CubeCLT_1.15.1/GNU-tools-for-STM32/bin/../lib/gcc/arm-none-eabi/12.3.1/../../../../arm-none-eabi/lib/thumb/v7e-m+fp/hard\libc_nano.a(libc_a-init.o)
                              C:/ST/STM32CubeCLT_1.15.1/GNU-tools-for-STM32/bin/../lib/gcc/arm-none-eabi/12.3.1/../../../../arm-none-eabi/lib/thumb/v7e-m+fp/hard/crt0.o (__libc_init_array)
C:/ST/STM32CubeCLT_1.15.1/GNU-tools-for-STM32/bin/../lib/gcc/arm-none-eabi/12.3.1/../../../../arm-none-eabi/lib/thumb/v7e-m+fp/hard\libc_nano.a(libc_a-lock.o)
                              C:/ST/STM32CubeCLT_1.15.1/GNU-tools-for-STM32/bin/../lib/gcc/arm-none-eabi/12.3.1/../../../../arm-none-eabi/lib/thumb/v7e-m+fp/hard\libc_nano.a(libc_a-findfp.o) (__retarget_lock_init_recursive)
C:/ST/STM32CubeCLT_1.15.1/GNU-tools-for-STM32/bin/../lib/gcc/arm-none-eabi/12.3.1/../../../../arm-none-eabi/lib/thumb/v7e-m+fp/hard\libc_nano.a(libc_a-freer.o)
[...]
Memory Configuration

Name             Origin             Length             Attributes
RAM              0x20000000         0x00003000         xrw
CCMRAM           0x10000000         0x00001000         xrw
FLASH            0x08000000         0x00010000         xr
*default*        0x00000000         0xffffffff

Linker script and memory map

LOAD C:/ST/STM32CubeCLT_1.15.1/GNU-tools-for-STM32/bin/../lib/gcc/arm-none-eabi/12.3.1/thumb/v7e-m+fp/hard/crti.o
LOAD C:/ST/STM32CubeCLT_1.15.1/GNU-tools-for-STM32/bin/../lib/gcc/arm-none-eabi/12.3.1/thumb/v7e-m+fp/hard/crtbegin.o
LOAD C:/ST/STM32CubeCLT_1.15.1/GNU-tools-for-STM32/bin/../lib/gcc/arm-none-eabi/12.3.1/../../../../arm-none-eabi/lib/thumb/v7e-m+fp/hard/crt0.o
START GROUP
LOAD C:/ST/STM32CubeCLT_1.15.1/GNU-tools-for-STM32/bin/../lib/gcc/arm-none-eabi/12.3.1/../../../../arm-none-eabi/lib/thumb/v7e-m+fp/hard\libc_nano.a
LOAD C:/ST/STM32CubeCLT_1.15.1/GNU-tools-for-STM32/bin/../lib/gcc/arm-none-eabi/12.3.1/../../../../arm-none-eabi/lib/thumb/v7e-m+fp/hard\libm.a
END GROUP
LOAD CMakeFiles/2024robocon_robot2.dir/Core/Src/wireless_reception.c.obj
LOAD CMakeFiles/2024robocon_robot2.dir/Core/Src/robot_pow_operatin.c.obj
LOAD CMakeFiles/2024robocon_robot2.dir/Core/Src/main.c.obj
LOAD CMakeFiles/2024robocon_robot2.dir/Core/Src/stm32f3xx_it.c.obj
LOAD CMakeFiles/2024robocon_robot2.dir/Core/Src/stm32f3xx_hal_msp.c.obj
LOAD CMakeFiles/2024robocon_robot2.dir/Drivers/STM32F3xx_HAL_Driver/Src/stm32f3xx_hal_tim.c.obj
LOAD CMakeFiles/2024robocon_robot2.dir/Drivers/STM32F3xx_HAL_Driver/Src/stm32f3xx_hal_tim_ex.c.obj
LOAD CMakeFiles/2024robocon_robot2.dir/Drivers/STM32F3xx_HAL_Driver/Src/stm32f3xx_hal.c.obj
LOAD CMakeFiles/2024robocon_robot2.dir/Drivers/STM32F3xx_HAL_Driver/Src/stm32f3xx_hal_rcc.c.obj
LOAD CMakeFiles/2024robocon_robot2.dir/Drivers/STM32F3xx_HAL_Driver/Src/stm32f3xx_hal_rcc_ex.c.obj
LOAD CMakeFiles/2024robocon_robot2.dir/Drivers/STM32F3xx_HAL_Driver/Src/stm32f3xx_hal_gpio.c.obj
LOAD CMakeFiles/2024robocon_robot2.dir/Drivers/STM32F3xx_HAL_Driver/Src/stm32f3xx_hal_dma.c.obj
LOAD CMakeFiles/2024robocon_robot2.dir/Drivers/STM32F3xx_HAL_Driver/Src/stm32f3xx_hal_cortex.c.obj
LOAD CMakeFiles/2024robocon_robot2.dir/Drivers/STM32F3xx_HAL_Driver/Src/stm32f3xx_hal_pwr.c.obj
LOAD CMakeFiles/2024robocon_robot2.dir/Drivers/STM32F3xx_HAL_Driver/Src/stm32f3xx_hal_pwr_ex.c.obj
LOAD CMakeFiles/2024robocon_robot2.dir/Drivers/STM32F3xx_HAL_Driver/Src/stm32f3xx_hal_flash.c.obj
LOAD CMakeFiles/2024robocon_robot2.dir/Drivers/STM32F3xx_HAL_Driver/Src/stm32f3xx_hal_flash_ex.c.obj
LOAD CMakeFiles/2024robocon_robot2.dir/Drivers/STM32F3xx_HAL_Driver/Src/stm32f3xx_hal_i2c.c.obj
LOAD CMakeFiles/2024robocon_robot2.dir/Drivers/STM32F3xx_HAL_Driver/Src/stm32f3xx_hal_i2c_ex.c.obj
LOAD CMakeFiles/2024robocon_robot2.dir/Drivers/STM32F3xx_HAL_Driver/Src/stm32f3xx_hal_exti.c.obj
LOAD CMakeFiles/2024robocon_robot2.dir/Drivers/STM32F3xx_HAL_Driver/Src/stm32f3xx_hal_uart.c.obj
LOAD CMakeFiles/2024robocon_robot2.dir/Drivers/STM32F3xx_HAL_Driver/Src/stm32f3xx_hal_uart_ex.c.obj
LOAD CMakeFiles/2024robocon_robot2.dir/Core/Src/system_stm32f3xx.c.obj
LOAD CMakeFiles/2024robocon_robot2.dir/Core/Src/sysmem.c.obj
LOAD CMakeFiles/2024robocon_robot2.dir/Core/Src/syscalls.c.obj
LOAD CMakeFiles/2024robocon_robot2.dir/startup_stm32f303x8.s.obj
START GROUP
LOAD C:/ST/STM32CubeCLT_1.15.1/GNU-tools-for-STM32/bin/../lib/gcc/arm-none-eabi/12.3.1/thumb/v7e-m+fp/hard\libgcc.a
LOAD C:/ST/STM32CubeCLT_1.15.1/GNU-tools-for-STM32/bin/../lib/gcc/arm-none-eabi/12.3.1/../../../../arm-none-eabi/lib/thumb/v7e-m+fp/hard\libg_nano.a
LOAD C:/ST/STM32CubeCLT_1.15.1/GNU-tools-for-STM32/bin/../lib/gcc/arm-none-eabi/12.3.1/../../../../arm-none-eabi/lib/thumb/v7e-m+fp/hard\libc_nano.a
END GROUP
START GROUP
LOAD C:/ST/STM32CubeCLT_1.15.1/GNU-tools-for-STM32/bin/../lib/gcc/arm-none-eabi/12.3.1/thumb/v7e-m+fp/hard\libgcc.a
LOAD C:/ST/STM32CubeCLT_1.15.1/GNU-tools-for-STM32/bin/../lib/gcc/arm-none-eabi/12.3.1/../../../../arm-none-eabi/lib/thumb/v7e-m+fp/hard\libc_nano.a
END GROUP
LOAD C:/ST/STM32CubeCLT_1.15.1/GNU-tools-for-STM32/bin/../lib/gcc/arm-none-eabi/12.3.1/thumb/v7e-m+fp/hard/crtend.o
LOAD C:/ST/STM32CubeCLT_1.15.1/GNU-tools-for-STM32/bin/../lib/gcc/arm-none-eabi/12.3.1/thumb/v7e-m+fp/hard/crtn.o
                0x20003000                        _estack = (ORIGIN (RAM) + LENGTH (RAM))
                0x00000200                        _Min_Heap_Size = 0x200
                0x00000400                        _Min_Stack_Size = 0x400

.isr_vector     0x08000000      0x188
                0x08000000                        . = ALIGN (0x4)
 *(.isr_vector)
 .isr_vector    0x08000000      0x188 CMakeFiles/2024robocon_robot2.dir/startup_stm32f303x8.s.obj
                0x08000000                g_pfnVectors
                0x08000188                        . = ALIGN (0x4)

.text           0x08000188     0x7aa8
                0x08000188                        . = ALIGN (0x4)
 *(.text)
 .text          0x08000188       0x40 C:/ST/STM32CubeCLT_1.15.1/GNU-tools-for-STM32/bin/../lib/gcc/arm-none-eabi/12.3.1/thumb/v7e-m+fp/hard/crtbegin.o
 .text          0x080001c8      0x378 C:/ST/STM32CubeCLT_1.15.1/GNU-tools-for-STM32/bin/../lib/gcc/arm-none-eabi/12.3.1/thumb/v7e-m+fp/hard\libgcc.a(_arm_addsubdf3.o)
                0x080001c8                __aeabi_drsub
                0x080001d0                __aeabi_dsub
                0x080001d0                __subdf3
                0x080001d4                __aeabi_dadd
                0x080001d4                __adddf3
                0x0800044c                __floatunsidf
                0x0800044c                __aeabi_ui2d
                0x0800046c                __floatsidf
                0x0800046c                __aeabi_i2d
                0x08000490                __aeabi_f2d
                0x08000490                __extendsfdf2
                0x080004d4                __floatundidf
                0x080004d4                __aeabi_ul2d
                0x080004e4                __floatdidf
                0x080004e4                __aeabi_l2d
 .text          0x08000540      0x424 C:/ST/STM32CubeCLT_1.15.1/GNU-tools-for-STM32/bin/../lib/gcc/arm-none-eabi/12.3.1/thumb/v7e-m+fp/hard\libgcc.a(_arm_muldivdf3.o)
                0x08000540                __aeabi_dmul
                0x08000540                __muldf3
                0x08000794                __divdf3
                0x08000794                __aeabi_ddiv
 .text          0x08000964      0x110 C:/ST/STM32CubeCLT_1.15.1/GNU-tools-for-STM32/bin/../lib/gcc/arm-none-eabi/12.3.1/thumb/v7e-m+fp/hard\libgcc.a(_arm_cmpdf2.o)
                0x08000964                __gtdf2
                0x08000964                __gedf2
                0x0800096c                __ltdf2
                0x0800096c                __ledf2
                0x08000974                __nedf2
                0x08000974                __eqdf2
                0x08000974                __cmpdf2
                0x080009f0                __aeabi_cdrcmple
                0x08000a00                __aeabi_cdcmpeq
                0x08000a00                __aeabi_cdcmple
                0x08000a10                __aeabi_dcmpeq
                0x08000a24                __aeabi_dcmplt
                0x08000a38                __aeabi_dcmple
                0x08000a4c                __aeabi_dcmpge
                0x08000a60                __aeabi_dcmpgt
 .text          0x08000a74       0x50 C:/ST/STM32CubeCLT_1.15.1/GNU-tools-for-STM32/bin/../lib/gcc/arm-none-eabi/12.3.1/thumb/v7e-m+fp/hard\libgcc.a(_arm_fixdfsi.o)
                0x08000a74                __aeabi_d2iz
                0x08000a74                __fixdfsi
 *(.text*)
 .text.memset   0x08000ac4       0x10 C:/ST/STM32CubeCLT_1.15.1/GNU-tools-for-STM32/bin/../lib/gcc/arm-none-eabi/12.3.1/../../../../arm-none-eabi/lib/thumb/v7e-m+fp/hard\libc_nano.a(libc_a-memset.o)
                0x08000ac4                memset
 .text.__libc_init_array
                0x08000ad4       0x48 C:/ST/STM32CubeCLT_1.15.1/GNU-tools-for-STM32/bin/../lib/gcc/arm-none-eabi/12.3.1/../../../../arm-none-eabi/lib/thumb/v7e-m+fp/hard\libc_nano.a(libc_a-init.o)
                0x08000ad4                __libc_init_array
 .text.uart_reception
                0x08000b1c       0x68 CMakeFiles/2024robocon_robot2.dir/Core/Src/wireless_reception.c.obj
                0x08000b1c                uart_reception
 .text.DecodeControlerVarBuffer
                0x08000b84       0xba CMakeFiles/2024robocon_robot2.dir/Core/Src/wireless_reception.c.obj
                0x08000b84                DecodeControlerVarBuffer
 *fill*         0x08000c3e        0x2 
 .text.powerConverter
                0x08000c40      0x104 CMakeFiles/2024robocon_robot2.dir/Core/Src/robot_pow_operatin.c.obj
                0x08000c40                powerConverter
 *fill*         0x08000d44        0x4 
 .text.WheelPowControl
                0x08000d48      0x2cc CMakeFiles/2024robocon_robot2.dir/Core/Src/robot_pow_operatin.c.obj
                0x08000d48                WheelPowControl
 .text.IndividualOpelation
                0x08001014       0xf4 CMakeFiles/2024robocon_robot2.dir/Core/Src/robot_pow_operatin.c.obj
                0x08001014                IndividualOpelation
 .text.HAL_TIM_PeriodElapsedCallback
                0x08001108       0x58 CMakeFiles/2024robocon_robot2.dir/Core/Src/main.c.obj
                0x08001108                HAL_TIM_PeriodElapsedCallback
 .text.HAL_UART_RxCpltCallback
                0x08001160       0x20 CMakeFiles/2024robocon_robot2.dir/Core/Src/main.c.obj
                0x08001160                HAL_UART_RxCpltCallback
 .text.main     0x08001180      0x170 CMakeFiles/2024robocon_robot2.dir/Core/Src/main.c.obj
                0x08001180                main
 .text.SystemClock_Config
                0x080012f0       0xa4 CMakeFiles/2024robocon_robot2.dir/Core/Src/main.c.obj
                0x080012f0                SystemClock_Config
 .text.MX_TIM2_Init
                0x08001394       0xb4 CMakeFiles/2024robocon_robot2.dir/Core/Src/main.c.obj
 .text.MX_TIM3_Init
                0x08001448       0xe0 CMakeFiles/2024robocon_robot2.dir/Core/Src/main.c.obj
 .text.MX_TIM6_Init
                0x08001528       0x6c CMakeFiles/2024robocon_robot2.dir/Core/Src/main.c.obj
 .text.MX_TIM17_Init
                0x08001594       0xf4 CMakeFiles/2024robocon_robot2.dir/Core/Src/main.c.obj
 .text.MX_USART1_UART_Init
                0x08001688       0x60 CMakeFiles/2024robocon_robot2.dir/Core/Src/main.c.obj
 .text.MX_USART2_UART_Init
                0x080016e8       0x60 CMakeFiles/2024robocon_robot2.dir/Core/Src/main.c.obj
 .text.MX_GPIO_Init
                0x08001748       0xc4 CMakeFiles/2024robocon_robot2.dir/Core/Src/main.c.obj
 .text.Error_Handler
                0x0800180c        0xc CMakeFiles/2024robocon_robot2.dir/Core/Src/main.c.obj
                0x0800180c                Error_Handler
 .text.NMI_Handler
                0x08001818        0x8 CMakeFiles/2024robocon_robot2.dir/Core/Src/stm32f3xx_it.c.obj
                0x08001818                NMI_Handler
 .text.HardFault_Handler
                0x08001820        0x8 CMakeFiles/2024robocon_robot2.dir/Core/Src/stm32f3xx_it.c.obj
                0x08001820                HardFault_Handler
 .text.MemManage_Handler
                0x08001828        0x8 CMakeFiles/2024robocon_robot2.dir/Core/Src/stm32f3xx_it.c.obj
                0x08001828                MemManage_Handler
 .text.BusFault_Handler
                0x08001830        0x8 CMakeFiles/2024robocon_robot2.dir/Core/Src/stm32f3xx_it.c.obj
                0x08001830                BusFault_Handler
 .text.UsageFault_Handler
                0x08001838        0x8 CMakeFiles/2024robocon_robot2.dir/Core/Src/stm32f3xx_it.c.obj
                0x08001838                UsageFault_Handler
 .text.SVC_Handler
                0x08001840        0xe CMakeFiles/2024robocon_robot2.dir/Core/Src/stm32f3xx_it.c.obj
                0x08001840                SVC_Handler
 .text.DebugMon_Handler
                0x0800184e        0xe CMakeFiles/2024robocon_robot2.dir/Core/Src/stm32f3xx_it.c.obj
                0x0800184e                DebugMon_Handler
 .text.PendSV_Handler
                0x0800185c        0xe CMakeFiles/2024robocon_robot2.dir/Core/Src/stm32f3xx_it.c.obj
                0x0800185c                PendSV_Handler
 .text.SysTick_Handler
                0x0800186a        0xc CMakeFiles/2024robocon_robot2.dir/Core/Src/stm32f3xx_it.c.obj
                0x0800186a                SysTick_Handler
 *fill*         0x08001876        0x2 
 .text.TIM1_TRG_COM_TIM17_IRQHandler
                0x08001878       0x14 CMakeFiles/2024robocon_robot2.dir/Core/Src/stm32f3xx_it.c.obj
                0x08001878                TIM1_TRG_COM_TIM17_IRQHandler
 .text.USART1_IRQHandler
                0x0800188c       0x14 CMakeFiles/2024robocon_robot2.dir/Core/Src/stm32f3xx_it.c.obj
                0x0800188c                USART1_IRQHandler
 .text.USART2_IRQHandler
                0x080018a0       0x14 CMakeFiles/2024robocon_robot2.dir/Core/Src/stm32f3xx_it.c.obj
                0x080018a0                USART2_IRQHandler
 .text.TIM6_DAC1_IRQHandler
                0x080018b4       0x14 CMakeFiles/2024robocon_robot2.dir/Core/Src/stm32f3xx_it.c.obj
                0x080018b4                TIM6_DAC1_IRQHandler
 .text.HAL_MspInit
                0x080018c8       0x48 CMakeFiles/2024robocon_robot2.dir/Core/Src/stm32f3xx_hal_msp.c.obj
                0x080018c8                HAL_MspInit
 .text.HAL_TIM_PWM_MspInit
                0x08001910       0x64 CMakeFiles/2024robocon_robot2.dir/Core/Src/stm32f3xx_hal_msp.c.obj
                0x08001910                HAL_TIM_PWM_MspInit
 .text.HAL_TIM_Base_MspInit
                0x08001974       0x84 CMakeFiles/2024robocon_robot2.dir/Core/Src/stm32f3xx_hal_msp.c.obj
                0x08001974                HAL_TIM_Base_MspInit
 .text.HAL_TIM_MspPostInit
                0x080019f8      0x138 CMakeFiles/2024robocon_robot2.dir/Core/Src/stm32f3xx_hal_msp.c.obj
                0x080019f8                HAL_TIM_MspPostInit
 .text.HAL_UART_MspInit
                0x08001b30      0x148 CMakeFiles/2024robocon_robot2.dir/Core/Src/stm32f3xx_hal_msp.c.obj
                0x08001b30                HAL_UART_MspInit
 .text.HAL_TIM_Base_Init
                0x08001c78       0xae CMakeFiles/2024robocon_robot2.dir/Drivers/STM32F3xx_HAL_Driver/Src/stm32f3xx_hal_tim.c.obj
                0x08001c78                HAL_TIM_Base_Init
 *fill*         0x08001d26        0x2 
 .text.HAL_TIM_Base_Start_IT
                0x08001d28       0xb8 CMakeFiles/2024robocon_robot2.dir/Drivers/STM32F3xx_HAL_Driver/Src/stm32f3xx_hal_tim.c.obj
                0x08001d28                HAL_TIM_Base_Start_IT
 .text.HAL_TIM_PWM_Init
                0x08001de0       0xae CMakeFiles/2024robocon_robot2.dir/Drivers/STM32F3xx_HAL_Driver/Src/stm32f3xx_hal_tim.c.obj
                0x08001de0                HAL_TIM_PWM_Init
 *fill*         0x08001e8e        0x2 
 .text.HAL_TIM_PWM_Start
                0x08001e90      0x1d8 CMakeFiles/2024robocon_robot2.dir/Drivers/STM32F3xx_HAL_Driver/Src/stm32f3xx_hal_tim.c.obj
                0x08001e90                HAL_TIM_PWM_Start
 .text.HAL_TIM_IRQHandler
                0x08002068      0x23e CMakeFiles/2024robocon_robot2.dir/Drivers/STM32F3xx_HAL_Driver/Src/stm32f3xx_hal_tim.c.obj
                0x08002068                HAL_TIM_IRQHandler
 *fill*         0x080022a6        0x2 
 .text.HAL_TIM_PWM_ConfigChannel
                0x080022a8      0x228 CMakeFiles/2024robocon_robot2.dir/Drivers/STM32F3xx_HAL_Driver/Src/stm32f3xx_hal_tim.c.obj
                0x080022a8                HAL_TIM_PWM_ConfigChannel
 .text.HAL_TIM_OC_DelayElapsedCallback
                0x080024d0       0x14 CMakeFiles/2024robocon_robot2.dir/Drivers/STM32F3xx_HAL_Driver/Src/stm32f3xx_hal_tim.c.obj
                0x080024d0                HAL_TIM_OC_DelayElapsedCallback
 .text.HAL_TIM_IC_CaptureCallback
                0x080024e4       0x14 CMakeFiles/2024robocon_robot2.dir/Drivers/STM32F3xx_HAL_Driver/Src/stm32f3xx_hal_tim.c.obj
                0x080024e4                HAL_TIM_IC_CaptureCallback
 .text.HAL_TIM_PWM_PulseFinishedCallback
                0x080024f8       0x14 CMakeFiles/2024robocon_robot2.dir/Drivers/STM32F3xx_HAL_Driver/Src/stm32f3xx_hal_tim.c.obj
                0x080024f8                HAL_TIM_PWM_PulseFinishedCallback
 .text.HAL_TIM_TriggerCallback
                0x0800250c       0x14 CMakeFiles/2024robocon_robot2.dir/Drivers/STM32F3xx_HAL_Driver/Src/stm32f3xx_hal_tim.c.obj
                0x0800250c                HAL_TIM_TriggerCallback
 .text.TIM_Base_SetConfig
                0x08002520       0xf0 CMakeFiles/2024robocon_robot2.dir/Drivers/STM32F3xx_HAL_Driver/Src/stm32f3xx_hal_tim.c.obj
                0x08002520                TIM_Base_SetConfig
 .text.TIM_OC1_SetConfig
                0x08002610      0x10c CMakeFiles/2024robocon_robot2.dir/Drivers/STM32F3xx_HAL_Driver/Src/stm32f3xx_hal_tim.c.obj
 .text.TIM_OC2_SetConfig
                0x0800271c      0x100 CMakeFiles/2024robocon_robot2.dir/Drivers/STM32F3xx_HAL_Driver/Src/stm32f3xx_hal_tim.c.obj
                0x0800271c                TIM_OC2_SetConfig
 .text.TIM_OC3_SetConfig
                0x0800281c       0xfc CMakeFiles/2024robocon_robot2.dir/Drivers/STM32F3xx_HAL_Driver/Src/stm32f3xx_hal_tim.c.obj
 .text.TIM_OC4_SetConfig
                0x08002918       0xc8 CMakeFiles/2024robocon_robot2.dir/Drivers/STM32F3xx_HAL_Driver/Src/stm32f3xx_hal_tim.c.obj
 .text.TIM_OC5_SetConfig
                0x080029e0       0xbc CMakeFiles/2024robocon_robot2.dir/Drivers/STM32F3xx_HAL_Driver/Src/stm32f3xx_hal_tim.c.obj
 .text.TIM_OC6_SetConfig
                0x08002a9c       0xc0 CMakeFiles/2024robocon_robot2.dir/Drivers/STM32F3xx_HAL_Driver/Src/stm32f3xx_hal_tim.c.obj
 .text.TIM_CCxChannelCmd
                0x08002b5c       0x4a CMakeFiles/2024robocon_robot2.dir/Drivers/STM32F3xx_HAL_Driver/Src/stm32f3xx_hal_tim.c.obj
                0x08002b5c                TIM_CCxChannelCmd
 *fill*         0x08002ba6        0x2 
 .text.HAL_TIMEx_MasterConfigSynchronization
                0x08002ba8       0xdc CMakeFiles/2024robocon_robot2.dir/Drivers/STM32F3xx_HAL_Driver/Src/stm32f3xx_hal_tim_ex.c.obj
                0x08002ba8                HAL_TIMEx_MasterConfigSynchronization
 .text.HAL_TIMEx_ConfigBreakDeadTime
                0x08002c84       0xf0 CMakeFiles/2024robocon_robot2.dir/Drivers/STM32F3xx_HAL_Driver/Src/stm32f3xx_hal_tim_ex.c.obj
                0x08002c84                HAL_TIMEx_ConfigBreakDeadTime
 .text.HAL_TIMEx_CommutCallback
                0x08002d74       0x14 CMakeFiles/2024robocon_robot2.dir/Drivers/STM32F3xx_HAL_Driver/Src/stm32f3xx_hal_tim_ex.c.obj
                0x08002d74                HAL_TIMEx_CommutCallback
 .text.HAL_TIMEx_BreakCallback
                0x08002d88       0x14 CMakeFiles/2024robocon_robot2.dir/Drivers/STM32F3xx_HAL_Driver/Src/stm32f3xx_hal_tim_ex.c.obj
                0x08002d88                HAL_TIMEx_BreakCallback
 .text.HAL_TIMEx_Break2Callback
                0x08002d9c       0x14 CMakeFiles/2024robocon_robot2.dir/Drivers/STM32F3xx_HAL_Driver/Src/stm32f3xx_hal_tim_ex.c.obj
                0x08002d9c                HAL_TIMEx_Break2Callback
 .text.HAL_Init
                0x08002db0       0x2c CMakeFiles/2024robocon_robot2.dir/Drivers/STM32F3xx_HAL_Driver/Src/stm32f3xx_hal.c.obj
                0x08002db0                HAL_Init
 .text.HAL_InitTick
                0x08002ddc       0x60 CMakeFiles/2024robocon_robot2.dir/Drivers/STM32F3xx_HAL_Driver/Src/stm32f3xx_hal.c.obj
                0x08002ddc                HAL_InitTick
 .text.HAL_IncTick
                0x08002e3c       0x28 CMakeFiles/2024robocon_robot2.dir/Drivers/STM32F3xx_HAL_Driver/Src/stm32f3xx_hal.c.obj
                0x08002e3c                HAL_IncTick
 .text.HAL_GetTick
                0x08002e64       0x18 CMakeFiles/2024robocon_robot2.dir/Drivers/STM32F3xx_HAL_Driver/Src/stm32f3xx_hal.c.obj
                0x08002e64                HAL_GetTick
 .text.HAL_RCC_OscConfig
                0x08002e7c     0x107c CMakeFiles/2024robocon_robot2.dir/Drivers/STM32F3xx_HAL_Driver/Src/stm32f3xx_hal_rcc.c.obj
                0x08002e7c                HAL_RCC_OscConfig
 .text.HAL_RCC_ClockConfig
                0x08003ef8      0x2f8 CMakeFiles/2024robocon_robot2.dir/Drivers/STM32F3xx_HAL_Driver/Src/stm32f3xx_hal_rcc.c.obj
                0x08003ef8                HAL_RCC_ClockConfig
 .text.HAL_RCC_GetSysClockFreq
                0x080041f0       0xd4 CMakeFiles/2024robocon_robot2.dir/Drivers/STM32F3xx_HAL_Driver/Src/stm32f3xx_hal_rcc.c.obj
                0x080041f0                HAL_RCC_GetSysClockFreq
 .text.HAL_RCC_GetHCLKFreq
                0x080042c4       0x18 CMakeFiles/2024robocon_robot2.dir/Drivers/STM32F3xx_HAL_Driver/Src/stm32f3xx_hal_rcc.c.obj
                0x080042c4                HAL_RCC_GetHCLKFreq
 .text.HAL_RCC_GetPCLK1Freq
                0x080042dc       0x44 CMakeFiles/2024robocon_robot2.dir/Drivers/STM32F3xx_HAL_Driver/Src/stm32f3xx_hal_rcc.c.obj
                0x080042dc                HAL_RCC_GetPCLK1Freq
 .text.HAL_RCC_GetPCLK2Freq
                0x08004320       0x44 CMakeFiles/2024robocon_robot2.dir/Drivers/STM32F3xx_HAL_Driver/Src/stm32f3xx_hal_rcc.c.obj
                0x08004320                HAL_RCC_GetPCLK2Freq
 .text.HAL_RCCEx_PeriphCLKConfig
                0x08004364      0x24c CMakeFiles/2024robocon_robot2.dir/Drivers/STM32F3xx_HAL_Driver/Src/stm32f3xx_hal_rcc_ex.c.obj
                0x08004364                HAL_RCCEx_PeriphCLKConfig
 .text.HAL_GPIO_Init
                0x080045b0      0x2e4 CMakeFiles/2024robocon_robot2.dir/Drivers/STM32F3xx_HAL_Driver/Src/stm32f3xx_hal_gpio.c.obj
                0x080045b0                HAL_GPIO_Init
 .text.HAL_GPIO_WritePin
                0x08004894       0x30 CMakeFiles/2024robocon_robot2.dir/Drivers/STM32F3xx_HAL_Driver/Src/stm32f3xx_hal_gpio.c.obj
                0x08004894                HAL_GPIO_WritePin
 .text.HAL_DMA_Abort
                0x080048c4       0x72 CMakeFiles/2024robocon_robot2.dir/Drivers/STM32F3xx_HAL_Driver/Src/stm32f3xx_hal_dma.c.obj
                0x080048c4                HAL_DMA_Abort
 .text.HAL_DMA_Abort_IT
                0x08004936       0x7c CMakeFiles/2024robocon_robot2.dir/Drivers/STM32F3xx_HAL_Driver/Src/stm32f3xx_hal_dma.c.obj
                0x08004936                HAL_DMA_Abort_IT
 *fill*         0x080049b2        0x2 
 .text.__NVIC_SetPriorityGrouping
                0x080049b4       0x48 CMakeFiles/2024robocon_robot2.dir/Drivers/STM32F3xx_HAL_Driver/Src/stm32f3xx_hal_cortex.c.obj
 .text.__NVIC_GetPriorityGrouping
                0x080049fc       0x1c CMakeFiles/2024robocon_robot2.dir/Drivers/STM32F3xx_HAL_Driver/Src/stm32f3xx_hal_cortex.c.obj
 .text.__NVIC_EnableIRQ
                0x08004a18       0x3c CMakeFiles/2024robocon_robot2.dir/Drivers/STM32F3xx_HAL_Driver/Src/stm32f3xx_hal_cortex.c.obj
 .text.__NVIC_SetPriority
                0x08004a54       0x54 CMakeFiles/2024robocon_robot2.dir/Drivers/STM32F3xx_HAL_Driver/Src/stm32f3xx_hal_cortex.c.obj
 .text.NVIC_EncodePriority
                0x08004aa8       0x66 CMakeFiles/2024robocon_robot2.dir/Drivers/STM32F3xx_HAL_Driver/Src/stm32f3xx_hal_cortex.c.obj
 *fill*         0x08004b0e        0x2 
 .text.SysTick_Config
                0x08004b10       0x44 CMakeFiles/2024robocon_robot2.dir/Drivers/STM32F3xx_HAL_Driver/Src/stm32f3xx_hal_cortex.c.obj
 .text.HAL_NVIC_SetPriorityGrouping
                0x08004b54       0x16 CMakeFiles/2024robocon_robot2.dir/Drivers/STM32F3xx_HAL_Driver/Src/stm32f3xx_hal_cortex.c.obj
                0x08004b54                HAL_NVIC_SetPriorityGrouping
 .text.HAL_NVIC_SetPriority
                0x08004b6a       0x38 CMakeFiles/2024robocon_robot2.dir/Drivers/STM32F3xx_HAL_Driver/Src/stm32f3xx_hal_cortex.c.obj
                0x08004b6a                HAL_NVIC_SetPriority
 .text.HAL_NVIC_EnableIRQ
                0x08004ba2       0x1c CMakeFiles/2024robocon_robot2.dir/Drivers/STM32F3xx_HAL_Driver/Src/stm32f3xx_hal_cortex.c.obj
                0x08004ba2                HAL_NVIC_EnableIRQ
 .text.HAL_SYSTICK_Config
                0x08004bbe       0x18 CMakeFiles/2024robocon_robot2.dir/Drivers/STM32F3xx_HAL_Driver/Src/stm32f3xx_hal_cortex.c.obj
                0x08004bbe                HAL_SYSTICK_Config
 .text.HAL_UART_Init
                0x08004bd6       0x9c CMakeFiles/2024robocon_robot2.dir/Drivers/STM32F3xx_HAL_Driver/Src/stm32f3xx_hal_uart.c.obj
                0x08004bd6                HAL_UART_Init
 .text.HAL_UART_Transmit
                0x08004c72      0x112 CMakeFiles/2024robocon_robot2.dir/Drivers/STM32F3xx_HAL_Driver/Src/stm32f3xx_hal_uart.c.obj
                0x08004c72                HAL_UART_Transmit
 .text.HAL_UART_Receive_IT
                0x08004d84       0x88 CMakeFiles/2024robocon_robot2.dir/Drivers/STM32F3xx_HAL_Driver/Src/stm32f3xx_hal_uart.c.obj
                0x08004d84                HAL_UART_Receive_IT
 .text.HAL_UART_AbortReceive_IT
                0x08004e0c      0x190 CMakeFiles/2024robocon_robot2.dir/Drivers/STM32F3xx_HAL_Driver/Src/stm32f3xx_hal_uart.c.obj
                0x08004e0c                HAL_UART_AbortReceive_IT
 .text.HAL_UART_IRQHandler
                0x08004f9c      0x5cc CMakeFiles/2024robocon_robot2.dir/Drivers/STM32F3xx_HAL_Driver/Src/stm32f3xx_hal_uart.c.obj
                0x08004f9c                HAL_UART_IRQHandler
 .text.HAL_UART_TxCpltCallback
                0x08005568       0x14 CMakeFiles/2024robocon_robot2.dir/Drivers/STM32F3xx_HAL_Driver/Src/stm32f3xx_hal_uart.c.obj
                0x08005568                HAL_UART_TxCpltCallback
 .text.HAL_UART_ErrorCallback
                0x0800557c       0x14 CMakeFiles/2024robocon_robot2.dir/Drivers/STM32F3xx_HAL_Driver/Src/stm32f3xx_hal_uart.c.obj
                0x0800557c                HAL_UART_ErrorCallback
 .text.HAL_UART_AbortReceiveCpltCallback
                0x08005590       0x14 CMakeFiles/2024robocon_robot2.dir/Drivers/STM32F3xx_HAL_Driver/Src/stm32f3xx_hal_uart.c.obj
                0x08005590                HAL_UART_AbortReceiveCpltCallback
 .text.HAL_UARTEx_RxEventCallback
                0x080055a4       0x18 CMakeFiles/2024robocon_robot2.dir/Drivers/STM32F3xx_HAL_Driver/Src/stm32f3xx_hal_uart.c.obj
                0x080055a4                HAL_UARTEx_RxEventCallback
 .text.UART_SetConfig
                0x080055bc      0x26c CMakeFiles/2024robocon_robot2.dir/Drivers/STM32F3xx_HAL_Driver/Src/stm32f3xx_hal_uart.c.obj
                0x080055bc                UART_SetConfig
 .text.UART_AdvFeatureConfig
                0x08005828      0x144 CMakeFiles/2024robocon_robot2.dir/Drivers/STM32F3xx_HAL_Driver/Src/stm32f3xx_hal_uart.c.obj
                0x08005828                UART_AdvFeatureConfig
 .text.UART_CheckIdleState
                0x0800596c      0x150 CMakeFiles/2024robocon_robot2.dir/Drivers/STM32F3xx_HAL_Driver/Src/stm32f3xx_hal_uart.c.obj
                0x0800596c                UART_CheckIdleState
 .text.UART_WaitOnFlagUntilTimeout
                0x08005abc       0xce CMakeFiles/2024robocon_robot2.dir/Drivers/STM32F3xx_HAL_Driver/Src/stm32f3xx_hal_uart.c.obj
                0x08005abc                UART_WaitOnFlagUntilTimeout
 *fill*         0x08005b8a        0x2 
 .text.UART_Start_Receive_IT
                0x08005b8c      0x18c CMakeFiles/2024robocon_robot2.dir/Drivers/STM32F3xx_HAL_Driver/Src/stm32f3xx_hal_uart.c.obj
                0x08005b8c                UART_Start_Receive_IT
 .text.UART_EndRxTransfer
                0x08005d18       0xc8 CMakeFiles/2024robocon_robot2.dir/Drivers/STM32F3xx_HAL_Driver/Src/stm32f3xx_hal_uart.c.obj
 .text.UART_DMAAbortOnError
                0x08005de0       0x2c CMakeFiles/2024robocon_robot2.dir/Drivers/STM32F3xx_HAL_Driver/Src/stm32f3xx_hal_uart.c.obj
 .text.UART_DMARxOnlyAbortCallback
                0x08005e0c       0x4a CMakeFiles/2024robocon_robot2.dir/Drivers/STM32F3xx_HAL_Driver/Src/stm32f3xx_hal_uart.c.obj
 .text.UART_EndTransmit_IT
                0x08005e56       0x54 CMakeFiles/2024robocon_robot2.dir/Drivers/STM32F3xx_HAL_Driver/Src/stm32f3xx_hal_uart.c.obj
 .text.UART_RxISR_8BIT
                0x08005eaa      0x1a8 CMakeFiles/2024robocon_robot2.dir/Drivers/STM32F3xx_HAL_Driver/Src/stm32f3xx_hal_uart.c.obj
 .text.UART_RxISR_16BIT
                0x08006052      0x1a8 CMakeFiles/2024robocon_robot2.dir/Drivers/STM32F3xx_HAL_Driver/Src/stm32f3xx_hal_uart.c.obj
 .text.HAL_UARTEx_WakeupCallback
                0x080061fa       0x14 CMakeFiles/2024robocon_robot2.dir/Drivers/STM32F3xx_HAL_Driver/Src/stm32f3xx_hal_uart_ex.c.obj
                0x080061fa                HAL_UARTEx_WakeupCallback
 *fill*         0x0800620e        0x2 
 .text.SystemInit
                0x08006210       0x24 CMakeFiles/2024robocon_robot2.dir/Core/Src/system_stm32f3xx.c.obj
                0x08006210                SystemInit
 .text.Reset_Handler
                0x08006234       0x50 CMakeFiles/2024robocon_robot2.dir/startup_stm32f303x8.s.obj
                0x08006234                Reset_Handler
 .text.Default_Handler
                0x08006284        0x2 CMakeFiles/2024robocon_robot2.dir/startup_stm32f303x8.s.obj
                0x08006284                RTC_Alarm_IRQHandler
                0x08006284                TIM1_CC_IRQHandler
                0x08006284                PVD_IRQHandler
                0x08006284                TAMP_STAMP_IRQHandler
                0x08006284                EXTI3_IRQHandler
                0x08006284                EXTI0_IRQHandler
                0x08006284                FPU_IRQHandler
                0x08006284                CAN_TX_IRQHandler
                0x08006284                TIM1_UP_TIM16_IRQHandler
                0x08006284                ADC1_2_IRQHandler
                0x08006284                SPI1_IRQHandler
                0x08006284                CAN_SCE_IRQHandler
                0x08006284                DMA1_Channel4_IRQHandler
                0x08006284                USART3_IRQHandler
                0x08006284                DMA1_Channel7_IRQHandler
                0x08006284                TIM7_DAC2_IRQHandler
                0x08006284                CAN_RX1_IRQHandler
                0x08006284                I2C1_EV_IRQHandler
                0x08006284                DMA1_Channel6_IRQHandler
                0x08006284                TIM3_IRQHandler
                0x08006284                RCC_IRQHandler
                0x08006284                DMA1_Channel1_IRQHandler
                0x08006284                Default_Handler
                0x08006284                EXTI15_10_IRQHandler
                0x08006284                COMP2_IRQHandler
                0x08006284                EXTI9_5_IRQHandler
                0x08006284                RTC_WKUP_IRQHandler
                0x08006284                DMA1_Channel5_IRQHandler
                0x08006284                EXTI4_IRQHandler
                0x08006284                DMA1_Channel3_IRQHandler
                0x08006284                WWDG_IRQHandler
                0x08006284                TIM2_IRQHandler
                0x08006284                EXTI1_IRQHandler
                0x08006284                COMP4_6_IRQHandler
                0x08006284                DMA1_Channel2_IRQHandler
                0x08006284                FLASH_IRQHandler
                0x08006284                CAN_RX0_IRQHandler
                0x08006284                I2C1_ER_IRQHandler
                0x08006284                EXTI2_TSC_IRQHandler
                0x08006284                TIM1_BRK_TIM15_IRQHandler
 *fill*         0x08006286        0x2 
 .text.__errno  0x08006288        0xc C:/ST/STM32CubeCLT_1.15.1/GNU-tools-for-STM32/bin/../lib/gcc/arm-none-eabi/12.3.1/../../../../arm-none-eabi/lib/thumb/v7e-m+fp/hard\libg_nano.a(libc_a-errno.o)
                0x08006288                __errno
 .text.atan2    0x08006294        0x4 C:/ST/STM32CubeCLT_1.15.1/GNU-tools-for-STM32/bin/../lib/gcc/arm-none-eabi/12.3.1/../../../../arm-none-eabi/lib/thumb/v7e-m+fp/hard\libm.a(libm_a-w_atan2.o)
                0x08006294                atan2
 .text.hypot    0x08006298       0x68 C:/ST/STM32CubeCLT_1.15.1/GNU-tools-for-STM32/bin/../lib/gcc/arm-none-eabi/12.3.1/../../../../arm-none-eabi/lib/thumb/v7e-m+fp/hard\libm.a(libm_a-w_hypot.o)
                0x08006298                hypot
 .text.sin      0x08006300       0xa8 C:/ST/STM32CubeCLT_1.15.1/GNU-tools-for-STM32/bin/../lib/gcc/arm-none-eabi/12.3.1/../../../../arm-none-eabi/lib/thumb/v7e-m+fp/hard\libm.a(libm_a-s_sin.o)
                0x08006300                sin
 .text.finite   0x080063a8       0x16 C:/ST/STM32CubeCLT_1.15.1/GNU-tools-for-STM32/bin/../lib/gcc/arm-none-eabi/12.3.1/../../../../arm-none-eabi/lib/thumb/v7e-m+fp/hard\libm.a(libm_a-s_finite.o)
                0x080063a8                finite
 *fill*         0x080063be        0x2 
 .text.__kernel_cos
                0x080063c0      0x18c C:/ST/STM32CubeCLT_1.15.1/GNU-tools-for-STM32/bin/../lib/gcc/arm-none-eabi/12.3.1/../../../../arm-none-eabi/lib/thumb/v7e-m+fp/hard\libm.a(libm_a-k_cos.o)
                0x080063c0                __kernel_cos
 *fill*         0x0800654c        0x4 
 .text.__kernel_sin
                0x08006550      0x174 C:/ST/STM32CubeCLT_1.15.1/GNU-tools-for-STM32/bin/../lib/gcc/arm-none-eabi/12.3.1/../../../../arm-none-eabi/lib/thumb/v7e-m+fp/hard\libm.a(libm_a-k_sin.o)
                0x08006550                __kernel_sin
 *fill*         0x080066c4        0x4 
 .text.__ieee754_atan2
                0x080066c8      0x18c C:/ST/STM32CubeCLT_1.15.1/GNU-tools-for-STM32/bin/../lib/gcc/arm-none-eabi/12.3.1/../../../../arm-none-eabi/lib/thumb/v7e-m+fp/hard\libm.a(libm_a-e_atan2.o)
                0x080066c8                __ieee754_atan2
 .text.__ieee754_hypot
                0x08006854      0x22c C:/ST/STM32CubeCLT_1.15.1/GNU-tools-for-STM32/bin/../lib/gcc/arm-none-eabi/12.3.1/../../../../arm-none-eabi/lib/thumb/v7e-m+fp/hard\libm.a(libm_a-e_hypot.o)
                0x08006854                __ieee754_hypot
 .text.__ieee754_rem_pio2
                0x08006a80      0x3f8 C:/ST/STM32CubeCLT_1.15.1/GNU-tools-for-STM32/bin/../lib/gcc/arm-none-eabi/12.3.1/../../../../arm-none-eabi/lib/thumb/v7e-m+fp/hard\libm.a(libm_a-e_rem_pio2.o)
                0x08006a80                __ieee754_rem_pio2
 .text.atan     0x08006e78      0x330 C:/ST/STM32CubeCLT_1.15.1/GNU-tools-for-STM32/bin/../lib/gcc/arm-none-eabi/12.3.1/../../../../arm-none-eabi/lib/thumb/v7e-m+fp/hard\libm.a(libm_a-s_atan.o)
                0x08006e78                atan
 .text.fabs     0x080071a8       0x10 C:/ST/STM32CubeCLT_1.15.1/GNU-tools-for-STM32/bin/../lib/gcc/arm-none-eabi/12.3.1/../../../../arm-none-eabi/lib/thumb/v7e-m+fp/hard\libm.a(libm_a-s_fabs.o)
                0x080071a8                fabs
 .text.__ieee754_sqrt
                0x080071b8      0x1b4 C:/ST/STM32CubeCLT_1.15.1/GNU-tools-for-STM32/bin/../lib/gcc/arm-none-eabi/12.3.1/../../../../arm-none-eabi/lib/thumb/v7e-m+fp/hard\libm.a(libm_a-e_sqrt.o)
                0x080071b8                __ieee754_sqrt
 *fill*         0x0800736c        0x4 
 .text.__kernel_rem_pio2
                0x08007370      0x6b0 C:/ST/STM32CubeCLT_1.15.1/GNU-tools-for-STM32/bin/../lib/gcc/arm-none-eabi/12.3.1/../../../../arm-none-eabi/lib/thumb/v7e-m+fp/hard\libm.a(libm_a-k_rem_pio2.o)
                0x08007370                __kernel_rem_pio2
 .text.scalbn   0x08007a20       0xfc C:/ST/STM32CubeCLT_1.15.1/GNU-tools-for-STM32/bin/../lib/gcc/arm-none-eabi/12.3.1/../../../../arm-none-eabi/lib/thumb/v7e-m+fp/hard\libm.a(libm_a-s_scalbn.o)
                0x08007a20                scalbn
 *fill*         0x08007b1c        0x4 
 .text.floor    0x08007b20       0xf8 C:/ST/STM32CubeCLT_1.15.1/GNU-tools-for-STM32/bin/../lib/gcc/arm-none-eabi/12.3.1/../../../../arm-none-eabi/lib/thumb/v7e-m+fp/hard\libm.a(libm_a-s_floor.o)
                0x08007b20                floor
 *(.glue_7)
 .glue_7        0x08007c18        0x0 linker stubs
 *(.glue_7t)
 .glue_7t       0x08007c18        0x0 linker stubs
 *(.eh_frame)
 .eh_frame      0x08007c18        0x0 C:/ST/STM32CubeCLT_1.15.1/GNU-tools-for-STM32/bin/../lib/gcc/arm-none-eabi/12.3.1/thumb/v7e-m+fp/hard/crtbegin.o
 *(.init)
 .init          0x08007c18        0x4 C:/ST/STM32CubeCLT_1.15.1/GNU-tools-for-STM32/bin/../lib/gcc/arm-none-eabi/12.3.1/thumb/v7e-m+fp/hard/crti.o
                0x08007c18                _init
 .init          0x08007c1c        0x8 C:/ST/STM32CubeCLT_1.15.1/GNU-tools-for-STM32/bin/../lib/gcc/arm-none-eabi/12.3.1/thumb/v7e-m+fp/hard/crtn.o
 *(.fini)
 .fini          0x08007c24        0x4 C:/ST/STM32CubeCLT_1.15.1/GNU-tools-for-STM32/bin/../lib/gcc/arm-none-eabi/12.3.1/thumb/v7e-m+fp/hard/crti.o
                0x08007c24                _fini
 .fini          0x08007c28        0x8 C:/ST/STM32CubeCLT_1.15.1/GNU-tools-for-STM32/bin/../lib/gcc/arm-none-eabi/12.3.1/thumb/v7e-m+fp/hard/crtn.o
                0x08007c30                        . = ALIGN (0x4)
                0x08007c30                        _etext = .

.vfp11_veneer   0x08007c30        0x0
 .vfp11_veneer  0x08007c30        0x0 linker stubs

.v4_bx          0x08007c30        0x0
 .v4_bx         0x08007c30        0x0 linker stubs

.iplt           0x08007c30        0x0
 .iplt          0x08007c30        0x0 C:/ST/STM32CubeCLT_1.15.1/GNU-tools-for-STM32/bin/../lib/gcc/arm-none-eabi/12.3.1/thumb/v7e-m+fp/hard/crtbegin.o

.rodata         0x08007c30      0x280
                0x08007c30                        . = ALIGN (0x4)
 *(.rodata)
 *(.rodata*)
 .rodata.aPLLMULFactorTable
                0x08007c30       0x10 CMakeFiles/2024robocon_robot2.dir/Drivers/STM32F3xx_HAL_Driver/Src/stm32f3xx_hal_rcc.c.obj
 .rodata.aPredivFactorTable
                0x08007c40       0x10 CMakeFiles/2024robocon_robot2.dir/Drivers/STM32F3xx_HAL_Driver/Src/stm32f3xx_hal_rcc.c.obj
 .rodata.AHBPrescTable
                0x08007c50       0x10 CMakeFiles/2024robocon_robot2.dir/Core/Src/system_stm32f3xx.c.obj
                0x08007c50                AHBPrescTable
 .rodata.APBPrescTable
                0x08007c60        0x8 CMakeFiles/2024robocon_robot2.dir/Core/Src/system_stm32f3xx.c.obj
                0x08007c60                APBPrescTable
 .rodata.CSWTCH.9
                0x08007c68       0x18 C:/ST/STM32CubeCLT_1.15.1/GNU-tools-for-STM32/bin/../lib/gcc/arm-none-eabi/12.3.1/../../../../arm-none-eabi/lib/thumb/v7e-m+fp/hard\libm.a(libm_a-e_atan2.o)
 .rodata.CSWTCH.8
                0x08007c80       0x18 C:/ST/STM32CubeCLT_1.15.1/GNU-tools-for-STM32/bin/../lib/gcc/arm-none-eabi/12.3.1/../../../../arm-none-eabi/lib/thumb/v7e-m+fp/hard\libm.a(libm_a-e_atan2.o)
 .rodata.npio2_hw
                0x08007c98       0x80 C:/ST/STM32CubeCLT_1.15.1/GNU-tools-for-STM32/bin/../lib/gcc/arm-none-eabi/12.3.1/../../../../arm-none-eabi/lib/thumb/v7e-m+fp/hard\libm.a(libm_a-e_rem_pio2.o)
 .rodata.two_over_pi
                0x08007d18      0x108 C:/ST/STM32CubeCLT_1.15.1/GNU-tools-for-STM32/bin/../lib/gcc/arm-none-eabi/12.3.1/../../../../arm-none-eabi/lib/thumb/v7e-m+fp/hard\libm.a(libm_a-e_rem_pio2.o)
 .rodata.atanlo
                0x08007e20       0x20 C:/ST/STM32CubeCLT_1.15.1/GNU-tools-for-STM32/bin/../lib/gcc/arm-none-eabi/12.3.1/../../../../arm-none-eabi/lib/thumb/v7e-m+fp/hard\libm.a(libm_a-s_atan.o)
 .rodata.atanhi
                0x08007e40       0x20 C:/ST/STM32CubeCLT_1.15.1/GNU-tools-for-STM32/bin/../lib/gcc/arm-none-eabi/12.3.1/../../../../arm-none-eabi/lib/thumb/v7e-m+fp/hard\libm.a(libm_a-s_atan.o)
 .rodata.PIo2   0x08007e60       0x40 C:/ST/STM32CubeCLT_1.15.1/GNU-tools-for-STM32/bin/../lib/gcc/arm-none-eabi/12.3.1/../../../../arm-none-eabi/lib/thumb/v7e-m+fp/hard\libm.a(libm_a-k_rem_pio2.o)
 .rodata.init_jk
                0x08007ea0       0x10 C:/ST/STM32CubeCLT_1.15.1/GNU-tools-for-STM32/bin/../lib/gcc/arm-none-eabi/12.3.1/../../../../arm-none-eabi/lib/thumb/v7e-m+fp/hard\libm.a(libm_a-k_rem_pio2.o)
                0x08007eb0                        . = ALIGN (0x4)

.rel.dyn        0x08007eb0        0x0
 .rel.iplt      0x08007eb0        0x0 C:/ST/STM32CubeCLT_1.15.1/GNU-tools-for-STM32/bin/../lib/gcc/arm-none-eabi/12.3.1/thumb/v7e-m+fp/hard/crtbegin.o

.ARM.extab
 *(.ARM.extab* .gnu.linkonce.armextab.*)

.ARM            0x08007eb0        0x0
                0x08007eb0                        __exidx_start = .
 *(.ARM.exidx*)
                0x08007eb0                        __exidx_end = .

.preinit_array  0x08007eb0        0x0
                0x08007eb0                        PROVIDE (__preinit_array_start = .)
 *(.preinit_array*)
                0x08007eb0                        PROVIDE (__preinit_array_end = .)

.init_array     0x08007eb0        0x4
                0x08007eb0                        PROVIDE (__init_array_start = .)
 *(SORT_BY_NAME(.init_array.*))
 *(.init_array*)
 .init_array    0x08007eb0        0x4 C:/ST/STM32CubeCLT_1.15.1/GNU-tools-for-STM32/bin/../lib/gcc/arm-none-eabi/12.3.1/thumb/v7e-m+fp/hard/crtbegin.o
                0x08007eb4                        PROVIDE (__init_array_end = .)

.fini_array     0x08007eb4        0x4
                [!provide]                        PROVIDE (__fini_array_start = .)
 *(SORT_BY_NAME(.fini_array.*))
 *(.fini_array*)
 .fini_array    0x08007eb4        0x4 C:/ST/STM32CubeCLT_1.15.1/GNU-tools-for-STM32/bin/../lib/gcc/arm-none-eabi/12.3.1/thumb/v7e-m+fp/hard/crtbegin.o
                [!provide]                        PROVIDE (__fini_array_end = .)
                0x08007eb8                        _sidata = LOADADDR (.data)

.data           0x20000000       0x70 load address 0x08007eb8
                0x20000000                        . = ALIGN (0x4)
                0x20000000                        _sdata = .
 *(.data)
 *(.data*)
 .data._impure_ptr
                0x20000000        0x4 C:/ST/STM32CubeCLT_1.15.1/GNU-tools-for-STM32/bin/../lib/gcc/arm-none-eabi/12.3.1/../../../../arm-none-eabi/lib/thumb/v7e-m+fp/hard\libc_nano.a(libc_a-impure.o)
                0x20000000                _impure_ptr
 .data._impure_data
                0x20000004       0x4c C:/ST/STM32CubeCLT_1.15.1/GNU-tools-for-STM32/bin/../lib/gcc/arm-none-eabi/12.3.1/../../../../arm-none-eabi/lib/thumb/v7e-m+fp/hard\libc_nano.a(libc_a-impure.o)
                0x20000004                _impure_data
 .data.powerA.1
                0x20000050        0x2 CMakeFiles/2024robocon_robot2.dir/Core/Src/robot_pow_operatin.c.obj
 .data.powerB.0
                0x20000052        0x2 CMakeFiles/2024robocon_robot2.dir/Core/Src/robot_pow_operatin.c.obj
 .data.uwTickPrio
                0x20000054        0x4 CMakeFiles/2024robocon_robot2.dir/Drivers/STM32F3xx_HAL_Driver/Src/stm32f3xx_hal.c.obj
                0x20000054                uwTickPrio
 .data.uwTickFreq
                0x20000058        0x1 CMakeFiles/2024robocon_robot2.dir/Drivers/STM32F3xx_HAL_Driver/Src/stm32f3xx_hal.c.obj
                0x20000058                uwTickFreq
 *fill*         0x20000059        0x3 
 .data.SystemCoreClock
                0x2000005c        0x4 CMakeFiles/2024robocon_robot2.dir/Core/Src/system_stm32f3xx.c.obj
                0x2000005c                SystemCoreClock
 .data.tiny     0x20000060        0x8 C:/ST/STM32CubeCLT_1.15.1/GNU-tools-for-STM32/bin/../lib/gcc/arm-none-eabi/12.3.1/../../../../arm-none-eabi/lib/thumb/v7e-m+fp/hard\libm.a(libm_a-e_sqrt.o)
 .data.one      0x20000068        0x8 C:/ST/STM32CubeCLT_1.15.1/GNU-tools-for-STM32/bin/../lib/gcc/arm-none-eabi/12.3.1/../../../../arm-none-eabi/lib/thumb/v7e-m+fp/hard\libm.a(libm_a-e_sqrt.o)
                0x20000070                        . = ALIGN (0x4)
                0x20000070                        _edata = .
                0x08007f28                        _siccmram = LOADADDR (.ccmram)

.igot.plt       0x20000070        0x0 load address 0x08007f28
 .igot.plt      0x20000070        0x0 C:/ST/STM32CubeCLT_1.15.1/GNU-tools-for-STM32/bin/../lib/gcc/arm-none-eabi/12.3.1/thumb/v7e-m+fp/hard/crtbegin.o

.ccmram         0x10000000        0x0 load address 0x08007f28
                0x10000000                        . = ALIGN (0x4)
                0x10000000                        _sccmram = .
 *(.ccmram)
 *(.ccmram*)
                0x10000000                        . = ALIGN (0x4)
                0x10000000                        _eccmram = .
                0x10000000                        . = ALIGN (0x4)

.bss            0x20000070      0x3ac
                0x20000070                        _sbss = .
                0x20000070                        __bss_start__ = _sbss
 *(.bss)
 .bss           0x20000070       0x1c C:/ST/STM32CubeCLT_1.15.1/GNU-tools-for-STM32/bin/../lib/gcc/arm-none-eabi/12.3.1/thumb/v7e-m+fp/hard/crtbegin.o
 *(.bss*)
 .bss.__sf      0x2000008c      0x138 C:/ST/STM32CubeCLT_1.15.1/GNU-tools-for-STM32/bin/../lib/gcc/arm-none-eabi/12.3.1/../../../../arm-none-eabi/lib/thumb/v7e-m+fp/hard\libc_nano.a(libc_a-findfp.o)
                0x2000008c                __sf
 .bss.con_cnt   0x200001c4        0x1 CMakeFiles/2024robocon_robot2.dir/Core/Src/wireless_reception.c.obj
 .bss.U1RXbuffer
                0x200001c5        0x1 CMakeFiles/2024robocon_robot2.dir/Core/Src/wireless_reception.c.obj
                0x200001c5                U1RXbuffer
 *fill*         0x200001c6        0x2 
 .bss.controlerVarBuffer
                0x200001c8        0x4 CMakeFiles/2024robocon_robot2.dir/Core/Src/wireless_reception.c.obj
                0x200001c8                controlerVarBuffer
 .bss.controlerFlag
                0x200001cc        0x1 CMakeFiles/2024robocon_robot2.dir/Core/Src/wireless_reception.c.obj
                0x200001cc                controlerFlag
 .bss.lastSwState1.3
                0x200001cd        0x1 CMakeFiles/2024robocon_robot2.dir/Core/Src/robot_pow_operatin.c.obj
 .bss.swState1.2
                0x200001ce        0x1 CMakeFiles/2024robocon_robot2.dir/Core/Src/robot_pow_operatin.c.obj
 *fill*         0x200001cf        0x1 
 .bss.htim2     0x200001d0       0x4c CMakeFiles/2024robocon_robot2.dir/Core/Src/main.c.obj
                0x200001d0                htim2
 .bss.htim3     0x2000021c       0x4c CMakeFiles/2024robocon_robot2.dir/Core/Src/main.c.obj
                0x2000021c                htim3
 .bss.htim6     0x20000268       0x4c CMakeFiles/2024robocon_robot2.dir/Core/Src/main.c.obj
                0x20000268                htim6
 .bss.htim17    0x200002b4       0x4c CMakeFiles/2024robocon_robot2.dir/Core/Src/main.c.obj
                0x200002b4                htim17
 .bss.huart1    0x20000300       0x88 CMakeFiles/2024robocon_robot2.dir/Core/Src/main.c.obj
                0x20000300                huart1
 .bss.huart2    0x20000388       0x88 CMakeFiles/2024robocon_robot2.dir/Core/Src/main.c.obj
                0x20000388                huart2
 .bss.timerCount
                0x20000410        0x4 CMakeFiles/2024robocon_robot2.dir/Core/Src/main.c.obj
                0x20000410                timerCount
 .bss.stateCount
                0x20000414        0x2 CMakeFiles/2024robocon_robot2.dir/Core/Src/main.c.obj
                0x20000414                stateCount
 .bss.timerFlag
                0x20000416        0x1 CMakeFiles/2024robocon_robot2.dir/Core/Src/main.c.obj
                0x20000416                timerFlag
 *fill*         0x20000417        0x1 
 .bss.uwTick    0x20000418        0x4 CMakeFiles/2024robocon_robot2.dir/Drivers/STM32F3xx_HAL_Driver/Src/stm32f3xx_hal.c.obj
                0x20000418                uwTick
 *(COMMON)
                0x2000041c                        . = ALIGN (0x4)
                0x2000041c                        _ebss = .
                0x2000041c                        __bss_end__ = _ebss

._user_heap_stack
                0x2000041c      0x604
                0x20000420                        . = ALIGN (0x8)
 *fill*         0x2000041c        0x4 
                [!provide]                        PROVIDE (end = .)
                0x20000420                        PROVIDE (_end = .)
                0x20000620                        . = (. + _Min_Heap_Size)
 *fill*         0x20000420      0x200 
                0x20000a20                        . = (. + _Min_Stack_Size)
 *fill*         0x20000620      0x400 
                0x20000a20                        . = ALIGN (0x8)

/DISCARD/
 libc.a(*)
 libm.a(*)
 libgcc.a(*)

.ARM.attributes
                0x00000000       0x30
 *(.ARM.attributes)
 .ARM.attributes
                0x00000000       0x22 C:/ST/STM32CubeCLT_1.15.1/GNU-tools-for-STM32/bin/../lib/gcc/arm-none-eabi/12.3.1/thumb/v7e-m+fp/hard/crti.o
 .ARM.attributes
                0x00000022       0x34 C:/ST/STM32CubeCLT_1.15.1/GNU-tools-for-STM32/bin/../lib/gcc/arm-none-eabi/12.3.1/thumb/v7e-m+fp/hard/crtbegin.o
 .ARM.attributes
                0x00000056       0x34 C:/ST/STM32CubeCLT_1.15.1/GNU-tools-for-STM32/bin/../lib/gcc/arm-none-eabi/12.3.1/../../../../arm-none-eabi/lib/thumb/v7e-m+fp/hard\libc_nano.a(libc_a-findfp.o)
 .ARM.attributes
                0x0000008a       0x34 C:/ST/STM32CubeCLT_1.15.1/GNU-tools-for-STM32/bin/../lib/gcc/arm-none-eabi/12.3.1/../../../../arm-none-eabi/lib/thumb/v7e-m+fp/hard\libc_nano.a(libc_a-memset.o)
 .ARM.attributes
                0x000000be       0x34 C:/ST/STM32CubeCLT_1.15.1/GNU-tools-for-STM32/bin/../lib/gcc/arm-none-eabi/12.3.1/../../../../arm-none-eabi/lib/thumb/v7e-m+fp/hard\libc_nano.a(libc_a-impure.o)
 .ARM.attributes
                0x000000f2       0x34 C:/ST/STM32CubeCLT_1.15.1/GNU-tools-for-STM32/bin/../lib/gcc/arm-none-eabi/12.3.1/../../../../arm-none-eabi/lib/thumb/v7e-m+fp/hard\libc_nano.a(libc_a-init.o)
 .ARM.attributes
                0x00000126       0x34 CMakeFiles/2024robocon_robot2.dir/Core/Src/wireless_reception.c.obj
 .ARM.attributes
                0x0000015a       0x34 CMakeFiles/2024robocon_robot2.dir/Core/Src/robot_pow_operatin.c.obj
 .ARM.attributes
                0x0000018e       0x34 CMakeFiles/2024robocon_robot2.dir/Core/Src/main.c.obj
 .ARM.attributes
                0x000001c2       0x34 CMakeFiles/2024robocon_robot2.dir/Core/Src/stm32f3xx_it.c.obj
 .ARM.attributes
                0x000001f6       0x34 CMakeFiles/2024robocon_robot2.dir/Core/Src/stm32f3xx_hal_msp.c.obj
 .ARM.attributes
                0x0000022a       0x34 CMakeFiles/2024robocon_robot2.dir/Drivers/STM32F3xx_HAL_Driver/Src/stm32f3xx_hal_tim.c.obj
 .ARM.attributes
                0x0000025e       0x34 CMakeFiles/2024robocon_robot2.dir/Drivers/STM32F3xx_HAL_Driver/Src/stm32f3xx_hal_tim_ex.c.obj
 .ARM.attributes
                0x00000292       0x34 CMakeFiles/2024robocon_robot2.dir/Drivers/STM32F3xx_HAL_Driver/Src/stm32f3xx_hal.c.obj
 .ARM.attributes
                0x000002c6       0x34 CMakeFiles/2024robocon_robot2.dir/Drivers/STM32F3xx_HAL_Driver/Src/stm32f3xx_hal_rcc.c.obj
 .ARM.attributes
                0x000002fa       0x34 CMakeFiles/2024robocon_robot2.dir/Drivers/STM32F3xx_HAL_Driver/Src/stm32f3xx_hal_rcc_ex.c.obj
 .ARM.attributes
                0x0000032e       0x34 CMakeFiles/2024robocon_robot2.dir/Drivers/STM32F3xx_HAL_Driver/Src/stm32f3xx_hal_gpio.c.obj
 .ARM.attributes
                0x00000362       0x34 CMakeFiles/2024robocon_robot2.dir/Drivers/STM32F3xx_HAL_Driver/Src/stm32f3xx_hal_dma.c.obj
 .ARM.attributes
                0x00000396       0x34 CMakeFiles/2024robocon_robot2.dir/Drivers/STM32F3xx_HAL_Driver/Src/stm32f3xx_hal_cortex.c.obj
 .ARM.attributes
                0x000003ca       0x34 CMakeFiles/2024robocon_robot2.dir/Drivers/STM32F3xx_HAL_Driver/Src/stm32f3xx_hal_uart.c.obj
 .ARM.attributes
                0x000003fe       0x34 CMakeFiles/2024robocon_robot2.dir/Drivers/STM32F3xx_HAL_Driver/Src/stm32f3xx_hal_uart_ex.c.obj
 .ARM.attributes
                0x00000432       0x34 CMakeFiles/2024robocon_robot2.dir/Core/Src/system_stm32f3xx.c.obj
 .ARM.attributes
                0x00000466       0x21 CMakeFiles/2024robocon_robot2.dir/startup_stm32f303x8.s.obj
 .ARM.attributes
                0x00000487       0x22 C:/ST/STM32CubeCLT_1.15.1/GNU-tools-for-STM32/bin/../lib/gcc/arm-none-eabi/12.3.1/thumb/v7e-m+fp/hard\libgcc.a(_arm_addsubdf3.o)
 .ARM.attributes
                0x000004a9       0x22 C:/ST/STM32CubeCLT_1.15.1/GNU-tools-for-STM32/bin/../lib/gcc/arm-none-eabi/12.3.1/thumb/v7e-m+fp/hard\libgcc.a(_arm_muldivdf3.o)
 .ARM.attributes
                0x000004cb       0x22 C:/ST/STM32CubeCLT_1.15.1/GNU-tools-for-STM32/bin/../lib/gcc/arm-none-eabi/12.3.1/thumb/v7e-m+fp/hard\libgcc.a(_arm_cmpdf2.o)
 .ARM.attributes
                0x000004ed       0x22 C:/ST/STM32CubeCLT_1.15.1/GNU-tools-for-STM32/bin/../lib/gcc/arm-none-eabi/12.3.1/thumb/v7e-m+fp/hard\libgcc.a(_arm_fixdfsi.o)
 .ARM.attributes
                0x0000050f       0x34 C:/ST/STM32CubeCLT_1.15.1/GNU-tools-for-STM32/bin/../lib/gcc/arm-none-eabi/12.3.1/../../../../arm-none-eabi/lib/thumb/v7e-m+fp/hard\libg_nano.a(libc_a-errno.o)
 .ARM.attributes
                0x00000543       0x22 C:/ST/STM32CubeCLT_1.15.1/GNU-tools-for-STM32/bin/../lib/gcc/arm-none-eabi/12.3.1/thumb/v7e-m+fp/hard/crtn.o
 .ARM.attributes
                0x00000565       0x34 C:/ST/STM32CubeCLT_1.15.1/GNU-tools-for-STM32/bin/../lib/gcc/arm-none-eabi/12.3.1/../../../../arm-none-eabi/lib/thumb/v7e-m+fp/hard\libm.a(libm_a-w_atan2.o)
 .ARM.attributes
                0x00000599       0x34 C:/ST/STM32CubeCLT_1.15.1/GNU-tools-for-STM32/bin/../lib/gcc/arm-none-eabi/12.3.1/../../../../arm-none-eabi/lib/thumb/v7e-m+fp/hard\libm.a(libm_a-w_hypot.o)
 .ARM.attributes
                0x000005cd       0x34 C:/ST/STM32CubeCLT_1.15.1/GNU-tools-for-STM32/bin/../lib/gcc/arm-none-eabi/12.3.1/../../../../arm-none-eabi/lib/thumb/v7e-m+fp/hard\libm.a(libm_a-s_sin.o)
 .ARM.attributes
                0x00000601       0x34 C:/ST/STM32CubeCLT_1.15.1/GNU-tools-for-STM32/bin/../lib/gcc/arm-none-eabi/12.3.1/../../../../arm-none-eabi/lib/thumb/v7e-m+fp/hard\libm.a(libm_a-s_finite.o)
 .ARM.attributes
                0x00000635       0x34 C:/ST/STM32CubeCLT_1.15.1/GNU-tools-for-STM32/bin/../lib/gcc/arm-none-eabi/12.3.1/../../../../arm-none-eabi/lib/thumb/v7e-m+fp/hard\libm.a(libm_a-k_cos.o)
 .ARM.attributes
                0x00000669       0x34 C:/ST/STM32CubeCLT_1.15.1/GNU-tools-for-STM32/bin/../lib/gcc/arm-none-eabi/12.3.1/../../../../arm-none-eabi/lib/thumb/v7e-m+fp/hard\libm.a(libm_a-k_sin.o)
 .ARM.attributes
                0x0000069d       0x34 C:/ST/STM32CubeCLT_1.15.1/GNU-tools-for-STM32/bin/../lib/gcc/arm-none-eabi/12.3.1/../../../../arm-none-eabi/lib/thumb/v7e-m+fp/hard\libm.a(libm_a-e_atan2.o)
 .ARM.attributes
                0x000006d1       0x34 C:/ST/STM32CubeCLT_1.15.1/GNU-tools-for-STM32/bin/../lib/gcc/arm-none-eabi/12.3.1/../../../../arm-none-eabi/lib/thumb/v7e-m+fp/hard\libm.a(libm_a-e_hypot.o)
 .ARM.attributes
                0x00000705       0x34 C:/ST/STM32CubeCLT_1.15.1/GNU-tools-for-STM32/bin/../lib/gcc/arm-none-eabi/12.3.1/../../../../arm-none-eabi/lib/thumb/v7e-m+fp/hard\libm.a(libm_a-e_rem_pio2.o)
 .ARM.attributes
                0x00000739       0x34 C:/ST/STM32CubeCLT_1.15.1/GNU-tools-for-STM32/bin/../lib/gcc/arm-none-eabi/12.3.1/../../../../arm-none-eabi/lib/thumb/v7e-m+fp/hard\libm.a(libm_a-s_atan.o)
 .ARM.attributes
                0x0000076d       0x34 C:/ST/STM32CubeCLT_1.15.1/GNU-tools-for-STM32/bin/../lib/gcc/arm-none-eabi/12.3.1/../../../../arm-none-eabi/lib/thumb/v7e-m+fp/hard\libm.a(libm_a-s_fabs.o)
 .ARM.attributes
                0x000007a1       0x34 C:/ST/STM32CubeCLT_1.15.1/GNU-tools-for-STM32/bin/../lib/gcc/arm-none-eabi/12.3.1/../../../../arm-none-eabi/lib/thumb/v7e-m+fp/hard\libm.a(libm_a-e_sqrt.o)
 .ARM.attributes
                0x000007d5       0x34 C:/ST/STM32CubeCLT_1.15.1/GNU-tools-for-STM32/bin/../lib/gcc/arm-none-eabi/12.3.1/../../../../arm-none-eabi/lib/thumb/v7e-m+fp/hard\libm.a(libm_a-k_rem_pio2.o)
 .ARM.attributes
                0x00000809       0x34 C:/ST/STM32CubeCLT_1.15.1/GNU-tools-for-STM32/bin/../lib/gcc/arm-none-eabi/12.3.1/../../../../arm-none-eabi/lib/thumb/v7e-m+fp/hard\libm.a(libm_a-s_scalbn.o)
 .ARM.attributes
                0x0000083d       0x34 C:/ST/STM32CubeCLT_1.15.1/GNU-tools-for-STM32/bin/../lib/gcc/arm-none-eabi/12.3.1/../../../../arm-none-eabi/lib/thumb/v7e-m+fp/hard\libm.a(libm_a-s_floor.o)
OUTPUT(2024robocon_robot2.elf elf32-littlearm)
LOAD linker stubs
LOAD C:/ST/STM32CubeCLT_1.15.1/GNU-tools-for-STM32/bin/../lib/gcc/arm-none-eabi/12.3.1/../../../../arm-none-eabi/lib/thumb/v7e-m+fp/hard\libc.a
LOAD C:/ST/STM32CubeCLT_1.15.1/GNU-tools-for-STM32/bin/../lib/gcc/arm-none-eabi/12.3.1/../../../../arm-none-eabi/lib/thumb/v7e-m+fp/hard\libm.a
LOAD C:/ST/STM32CubeCLT_1.15.1/GNU-tools-for-STM32/bin/../lib/gcc/arm-none-eabi/12.3.1/thumb/v7e-m+fp/hard\libgcc.a

.debug_frame    0x00000000     0x3e38
 .debug_frame   0x00000000      0x144 C:/ST/STM32CubeCLT_1.15.1/GNU-tools-for-STM32/bin/../lib/gcc/arm-none-eabi/12.3.1/../../../../arm-none-eabi/lib/thumb/v7e-m+fp/hard\libc_nano.a(libc_a-findfp.o)
 .debug_frame   0x00000144       0x20 C:/ST/STM32CubeCLT_1.15.1/GNU-tools-for-STM32/bin/../lib/gcc/arm-none-eabi/12.3.1/../../../../arm-none-eabi/lib/thumb/v7e-m+fp/hard\libc_nano.a(libc_a-memset.o)
 .debug_frame   0x00000164       0x2c C:/ST/STM32CubeCLT_1.15.1/GNU-tools-for-STM32/bin/../lib/gcc/arm-none-eabi/12.3.1/../../../../arm-none-eabi/lib/thumb/v7e-m+fp/hard\libc_nano.a(libc_a-init.o)
 .debug_frame   0x00000190       0x54 CMakeFiles/2024robocon_robot2.dir/Core/Src/wireless_reception.c.obj
 .debug_frame   0x000001e4       0x88 CMakeFiles/2024robocon_robot2.dir/Core/Src/robot_pow_operatin.c.obj
 .debug_frame   0x0000026c      0x1a8 CMakeFiles/2024robocon_robot2.dir/Core/Src/main.c.obj
 .debug_frame   0x00000414      0x174 CMakeFiles/2024robocon_robot2.dir/Core/Src/stm32f3xx_it.c.obj
 .debug_frame   0x00000588      0x13c CMakeFiles/2024robocon_robot2.dir/Core/Src/stm32f3xx_hal_msp.c.obj
 .debug_frame   0x000006c4     0x121c CMakeFiles/2024robocon_robot2.dir/Drivers/STM32F3xx_HAL_Driver/Src/stm32f3xx_hal_tim.c.obj
 .debug_frame   0x000018e0      0x688 CMakeFiles/2024robocon_robot2.dir/Drivers/STM32F3xx_HAL_Driver/Src/stm32f3xx_hal_tim_ex.c.obj
 .debug_frame   0x00001f68      0x334 CMakeFiles/2024robocon_robot2.dir/Drivers/STM32F3xx_HAL_Driver/Src/stm32f3xx_hal.c.obj
 .debug_frame   0x0000229c      0x214 CMakeFiles/2024robocon_robot2.dir/Drivers/STM32F3xx_HAL_Driver/Src/stm32f3xx_hal_rcc.c.obj
 .debug_frame   0x000024b0       0xac CMakeFiles/2024robocon_robot2.dir/Drivers/STM32F3xx_HAL_Driver/Src/stm32f3xx_hal_rcc_ex.c.obj
 .debug_frame   0x0000255c      0x14c CMakeFiles/2024robocon_robot2.dir/Drivers/STM32F3xx_HAL_Driver/Src/stm32f3xx_hal_gpio.c.obj
 .debug_frame   0x000026a8      0x224 CMakeFiles/2024robocon_robot2.dir/Drivers/STM32F3xx_HAL_Driver/Src/stm32f3xx_hal_dma.c.obj
 .debug_frame   0x000028cc      0x428 CMakeFiles/2024robocon_robot2.dir/Drivers/STM32F3xx_HAL_Driver/Src/stm32f3xx_hal_cortex.c.obj
 .debug_frame   0x00002cf4      0x9e8 CMakeFiles/2024robocon_robot2.dir/Drivers/STM32F3xx_HAL_Driver/Src/stm32f3xx_hal_uart.c.obj
 .debug_frame   0x000036dc      0x1b4 CMakeFiles/2024robocon_robot2.dir/Drivers/STM32F3xx_HAL_Driver/Src/stm32f3xx_hal_uart_ex.c.obj
 .debug_frame   0x00003890       0x58 CMakeFiles/2024robocon_robot2.dir/Core/Src/system_stm32f3xx.c.obj
 .debug_frame   0x000038e8       0xac C:/ST/STM32CubeCLT_1.15.1/GNU-tools-for-STM32/bin/../lib/gcc/arm-none-eabi/12.3.1/thumb/v7e-m+fp/hard\libgcc.a(_arm_addsubdf3.o)
 .debug_frame   0x00003994       0x50 C:/ST/STM32CubeCLT_1.15.1/GNU-tools-for-STM32/bin/../lib/gcc/arm-none-eabi/12.3.1/thumb/v7e-m+fp/hard\libgcc.a(_arm_muldivdf3.o)
 .debug_frame   0x000039e4       0xc4 C:/ST/STM32CubeCLT_1.15.1/GNU-tools-for-STM32/bin/../lib/gcc/arm-none-eabi/12.3.1/thumb/v7e-m+fp/hard\libgcc.a(_arm_cmpdf2.o)
 .debug_frame   0x00003aa8       0x24 C:/ST/STM32CubeCLT_1.15.1/GNU-tools-for-STM32/bin/../lib/gcc/arm-none-eabi/12.3.1/thumb/v7e-m+fp/hard\libgcc.a(_arm_fixdfsi.o)
 .debug_frame   0x00003acc       0x20 C:/ST/STM32CubeCLT_1.15.1/GNU-tools-for-STM32/bin/../lib/gcc/arm-none-eabi/12.3.1/../../../../arm-none-eabi/lib/thumb/v7e-m+fp/hard\libg_nano.a(libc_a-errno.o)
 .debug_frame   0x00003aec       0x20 C:/ST/STM32CubeCLT_1.15.1/GNU-tools-for-STM32/bin/../lib/gcc/arm-none-eabi/12.3.1/../../../../arm-none-eabi/lib/thumb/v7e-m+fp/hard\libm.a(libm_a-w_atan2.o)
 .debug_frame   0x00003b0c       0x4c C:/ST/STM32CubeCLT_1.15.1/GNU-tools-for-STM32/bin/../lib/gcc/arm-none-eabi/12.3.1/../../../../arm-none-eabi/lib/thumb/v7e-m+fp/hard\libm.a(libm_a-w_hypot.o)
 .debug_frame   0x00003b58       0x38 C:/ST/STM32CubeCLT_1.15.1/GNU-tools-for-STM32/bin/../lib/gcc/arm-none-eabi/12.3.1/../../../../arm-none-eabi/lib/thumb/v7e-m+fp/hard\libm.a(libm_a-s_sin.o)
 .debug_frame   0x00003b90       0x28 C:/ST/STM32CubeCLT_1.15.1/GNU-tools-for-STM32/bin/../lib/gcc/arm-none-eabi/12.3.1/../../../../arm-none-eabi/lib/thumb/v7e-m+fp/hard\libm.a(libm_a-s_finite.o)
 .debug_frame   0x00003bb8       0x3c C:/ST/STM32CubeCLT_1.15.1/GNU-tools-for-STM32/bin/../lib/gcc/arm-none-eabi/12.3.1/../../../../arm-none-eabi/lib/thumb/v7e-m+fp/hard\libm.a(libm_a-k_cos.o)
 .debug_frame   0x00003bf4       0x40 C:/ST/STM32CubeCLT_1.15.1/GNU-tools-for-STM32/bin/../lib/gcc/arm-none-eabi/12.3.1/../../../../arm-none-eabi/lib/thumb/v7e-m+fp/hard\libm.a(libm_a-k_sin.o)
 .debug_frame   0x00003c34       0x44 C:/ST/STM32CubeCLT_1.15.1/GNU-tools-for-STM32/bin/../lib/gcc/arm-none-eabi/12.3.1/../../../../arm-none-eabi/lib/thumb/v7e-m+fp/hard\libm.a(libm_a-e_atan2.o)
 .debug_frame   0x00003c78       0x40 C:/ST/STM32CubeCLT_1.15.1/GNU-tools-for-STM32/bin/../lib/gcc/arm-none-eabi/12.3.1/../../../../arm-none-eabi/lib/thumb/v7e-m+fp/hard\libm.a(libm_a-e_hypot.o)
 .debug_frame   0x00003cb8       0x40 C:/ST/STM32CubeCLT_1.15.1/GNU-tools-for-STM32/bin/../lib/gcc/arm-none-eabi/12.3.1/../../../../arm-none-eabi/lib/thumb/v7e-m+fp/hard\libm.a(libm_a-e_rem_pio2.o)
 .debug_frame   0x00003cf8       0x38 C:/ST/STM32CubeCLT_1.15.1/GNU-tools-for-STM32/bin/../lib/gcc/arm-none-eabi/12.3.1/../../../../arm-none-eabi/lib/thumb/v7e-m+fp/hard\libm.a(libm_a-s_atan.o)
 .debug_frame   0x00003d30       0x20 C:/ST/STM32CubeCLT_1.15.1/GNU-tools-for-STM32/bin/../lib/gcc/arm-none-eabi/12.3.1/../../../../arm-none-eabi/lib/thumb/v7e-m+fp/hard\libm.a(libm_a-s_fabs.o)
 .debug_frame   0x00003d50       0x38 C:/ST/STM32CubeCLT_1.15.1/GNU-tools-for-STM32/bin/../lib/gcc/arm-none-eabi/12.3.1/../../../../arm-none-eabi/lib/thumb/v7e-m+fp/hard\libm.a(libm_a-e_sqrt.o)
 .debug_frame   0x00003d88       0x54 C:/ST/STM32CubeCLT_1.15.1/GNU-tools-for-STM32/bin/../lib/gcc/arm-none-eabi/12.3.1/../../../../arm-none-eabi/lib/thumb/v7e-m+fp/hard\libm.a(libm_a-k_rem_pio2.o)
 .debug_frame   0x00003ddc       0x2c C:/ST/STM32CubeCLT_1.15.1/GNU-tools-for-STM32/bin/../lib/gcc/arm-none-eabi/12.3.1/../../../../arm-none-eabi/lib/thumb/v7e-m+fp/hard\libm.a(libm_a-s_scalbn.o)
 .debug_frame   0x00003e08       0x30 C:/ST/STM32CubeCLT_1.15.1/GNU-tools-for-STM32/bin/../lib/gcc/arm-none-eabi/12.3.1/../../../../arm-none-eabi/lib/thumb/v7e-m+fp/hard\libm.a(libm_a-s_floor.o)

.debug_info     0x00000000    0x10c8b
 .debug_info    0x00000000      0x898 CMakeFiles/2024robocon_robot2.dir/Core/Src/wireless_reception.c.obj
 .debug_info    0x00000898      0x976 CMakeFiles/2024robocon_robot2.dir/Core/Src/robot_pow_operatin.c.obj
 .debug_info    0x0000120e     0x14fc CMakeFiles/2024robocon_robot2.dir/Core/Src/main.c.obj
 .debug_info    0x0000270a      0xac0 CMakeFiles/2024robocon_robot2.dir/Core/Src/stm32f3xx_it.c.obj
 .debug_info    0x000031ca      0xffd CMakeFiles/2024robocon_robot2.dir/Core/Src/stm32f3xx_hal_msp.c.obj
 .debug_info    0x000041c7     0x2a52 CMakeFiles/2024robocon_robot2.dir/Drivers/STM32F3xx_HAL_Driver/Src/stm32f3xx_hal_tim.c.obj
 .debug_info    0x00006c19     0x156d CMakeFiles/2024robocon_robot2.dir/Drivers/STM32F3xx_HAL_Driver/Src/stm32f3xx_hal_tim_ex.c.obj
 .debug_info    0x00008186      0x74a CMakeFiles/2024robocon_robot2.dir/Drivers/STM32F3xx_HAL_Driver/Src/stm32f3xx_hal.c.obj
 .debug_info    0x000088d0     0x14f1 CMakeFiles/2024robocon_robot2.dir/Drivers/STM32F3xx_HAL_Driver/Src/stm32f3xx_hal_rcc.c.obj
 .debug_info    0x00009dc1      0x550 CMakeFiles/2024robocon_robot2.dir/Drivers/STM32F3xx_HAL_Driver/Src/stm32f3xx_hal_rcc_ex.c.obj
 .debug_info    0x0000a311      0x6a6 CMakeFiles/2024robocon_robot2.dir/Drivers/STM32F3xx_HAL_Driver/Src/stm32f3xx_hal_gpio.c.obj
 .debug_info    0x0000a9b7      0x6e1 CMakeFiles/2024robocon_robot2.dir/Drivers/STM32F3xx_HAL_Driver/Src/stm32f3xx_hal_dma.c.obj
 .debug_info    0x0000b098      0xa87 CMakeFiles/2024robocon_robot2.dir/Drivers/STM32F3xx_HAL_Driver/Src/stm32f3xx_hal_cortex.c.obj
 .debug_info    0x0000bb1f     0x39a8 CMakeFiles/2024robocon_robot2.dir/Drivers/STM32F3xx_HAL_Driver/Src/stm32f3xx_hal_uart.c.obj
 .debug_info    0x0000f4c7      0xc92 CMakeFiles/2024robocon_robot2.dir/Drivers/STM32F3xx_HAL_Driver/Src/stm32f3xx_hal_uart_ex.c.obj
 .debug_info    0x00010159      0x407 CMakeFiles/2024robocon_robot2.dir/Core/Src/system_stm32f3xx.c.obj
 .debug_info    0x00010560       0x30 CMakeFiles/2024robocon_robot2.dir/startup_stm32f303x8.s.obj
 .debug_info    0x00010590      0x6fb C:/ST/STM32CubeCLT_1.15.1/GNU-tools-for-STM32/bin/../lib/gcc/arm-none-eabi/12.3.1/../../../../arm-none-eabi/lib/thumb/v7e-m+fp/hard\libg_nano.a(libc_a-errno.o)

.debug_abbrev   0x00000000     0x25cb
 .debug_abbrev  0x00000000      0x1b9 CMakeFiles/2024robocon_robot2.dir/Core/Src/wireless_reception.c.obj
 .debug_abbrev  0x000001b9      0x1fd CMakeFiles/2024robocon_robot2.dir/Core/Src/robot_pow_operatin.c.obj
 .debug_abbrev  0x000003b6      0x31a CMakeFiles/2024robocon_robot2.dir/Core/Src/main.c.obj
 .debug_abbrev  0x000006d0      0x19c CMakeFiles/2024robocon_robot2.dir/Core/Src/stm32f3xx_it.c.obj
 .debug_abbrev  0x0000086c      0x222 CMakeFiles/2024robocon_robot2.dir/Core/Src/stm32f3xx_hal_msp.c.obj
 .debug_abbrev  0x00000a8e      0x278 CMakeFiles/2024robocon_robot2.dir/Drivers/STM32F3xx_HAL_Driver/Src/stm32f3xx_hal_tim.c.obj
 .debug_abbrev  0x00000d06      0x283 CMakeFiles/2024robocon_robot2.dir/Drivers/STM32F3xx_HAL_Driver/Src/stm32f3xx_hal_tim_ex.c.obj
 .debug_abbrev  0x00000f89      0x215 CMakeFiles/2024robocon_robot2.dir/Drivers/STM32F3xx_HAL_Driver/Src/stm32f3xx_hal.c.obj
 .debug_abbrev  0x0000119e      0x300 CMakeFiles/2024robocon_robot2.dir/Drivers/STM32F3xx_HAL_Driver/Src/stm32f3xx_hal_rcc.c.obj
 .debug_abbrev  0x0000149e      0x232 CMakeFiles/2024robocon_robot2.dir/Drivers/STM32F3xx_HAL_Driver/Src/stm32f3xx_hal_rcc_ex.c.obj
 .debug_abbrev  0x000016d0      0x1ca CMakeFiles/2024robocon_robot2.dir/Drivers/STM32F3xx_HAL_Driver/Src/stm32f3xx_hal_gpio.c.obj
 .debug_abbrev  0x0000189a      0x20d CMakeFiles/2024robocon_robot2.dir/Drivers/STM32F3xx_HAL_Driver/Src/stm32f3xx_hal_dma.c.obj
 .debug_abbrev  0x00001aa7      0x2f8 CMakeFiles/2024robocon_robot2.dir/Drivers/STM32F3xx_HAL_Driver/Src/stm32f3xx_hal_cortex.c.obj
 .debug_abbrev  0x00001d9f      0x2d1 CMakeFiles/2024robocon_robot2.dir/Drivers/STM32F3xx_HAL_Driver/Src/stm32f3xx_hal_uart.c.obj
 .debug_abbrev  0x00002070      0x2bf CMakeFiles/2024robocon_robot2.dir/Drivers/STM32F3xx_HAL_Driver/Src/stm32f3xx_hal_uart_ex.c.obj
 .debug_abbrev  0x0000232f      0x11a CMakeFiles/2024robocon_robot2.dir/Core/Src/system_stm32f3xx.c.obj
 .debug_abbrev  0x00002449       0x24 CMakeFiles/2024robocon_robot2.dir/startup_stm32f303x8.s.obj
 .debug_abbrev  0x0000246d      0x15e C:/ST/STM32CubeCLT_1.15.1/GNU-tools-for-STM32/bin/../lib/gcc/arm-none-eabi/12.3.1/../../../../arm-none-eabi/lib/thumb/v7e-m+fp/hard\libg_nano.a(libc_a-errno.o)

.debug_aranges  0x00000000      0xd88
 .debug_aranges
                0x00000000       0x28 CMakeFiles/2024robocon_robot2.dir/Core/Src/wireless_reception.c.obj
 .debug_aranges
                0x00000028       0x30 CMakeFiles/2024robocon_robot2.dir/Core/Src/robot_pow_operatin.c.obj
 .debug_aranges
                0x00000058       0x78 CMakeFiles/2024robocon_robot2.dir/Core/Src/main.c.obj
 .debug_aranges
                0x000000d0       0x80 CMakeFiles/2024robocon_robot2.dir/Core/Src/stm32f3xx_it.c.obj
 .debug_aranges
                0x00000150       0x58 CMakeFiles/2024robocon_robot2.dir/Core/Src/stm32f3xx_hal_msp.c.obj
 .debug_aranges
                0x000001a8      0x3e0 CMakeFiles/2024robocon_robot2.dir/Drivers/STM32F3xx_HAL_Driver/Src/stm32f3xx_hal_tim.c.obj
 .debug_aranges
                0x00000588      0x178 CMakeFiles/2024robocon_robot2.dir/Drivers/STM32F3xx_HAL_Driver/Src/stm32f3xx_hal_tim_ex.c.obj
 .debug_aranges
                0x00000700       0xe0 CMakeFiles/2024robocon_robot2.dir/Drivers/STM32F3xx_HAL_Driver/Src/stm32f3xx_hal.c.obj
 .debug_aranges
                0x000007e0       0x88 CMakeFiles/2024robocon_robot2.dir/Drivers/STM32F3xx_HAL_Driver/Src/stm32f3xx_hal_rcc.c.obj
 .debug_aranges
                0x00000868       0x38 CMakeFiles/2024robocon_robot2.dir/Drivers/STM32F3xx_HAL_Driver/Src/stm32f3xx_hal_rcc_ex.c.obj
 .debug_aranges
                0x000008a0       0x58 CMakeFiles/2024robocon_robot2.dir/Drivers/STM32F3xx_HAL_Driver/Src/stm32f3xx_hal_gpio.c.obj
 .debug_aranges
                0x000008f8       0x88 CMakeFiles/2024robocon_robot2.dir/Drivers/STM32F3xx_HAL_Driver/Src/stm32f3xx_hal_dma.c.obj
 .debug_aranges
                0x00000980      0x100 CMakeFiles/2024robocon_robot2.dir/Drivers/STM32F3xx_HAL_Driver/Src/stm32f3xx_hal_cortex.c.obj
 .debug_aranges
                0x00000a80      0x228 CMakeFiles/2024robocon_robot2.dir/Drivers/STM32F3xx_HAL_Driver/Src/stm32f3xx_hal_uart.c.obj
 .debug_aranges
                0x00000ca8       0x70 CMakeFiles/2024robocon_robot2.dir/Drivers/STM32F3xx_HAL_Driver/Src/stm32f3xx_hal_uart_ex.c.obj
 .debug_aranges
                0x00000d18       0x28 CMakeFiles/2024robocon_robot2.dir/Core/Src/system_stm32f3xx.c.obj
 .debug_aranges
                0x00000d40       0x28 CMakeFiles/2024robocon_robot2.dir/startup_stm32f303x8.s.obj
 .debug_aranges
                0x00000d68       0x20 C:/ST/STM32CubeCLT_1.15.1/GNU-tools-for-STM32/bin/../lib/gcc/arm-none-eabi/12.3.1/../../../../arm-none-eabi/lib/thumb/v7e-m+fp/hard\libg_nano.a(libc_a-errno.o)

.debug_rnglists
                0x00000000      0xa92
 .debug_rnglists
                0x00000000       0x1a CMakeFiles/2024robocon_robot2.dir/Core/Src/wireless_reception.c.obj
 .debug_rnglists
                0x0000001a       0x22 CMakeFiles/2024robocon_robot2.dir/Core/Src/robot_pow_operatin.c.obj
 .debug_rnglists
                0x0000003c       0x5b CMakeFiles/2024robocon_robot2.dir/Core/Src/main.c.obj
 .debug_rnglists
                0x00000097       0x5b CMakeFiles/2024robocon_robot2.dir/Core/Src/stm32f3xx_it.c.obj
 .debug_rnglists
                0x000000f2       0x40 CMakeFiles/2024robocon_robot2.dir/Core/Src/stm32f3xx_hal_msp.c.obj
 .debug_rnglists
                0x00000132      0x328 CMakeFiles/2024robocon_robot2.dir/Drivers/STM32F3xx_HAL_Driver/Src/stm32f3xx_hal_tim.c.obj
 .debug_rnglists
                0x0000045a      0x131 CMakeFiles/2024robocon_robot2.dir/Drivers/STM32F3xx_HAL_Driver/Src/stm32f3xx_hal_tim_ex.c.obj
 .debug_rnglists
                0x0000058b       0xa3 CMakeFiles/2024robocon_robot2.dir/Drivers/STM32F3xx_HAL_Driver/Src/stm32f3xx_hal.c.obj
 .debug_rnglists
                0x0000062e       0x66 CMakeFiles/2024robocon_robot2.dir/Drivers/STM32F3xx_HAL_Driver/Src/stm32f3xx_hal_rcc.c.obj
 .debug_rnglists
                0x00000694       0x27 CMakeFiles/2024robocon_robot2.dir/Drivers/STM32F3xx_HAL_Driver/Src/stm32f3xx_hal_rcc_ex.c.obj
 .debug_rnglists
                0x000006bb       0x3f CMakeFiles/2024robocon_robot2.dir/Drivers/STM32F3xx_HAL_Driver/Src/stm32f3xx_hal_gpio.c.obj
 .debug_rnglists
                0x000006fa       0x69 CMakeFiles/2024robocon_robot2.dir/Drivers/STM32F3xx_HAL_Driver/Src/stm32f3xx_hal_dma.c.obj
 .debug_rnglists
                0x00000763       0xbb CMakeFiles/2024robocon_robot2.dir/Drivers/STM32F3xx_HAL_Driver/Src/stm32f3xx_hal_cortex.c.obj
 .debug_rnglists
                0x0000081e      0x1da CMakeFiles/2024robocon_robot2.dir/Drivers/STM32F3xx_HAL_Driver/Src/stm32f3xx_hal_uart.c.obj
 .debug_rnglists
                0x000009f8       0x54 CMakeFiles/2024robocon_robot2.dir/Drivers/STM32F3xx_HAL_Driver/Src/stm32f3xx_hal_uart_ex.c.obj
 .debug_rnglists
                0x00000a4c       0x1a CMakeFiles/2024robocon_robot2.dir/Core/Src/system_stm32f3xx.c.obj
 .debug_rnglists
                0x00000a66       0x19 CMakeFiles/2024robocon_robot2.dir/startup_stm32f303x8.s.obj
 .debug_rnglists
                0x00000a7f       0x13 C:/ST/STM32CubeCLT_1.15.1/GNU-tools-for-STM32/bin/../lib/gcc/arm-none-eabi/12.3.1/../../../../arm-none-eabi/lib/thumb/v7e-m+fp/hard\libg_nano.a(libc_a-errno.o)

.debug_macro    0x00000000    0x1b9e7
 .debug_macro   0x00000000      0x1f4 CMakeFiles/2024robocon_robot2.dir/Core/Src/wireless_reception.c.obj
 .debug_macro   0x000001f4      0xab4 CMakeFiles/2024robocon_robot2.dir/Core/Src/wireless_reception.c.obj
 .debug_macro   0x00000ca8      0x157 CMakeFiles/2024robocon_robot2.dir/Core/Src/wireless_reception.c.obj
 .debug_macro   0x00000dff       0x2e CMakeFiles/2024robocon_robot2.dir/Core/Src/wireless_reception.c.obj
 .debug_macro   0x00000e2d       0x28 CMakeFiles/2024robocon_robot2.dir/Core/Src/wireless_reception.c.obj
 .debug_macro   0x00000e55       0x22 CMakeFiles/2024robocon_robot2.dir/Core/Src/wireless_reception.c.obj
 .debug_macro   0x00000e77       0x8e CMakeFiles/2024robocon_robot2.dir/Core/Src/wireless_reception.c.obj
 .debug_macro   0x00000f05       0x51 CMakeFiles/2024robocon_robot2.dir/Core/Src/wireless_reception.c.obj
 .debug_macro   0x00000f56      0x103 CMakeFiles/2024robocon_robot2.dir/Core/Src/wireless_reception.c.obj
 .debug_macro   0x00001059       0x6a CMakeFiles/2024robocon_robot2.dir/Core/Src/wireless_reception.c.obj
 .debug_macro   0x000010c3      0x1df CMakeFiles/2024robocon_robot2.dir/Core/Src/wireless_reception.c.obj
 .debug_macro   0x000012a2       0x1c CMakeFiles/2024robocon_robot2.dir/Core/Src/wireless_reception.c.obj
 .debug_macro   0x000012be       0x22 CMakeFiles/2024robocon_robot2.dir/Core/Src/wireless_reception.c.obj
 .debug_macro   0x000012e0       0xd9 CMakeFiles/2024robocon_robot2.dir/Core/Src/wireless_reception.c.obj
 .debug_macro   0x000013b9      0xf07 CMakeFiles/2024robocon_robot2.dir/Core/Src/wireless_reception.c.obj
 .debug_macro   0x000022c0    0x10be0 CMakeFiles/2024robocon_robot2.dir/Core/Src/wireless_reception.c.obj
 .debug_macro   0x00012ea0       0x6d CMakeFiles/2024robocon_robot2.dir/Core/Src/wireless_reception.c.obj
 .debug_macro   0x00012f0d     0x3558 CMakeFiles/2024robocon_robot2.dir/Core/Src/wireless_reception.c.obj
 .debug_macro   0x00016465      0x189 CMakeFiles/2024robocon_robot2.dir/Core/Src/wireless_reception.c.obj
 .debug_macro   0x000165ee       0x55 CMakeFiles/2024robocon_robot2.dir/Core/Src/wireless_reception.c.obj
 .debug_macro   0x00016643      0x8f8 CMakeFiles/2024robocon_robot2.dir/Core/Src/wireless_reception.c.obj
 .debug_macro   0x00016f3b      0x304 CMakeFiles/2024robocon_robot2.dir/Core/Src/wireless_reception.c.obj
 .debug_macro   0x0001723f      0x1b5 CMakeFiles/2024robocon_robot2.dir/Core/Src/wireless_reception.c.obj
 .debug_macro   0x000173f4      0x11b CMakeFiles/2024robocon_robot2.dir/Core/Src/wireless_reception.c.obj
 .debug_macro   0x0001750f      0x1d5 CMakeFiles/2024robocon_robot2.dir/Core/Src/wireless_reception.c.obj
 .debug_macro   0x000176e4      0x1bc CMakeFiles/2024robocon_robot2.dir/Core/Src/wireless_reception.c.obj
 .debug_macro   0x000178a0       0x34 CMakeFiles/2024robocon_robot2.dir/Core/Src/wireless_reception.c.obj
 .debug_macro   0x000178d4       0x3c CMakeFiles/2024robocon_robot2.dir/Core/Src/wireless_reception.c.obj
 .debug_macro   0x00017910       0x57 CMakeFiles/2024robocon_robot2.dir/Core/Src/wireless_reception.c.obj
 .debug_macro   0x00017967       0xc5 CMakeFiles/2024robocon_robot2.dir/Core/Src/wireless_reception.c.obj
 .debug_macro   0x00017a2c      0x19f CMakeFiles/2024robocon_robot2.dir/Core/Src/wireless_reception.c.obj
 .debug_macro   0x00017bcb      0x22c CMakeFiles/2024robocon_robot2.dir/Core/Src/wireless_reception.c.obj
 .debug_macro   0x00017df7       0x5b CMakeFiles/2024robocon_robot2.dir/Core/Src/wireless_reception.c.obj
 .debug_macro   0x00017e52       0xa5 CMakeFiles/2024robocon_robot2.dir/Core/Src/wireless_reception.c.obj
 .debug_macro   0x00017ef7       0x81 CMakeFiles/2024robocon_robot2.dir/Core/Src/wireless_reception.c.obj
 .debug_macro   0x00017f78       0xd3 CMakeFiles/2024robocon_robot2.dir/Core/Src/wireless_reception.c.obj
 .debug_macro   0x0001804b      0xa59 CMakeFiles/2024robocon_robot2.dir/Core/Src/wireless_reception.c.obj
 .debug_macro   0x00018aa4       0x59 CMakeFiles/2024robocon_robot2.dir/Core/Src/wireless_reception.c.obj
 .debug_macro   0x00018afd      0x5ba CMakeFiles/2024robocon_robot2.dir/Core/Src/wireless_reception.c.obj
 .debug_macro   0x000190b7       0x44 CMakeFiles/2024robocon_robot2.dir/Core/Src/wireless_reception.c.obj
 .debug_macro   0x000190fb      0x285 CMakeFiles/2024robocon_robot2.dir/Core/Src/wireless_reception.c.obj
 .debug_macro   0x00019380       0xc4 CMakeFiles/2024robocon_robot2.dir/Core/Src/wireless_reception.c.obj
 .debug_macro   0x00019444      0x28a CMakeFiles/2024robocon_robot2.dir/Core/Src/robot_pow_operatin.c.obj
 .debug_macro   0x000196ce       0x74 CMakeFiles/2024robocon_robot2.dir/Core/Src/robot_pow_operatin.c.obj
 .debug_macro   0x00019742       0x2a CMakeFiles/2024robocon_robot2.dir/Core/Src/robot_pow_operatin.c.obj
 .debug_macro   0x0001976c       0x3c CMakeFiles/2024robocon_robot2.dir/Core/Src/robot_pow_operatin.c.obj
 .debug_macro   0x000197a8       0x34 CMakeFiles/2024robocon_robot2.dir/Core/Src/robot_pow_operatin.c.obj
 .debug_macro   0x000197dc       0x16 CMakeFiles/2024robocon_robot2.dir/Core/Src/robot_pow_operatin.c.obj
 .debug_macro   0x000197f2       0x43 CMakeFiles/2024robocon_robot2.dir/Core/Src/robot_pow_operatin.c.obj
 .debug_macro   0x00019835       0x34 CMakeFiles/2024robocon_robot2.dir/Core/Src/robot_pow_operatin.c.obj
 .debug_macro   0x00019869       0x10 CMakeFiles/2024robocon_robot2.dir/Core/Src/robot_pow_operatin.c.obj
 .debug_macro   0x00019879       0x58 CMakeFiles/2024robocon_robot2.dir/Core/Src/robot_pow_operatin.c.obj
 .debug_macro   0x000198d1      0x1de CMakeFiles/2024robocon_robot2.dir/Core/Src/robot_pow_operatin.c.obj
 .debug_macro   0x00019aaf      0x369 CMakeFiles/2024robocon_robot2.dir/Core/Src/robot_pow_operatin.c.obj
 .debug_macro   0x00019e18      0x19b CMakeFiles/2024robocon_robot2.dir/Core/Src/robot_pow_operatin.c.obj
 .debug_macro   0x00019fb3      0x29e CMakeFiles/2024robocon_robot2.dir/Core/Src/main.c.obj
 .debug_macro   0x0001a251      0x1de CMakeFiles/2024robocon_robot2.dir/Core/Src/stm32f3xx_it.c.obj
 .debug_macro   0x0001a42f      0x1d4 CMakeFiles/2024robocon_robot2.dir/Core/Src/stm32f3xx_hal_msp.c.obj
 .debug_macro   0x0001a603      0x1c6 CMakeFiles/2024robocon_robot2.dir/Drivers/STM32F3xx_HAL_Driver/Src/stm32f3xx_hal_tim.c.obj
 .debug_macro   0x0001a7c9      0x1c5 CMakeFiles/2024robocon_robot2.dir/Drivers/STM32F3xx_HAL_Driver/Src/stm32f3xx_hal_tim_ex.c.obj
 .debug_macro   0x0001a98e      0x1e9 CMakeFiles/2024robocon_robot2.dir/Drivers/STM32F3xx_HAL_Driver/Src/stm32f3xx_hal.c.obj
 .debug_macro   0x0001ab77      0x1e9 CMakeFiles/2024robocon_robot2.dir/Drivers/STM32F3xx_HAL_Driver/Src/stm32f3xx_hal_rcc.c.obj
 .debug_macro   0x0001ad60      0x1c5 CMakeFiles/2024robocon_robot2.dir/Drivers/STM32F3xx_HAL_Driver/Src/stm32f3xx_hal_rcc_ex.c.obj
 .debug_macro   0x0001af25      0x1cc CMakeFiles/2024robocon_robot2.dir/Drivers/STM32F3xx_HAL_Driver/Src/stm32f3xx_hal_gpio.c.obj
 .debug_macro   0x0001b0f1      0x1c5 CMakeFiles/2024robocon_robot2.dir/Drivers/STM32F3xx_HAL_Driver/Src/stm32f3xx_hal_dma.c.obj
 .debug_macro   0x0001b2b6      0x1c5 CMakeFiles/2024robocon_robot2.dir/Drivers/STM32F3xx_HAL_Driver/Src/stm32f3xx_hal_cortex.c.obj
 .debug_macro   0x0001b47b      0x1e2 CMakeFiles/2024robocon_robot2.dir/Drivers/STM32F3xx_HAL_Driver/Src/stm32f3xx_hal_uart.c.obj
 .debug_macro   0x0001b65d      0x1c5 CMakeFiles/2024robocon_robot2.dir/Drivers/STM32F3xx_HAL_Driver/Src/stm32f3xx_hal_uart_ex.c.obj
 .debug_macro   0x0001b822      0x1c5 CMakeFiles/2024robocon_robot2.dir/Core/Src/system_stm32f3xx.c.obj

.debug_line     0x00000000    0x110d4
 .debug_line    0x00000000      0x77b CMakeFiles/2024robocon_robot2.dir/Core/Src/wireless_reception.c.obj
 .debug_line    0x0000077b      0x93d CMakeFiles/2024robocon_robot2.dir/Core/Src/robot_pow_operatin.c.obj
 .debug_line    0x000010b8      0xb03 CMakeFiles/2024robocon_robot2.dir/Core/Src/main.c.obj
 .debug_line    0x00001bbb      0x7f3 CMakeFiles/2024robocon_robot2.dir/Core/Src/stm32f3xx_it.c.obj
 .debug_line    0x000023ae      0x89e CMakeFiles/2024robocon_robot2.dir/Core/Src/stm32f3xx_hal_msp.c.obj
 .debug_line    0x00002c4c     0x3c4b CMakeFiles/2024robocon_robot2.dir/Drivers/STM32F3xx_HAL_Driver/Src/stm32f3xx_hal_tim.c.obj
 .debug_line    0x00006897     0x19fe CMakeFiles/2024robocon_robot2.dir/Drivers/STM32F3xx_HAL_Driver/Src/stm32f3xx_hal_tim_ex.c.obj
 .debug_line    0x00008295      0x982 CMakeFiles/2024robocon_robot2.dir/Drivers/STM32F3xx_HAL_Driver/Src/stm32f3xx_hal.c.obj
 .debug_line    0x00008c17     0x1356 CMakeFiles/2024robocon_robot2.dir/Drivers/STM32F3xx_HAL_Driver/Src/stm32f3xx_hal_rcc.c.obj
 .debug_line    0x00009f6d      0xa21 CMakeFiles/2024robocon_robot2.dir/Drivers/STM32F3xx_HAL_Driver/Src/stm32f3xx_hal_rcc_ex.c.obj
 .debug_line    0x0000a98e      0xae5 CMakeFiles/2024robocon_robot2.dir/Drivers/STM32F3xx_HAL_Driver/Src/stm32f3xx_hal_gpio.c.obj
 .debug_line    0x0000b473      0xc6a CMakeFiles/2024robocon_robot2.dir/Drivers/STM32F3xx_HAL_Driver/Src/stm32f3xx_hal_dma.c.obj
 .debug_line    0x0000c0dd      0xb68 CMakeFiles/2024robocon_robot2.dir/Drivers/STM32F3xx_HAL_Driver/Src/stm32f3xx_hal_cortex.c.obj
 .debug_line    0x0000cc45     0x3050 CMakeFiles/2024robocon_robot2.dir/Drivers/STM32F3xx_HAL_Driver/Src/stm32f3xx_hal_uart.c.obj
 .debug_line    0x0000fc95      0xaf6 CMakeFiles/2024robocon_robot2.dir/Drivers/STM32F3xx_HAL_Driver/Src/stm32f3xx_hal_uart_ex.c.obj
 .debug_line    0x0001078b      0x74a CMakeFiles/2024robocon_robot2.dir/Core/Src/system_stm32f3xx.c.obj
 .debug_line    0x00010ed5       0x7a CMakeFiles/2024robocon_robot2.dir/startup_stm32f303x8.s.obj
 .debug_line    0x00010f4f      0x185 C:/ST/STM32CubeCLT_1.15.1/GNU-tools-for-STM32/bin/../lib/gcc/arm-none-eabi/12.3.1/../../../../arm-none-eabi/lib/thumb/v7e-m+fp/hard\libg_nano.a(libc_a-errno.o)

.debug_str      0x00000000    0xa4ae4
 .debug_str     0x00000000    0x9da9d CMakeFiles/2024robocon_robot2.dir/Core/Src/wireless_reception.c.obj
                              0x9dd78 (size before relaxing)
 .debug_str     0x0009da9d     0x3687 CMakeFiles/2024robocon_robot2.dir/Core/Src/robot_pow_operatin.c.obj
                              0xa1140 (size before relaxing)
 .debug_str     0x000a1124      0x649 CMakeFiles/2024robocon_robot2.dir/Core/Src/main.c.obj
                              0xa19ce (size before relaxing)
 .debug_str     0x000a176d      0x12b CMakeFiles/2024robocon_robot2.dir/Core/Src/stm32f3xx_it.c.obj
                              0x9e021 (size before relaxing)
 .debug_str     0x000a1898      0x363 CMakeFiles/2024robocon_robot2.dir/Core/Src/stm32f3xx_hal_msp.c.obj
                              0x9e3a1 (size before relaxing)
 .debug_str     0x000a1bfb      0xdc7 CMakeFiles/2024robocon_robot2.dir/Drivers/STM32F3xx_HAL_Driver/Src/stm32f3xx_hal_tim.c.obj
                              0x9e9e6 (size before relaxing)
 .debug_str     0x000a29c2      0x419 CMakeFiles/2024robocon_robot2.dir/Drivers/STM32F3xx_HAL_Driver/Src/stm32f3xx_hal_tim_ex.c.obj
                              0x9e23c (size before relaxing)
 .debug_str     0x000a2ddb      0x3c8 CMakeFiles/2024robocon_robot2.dir/Drivers/STM32F3xx_HAL_Driver/Src/stm32f3xx_hal.c.obj
                              0x9dcaf (size before relaxing)
 .debug_str     0x000a31a3      0x2fd CMakeFiles/2024robocon_robot2.dir/Drivers/STM32F3xx_HAL_Driver/Src/stm32f3xx_hal_rcc.c.obj
                              0x9da5f (size before relaxing)
 .debug_str     0x000a34a0       0xdf CMakeFiles/2024robocon_robot2.dir/Drivers/STM32F3xx_HAL_Driver/Src/stm32f3xx_hal_rcc_ex.c.obj
                              0x9d75e (size before relaxing)
 .debug_str     0x000a357f      0x1b4 CMakeFiles/2024robocon_robot2.dir/Drivers/STM32F3xx_HAL_Driver/Src/stm32f3xx_hal_gpio.c.obj
                              0x9d79e (size before relaxing)
 .debug_str     0x000a3733      0x232 CMakeFiles/2024robocon_robot2.dir/Drivers/STM32F3xx_HAL_Driver/Src/stm32f3xx_hal_dma.c.obj
                              0x9d907 (size before relaxing)
 .debug_str     0x000a3965      0x28d CMakeFiles/2024robocon_robot2.dir/Drivers/STM32F3xx_HAL_Driver/Src/stm32f3xx_hal_cortex.c.obj
                              0x9dbd4 (size before relaxing)
 .debug_str     0x000a3bf2      0x816 CMakeFiles/2024robocon_robot2.dir/Drivers/STM32F3xx_HAL_Driver/Src/stm32f3xx_hal_uart.c.obj
                              0x9e2e2 (size before relaxing)
 .debug_str     0x000a4408      0x1cf CMakeFiles/2024robocon_robot2.dir/Drivers/STM32F3xx_HAL_Driver/Src/stm32f3xx_hal_uart_ex.c.obj
                              0x9dbe7 (size before relaxing)
 .debug_str     0x000a45d7       0x6c CMakeFiles/2024robocon_robot2.dir/Core/Src/system_stm32f3xx.c.obj
                              0x9d5bf (size before relaxing)
 .debug_str     0x000a4643       0x4c CMakeFiles/2024robocon_robot2.dir/startup_stm32f303x8.s.obj
                                 0x72 (size before relaxing)
 .debug_str     0x000a468f      0x455 C:/ST/STM32CubeCLT_1.15.1/GNU-tools-for-STM32/bin/../lib/gcc/arm-none-eabi/12.3.1/../../../../arm-none-eabi/lib/thumb/v7e-m+fp/hard\libg_nano.a(libc_a-errno.o)
                                0x52b (size before relaxing)

.comment        0x00000000       0x43
 .comment       0x00000000       0x43 CMakeFiles/2024robocon_robot2.dir/Core/Src/wireless_reception.c.obj
                                 0x44 (size before relaxing)
 .comment       0x00000043       0x44 CMakeFiles/2024robocon_robot2.dir/Core/Src/robot_pow_operatin.c.obj
 .comment       0x00000043       0x44 CMakeFiles/2024robocon_robot2.dir/Core/Src/main.c.obj
 .comment       0x00000043       0x44 CMakeFiles/2024robocon_robot2.dir/Core/Src/stm32f3xx_it.c.obj
 .comment       0x00000043       0x44 CMakeFiles/2024robocon_robot2.dir/Core/Src/stm32f3xx_hal_msp.c.obj
 .comment       0x00000043       0x44 CMakeFiles/2024robocon_robot2.dir/Drivers/STM32F3xx_HAL_Driver/Src/stm32f3xx_hal_tim.c.obj
 .comment       0x00000043       0x44 CMakeFiles/2024robocon_robot2.dir/Drivers/STM32F3xx_HAL_Driver/Src/stm32f3xx_hal_tim_ex.c.obj
 .comment       0x00000043       0x44 CMakeFiles/2024robocon_robot2.dir/Drivers/STM32F3xx_HAL_Driver/Src/stm32f3xx_hal.c.obj
 .comment       0x00000043       0x44 CMakeFiles/2024robocon_robot2.dir/Drivers/STM32F3xx_HAL_Driver/Src/stm32f3xx_hal_rcc.c.obj
 .comment       0x00000043       0x44 CMakeFiles/2024robocon_robot2.dir/Drivers/STM32F3xx_HAL_Driver/Src/stm32f3xx_hal_rcc_ex.c.obj
 .comment       0x00000043       0x44 CMakeFiles/2024robocon_robot2.dir/Drivers/STM32F3xx_HAL_Driver/Src/stm32f3xx_hal_gpio.c.obj
 .comment       0x00000043       0x44 CMakeFiles/2024robocon_robot2.dir/Drivers/STM32F3xx_HAL_Driver/Src/stm32f3xx_hal_dma.c.obj
 .comment       0x00000043       0x44 CMakeFiles/2024robocon_robot2.dir/Drivers/STM32F3xx_HAL_Driver/Src/stm32f3xx_hal_cortex.c.obj
 .comment       0x00000043       0x44 CMakeFiles/2024robocon_robot2.dir/Drivers/STM32F3xx_HAL_Driver/Src/stm32f3xx_hal_uart.c.obj
 .comment       0x00000043       0x44 CMakeFiles/2024robocon_robot2.dir/Drivers/STM32F3xx_HAL_Driver/Src/stm32f3xx_hal_uart_ex.c.obj
 .comment       0x00000043       0x44 CMakeFiles/2024robocon_robot2.dir/Core/Src/system_stm32f3xx.c.obj
 .comment       0x00000043       0x44 C:/ST/STM32CubeCLT_1.15.1/GNU-tools-for-STM32/bin/../lib/gcc/arm-none-eabi/12.3.1/../../../../arm-none-eabi/lib/thumb/v7e-m+fp/hard\libg_nano.a(libc_a-errno.o)

.debug_line_str
                0x00000000       0x56
 .debug_line_str
                0x00000000       0x56 CMakeFiles/2024robocon_robot2.dir/startup_stm32f303x8.s.obj
